<html>
<body>
<pre>
<h1>µVision Build Log</h1>
<h2>Tool Versions:</h2>
IDE-Version: •ÏVision V5.42.0.0
Copyright (C) 2025 ARM Ltd and ARM Germany GmbH. All rights reserved.
License Information: Jinyong Jang, gachon universtiy, LIC=----
 
Tool Versions:
Toolchain:       MDK-Lite  Version: 5.42.0.0
Toolchain Path:  C:\Users\jinyo\AppData\Local\Keil_v5\ARM\ARMCLANG\Bin
C Compiler:      ArmClang.exe V6.23
Assembler:       Armasm.exe V6.23
Linker/Locator:  ArmLink.exe V6.23
Library Manager: ArmAr.exe V6.23
Hex Converter:   FromElf.exe V6.23
CPU DLL:         SARMCM3.DLL V5.42.0.0
Dialog DLL:      DCM.DLL V1.17.5.0
Target DLL:      STLink\ST-LINKIII-KEIL_SWO.dll V3.3.0.0
Dialog DLL:      TCM.DLL V1.56.6.0
 
<h2>Project:</h2>
C:\Users\jinyo\Downloads\Morse_code_in_stm32\Morse_code_in_stm32\NUCLEO-L476RG_STLink_UART_Printf\project.uvprojx
Project File Date:  06/16/2025

<h2>Output:</h2>
*** Using Compiler 'V6.23', folder: 'C:\Users\jinyo\AppData\Local\Keil_v5\ARM\ARMCLANG\Bin'
Build target 'Target 1'
compiling ring_buffer.c...
compiling LED.c...
compiling Char_to_Morse.c...
main.c(33): warning: format specifies type 'char *' but the argument has type 'char (*)[100]' [-Wformat]
   33 |         scanf ("%[^\n]%*c", &rxByte);
      |                 ~~~~        ^~~~~~~
main.c(35): warning: comparison between pointer and integer ('char *' and 'int') [-Wpointer-integer-compare]
   35 |         if (rxByte == '1'){
      |             ~~~~~~ ^  ~~~
main.c(41): warning: comparison between pointer and integer ('char *' and 'int') [-Wpointer-integer-compare]
   41 |         else if (rxByte == '2'){
      |                  ~~~~~~ ^  ~~~
3 warnings generated.
compiling main.c...
linking...
Program Size: Code=2122 RO-data=898 RW-data=0 ZI-data=1640  
FromELF: creating hex file...
".\Objects\project.axf" - 0 Error(s), 3 Warning(s).

<h2>Software Packages used:</h2>

Package Vendor: ARM
                http://www.keil.com/pack/ARM.CMSIS.5.9.0.pack
                ARM::CMSIS@5.9.0
                CMSIS (Common Microcontroller Software Interface Standard)
   * Component: CORE Version: 5.6.0

Package Vendor: Keil
                https://www.keil.com/pack/Keil.STM32L4xx_DFP.2.6.2.pack
                Keil::STM32L4xx_DFP@2.6.2
                STMicroelectronics STM32L4 Series Device Support, Drivers and Examples

<h2>Collection of Component include folders:</h2>
  ./RTE/_Target_1
  C:/Users/jinyo/AppData/Local/Arm/Packs/ARM/CMSIS/5.9.0/CMSIS/Core/Include
  C:/Users/jinyo/AppData/Local/Arm/Packs/Keil/STM32L4xx_DFP/2.6.2/Drivers/CMSIS/Device/ST/STM32L4xx/Include

<h2>Collection of Component Files used:</h2>

   * Component: ARM::CMSIS:CORE@5.6.0
Build Time Elapsed:  00:00:01
</pre>
</body>
</html>
