Component: Arm Compiler for Embedded 6.23 Tool: armlink [5f102400]

==============================================================================

Section Cross References

    main.o(.text.UART_input_handler) refers to main.o(.rodata.str1.1) for .L.str
    main.o(.text.UART_input_handler) refers to printf.o(.text) for printf
    main.o(.text.UART_input_handler) refers to scanf.o(.text) for scanf
    main.o(.text.UART_input_handler) refers to led.o(.text.LED_On) for LED_On
    main.o(.text.UART_input_handler) refers to systimer.o(.text.delay) for delay
    main.o(.text.UART_input_handler) refers to led.o(.text.LED_Off) for LED_Off
    main.o(.ARM.exidx.text.UART_input_handler) refers to main.o(.text.UART_input_handler) for [Anonymous Symbol]
    main.o(.text.UART_print_Done) refers to main.o(.bss.buffer) for buffer
    main.o(.text.UART_print_Done) refers to main.o(.rodata.str1.1) for .L.str.3
    main.o(.text.UART_print_Done) refers to sprintf.o(.text) for sprintf
    main.o(.text.UART_print_Done) refers to uart.o(.text.USART_Write) for USART_Write
    main.o(.ARM.exidx.text.UART_print_Done) refers to main.o(.text.UART_print_Done) for [Anonymous Symbol]
    main.o(.text.main) refers to sysclock.o(.text.System_Clock_Init) for System_Clock_Init
    main.o(.text.main) refers to systimer.o(.text.SysTick_Init) for SysTick_Init
    main.o(.text.main) refers to led.o(.text.LED_Init) for LED_Init
    main.o(.text.main) refers to uart.o(.text.UART2_Init) for UART2_Init
    main.o(.text.main) refers to main.o(.rodata.str1.1) for .L.str.4
    main.o(.text.main) refers to char_to_morse.o(.text.send_morse_string) for send_morse_string
    main.o(.text.main) refers to char_to_morse.o(.text.unit_delay) for unit_delay
    main.o(.ARM.exidx.text.main) refers to main.o(.text.main) for [Anonymous Symbol]
    startup_stm32l476xx.o(STACK) refers (Special) to heapauxi.o(.text) for __use_two_region_memory
    startup_stm32l476xx.o(HEAP) refers (Special) to heapauxi.o(.text) for __use_two_region_memory
    startup_stm32l476xx.o(RESET) refers (Special) to heapauxi.o(.text) for __use_two_region_memory
    startup_stm32l476xx.o(RESET) refers to startup_stm32l476xx.o(STACK) for __initial_sp
    startup_stm32l476xx.o(RESET) refers to startup_stm32l476xx.o(.text) for Reset_Handler
    startup_stm32l476xx.o(RESET) refers to systimer.o(.text.SysTick_Handler) for SysTick_Handler
    startup_stm32l476xx.o(.text) refers (Special) to heapauxi.o(.text) for __use_two_region_memory
    startup_stm32l476xx.o(.text) refers to __main.o(!!!main) for __main
    startup_stm32l476xx.o(.text) refers to startup_stm32l476xx.o(HEAP) for Heap_Mem
    startup_stm32l476xx.o(.text) refers to startup_stm32l476xx.o(STACK) for Stack_Mem
    led.o(.ARM.exidx.text.LED_Init) refers to led.o(.text.LED_Init) for [Anonymous Symbol]
    led.o(.ARM.exidx.text.LED_On) refers to led.o(.text.LED_On) for [Anonymous Symbol]
    led.o(.ARM.exidx.text.LED_Off) refers to led.o(.text.LED_Off) for [Anonymous Symbol]
    led.o(.ARM.exidx.text.LED_Toggle) refers to led.o(.text.LED_Toggle) for [Anonymous Symbol]
    sysclock.o(.ARM.exidx.text.System_Clock_Init) refers to sysclock.o(.text.System_Clock_Init) for [Anonymous Symbol]
    uart.o(.text.UART2_Init) refers to uart.o(.text.UART2_GPIO_Init) for UART2_GPIO_Init
    uart.o(.text.UART2_Init) refers to uart.o(.text.USART_Init) for USART_Init
    uart.o(.ARM.exidx.text.UART2_Init) refers to uart.o(.text.UART2_Init) for [Anonymous Symbol]
    uart.o(.ARM.exidx.text.UART2_GPIO_Init) refers to uart.o(.text.UART2_GPIO_Init) for [Anonymous Symbol]
    uart.o(.ARM.exidx.text.USART_Init) refers to uart.o(.text.USART_Init) for [Anonymous Symbol]
    uart.o(.ARM.exidx.text.USART_Read) refers to uart.o(.text.USART_Read) for [Anonymous Symbol]
    uart.o(.text.USART_Write) refers to uart.o(.text.USART_Delay) for USART_Delay
    uart.o(.ARM.exidx.text.USART_Write) refers to uart.o(.text.USART_Write) for [Anonymous Symbol]
    uart.o(.ARM.exidx.text.USART_Delay) refers to uart.o(.text.USART_Delay) for [Anonymous Symbol]
    uart.o(.ARM.exidx.text.USART_IRQHandler) refers to uart.o(.text.USART_IRQHandler) for [Anonymous Symbol]
    uart_printf.o(.text.fputc) refers to uart.o(.text.USART_Write) for USART_Write
    uart_printf.o(.ARM.exidx.text.fputc) refers to uart_printf.o(.text.fputc) for [Anonymous Symbol]
    uart_printf.o(.text.fgetc) refers to uart.o(.text.USART_Read) for USART_Read
    uart_printf.o(.ARM.exidx.text.fgetc) refers to uart_printf.o(.text.fgetc) for [Anonymous Symbol]
    systimer.o(.text.SysTick_Init) refers to systimer.o(.text.__NVIC_SetPriority) for __NVIC_SetPriority
    systimer.o(.text.SysTick_Init) refers to systimer.o(.text.__NVIC_EnableIRQ) for __NVIC_EnableIRQ
    systimer.o(.ARM.exidx.text.SysTick_Init) refers to systimer.o(.text.SysTick_Init) for [Anonymous Symbol]
    systimer.o(.ARM.exidx.text.__NVIC_SetPriority) refers to systimer.o(.text.__NVIC_SetPriority) for [Anonymous Symbol]
[...]
    _scanf.o(.text) refers (Weak) to _scanf_str.o(.text) for _scanf_string
    _scanf.o(.text) refers (Weak) to _scanf_wctomb.o(.text) for _scanf_wctomb
    bigflt0.o(.text) refers (Special) to usenofp.o(x$fpl$usenofp) for __I$use$fp
    bigflt0.o(.text) refers to btod.o(CL$$btod_emul) for _btod_emul
    bigflt0.o(.text) refers to btod.o(CL$$btod_ediv) for _btod_ediv
    bigflt0.o(.text) refers to bigflt0.o(.constdata) for .constdata
    bigflt0.o(.constdata) refers (Special) to usenofp.o(x$fpl$usenofp) for __I$use$fp
    btod.o(CL$$btod_d2e) refers (Special) to usenofp.o(x$fpl$usenofp) for __I$use$fp
    btod.o(CL$$btod_d2e) refers to btod.o(CL$$btod_d2e_norm_op1) for _d2e_norm_op1
    btod.o(CL$$btod_d2e_norm_op1) refers (Special) to usenofp.o(x$fpl$usenofp) for __I$use$fp
    btod.o(CL$$btod_d2e_norm_op1) refers to btod.o(CL$$btod_d2e_denorm_low) for _d2e_denorm_low
    btod.o(CL$$btod_d2e_denorm_low) refers (Special) to usenofp.o(x$fpl$usenofp) for __I$use$fp
    btod.o(CL$$btod_emul) refers (Special) to usenofp.o(x$fpl$usenofp) for __I$use$fp
    btod.o(CL$$btod_emul) refers to btod.o(CL$$btod_mult_common) for __btod_mult_common
    btod.o(CL$$btod_emul) refers to btod.o(CL$$btod_e2e) for _e2e
    btod.o(CL$$btod_ediv) refers (Special) to usenofp.o(x$fpl$usenofp) for __I$use$fp
    btod.o(CL$$btod_ediv) refers to btod.o(CL$$btod_div_common) for __btod_div_common
    btod.o(CL$$btod_ediv) refers to btod.o(CL$$btod_e2e) for _e2e
    btod.o(CL$$btod_emuld) refers (Special) to usenofp.o(x$fpl$usenofp) for __I$use$fp
    btod.o(CL$$btod_emuld) refers to btod.o(CL$$btod_mult_common) for __btod_mult_common
    btod.o(CL$$btod_emuld) refers to btod.o(CL$$btod_e2d) for _e2d
    btod.o(CL$$btod_edivd) refers (Special) to usenofp.o(x$fpl$usenofp) for __I$use$fp
    btod.o(CL$$btod_edivd) refers to btod.o(CL$$btod_div_common) for __btod_div_common
    btod.o(CL$$btod_edivd) refers to btod.o(CL$$btod_e2d) for _e2d
    btod.o(CL$$btod_e2e) refers (Special) to usenofp.o(x$fpl$usenofp) for __I$use$fp
    btod.o(CL$$btod_e2d) refers (Special) to usenofp.o(x$fpl$usenofp) for __I$use$fp
    btod.o(CL$$btod_e2d) refers to btod.o(CL$$btod_e2e) for _e2e
    btod.o(CL$$btod_mult_common) refers (Special) to usenofp.o(x$fpl$usenofp) for __I$use$fp
    btod.o(CL$$btod_div_common) refers (Special) to usenofp.o(x$fpl$usenofp) for __I$use$fp
    btod_accurate.o(.text) refers to btod_accurate_common.o(.text) for _btod_common
    dtob_accurate.o(.text) refers to llshl.o(.text) for __aeabi_llsl
    dtob_accurate.o(.text) refers to btod_accurate_common.o(.text) for _btod_pow
    dtob_accurate.o(.text) refers to dtob_accurate.o(.constdata) for .constdata
    lc_numeric_c.o(locale$$data) refers (Special) to libinit2.o(.ARM.Collect$$libinit$$00000018) for __rt_lib_init_lc_numeric_2
    lc_numeric_c.o(locale$$code) refers (Special) to libinit2.o(.ARM.Collect$$libinit$$00000018) for __rt_lib_init_lc_numeric_2
    lc_numeric_c.o(locale$$code) refers to strcmpv7em.o(.text) for strcmp
    lc_numeric_c.o(locale$$code) refers to lc_numeric_c.o(locale$$data) for __lcnum_c_name
    exit.o(.text) refers to rtexit.o(.ARM.Collect$$rtexit$$00000000) for __rt_exit
    libinit.o(.ARM.Collect$$libinit$$00000000) refers (Special) to libinit2.o(.ARM.Collect$$libinit$$00000030) for __rt_lib_init_alloca_1
    libinit.o(.ARM.Collect$$libinit$$00000000) refers (Special) to libinit2.o(.ARM.Collect$$libinit$$0000002E) for __rt_lib_init_argv_1
    libinit.o(.ARM.Collect$$libinit$$00000000) refers (Special) to libinit2.o(.ARM.Collect$$libinit$$0000001D) for __rt_lib_init_atexit_1
    libinit.o(.ARM.Collect$$libinit$$00000000) refers (Special) to libinit2.o(.ARM.Collect$$libinit$$00000023) for __rt_lib_init_clock_1
    libinit.o(.ARM.Collect$$libinit$$00000000) refers (Special) to libinit2.o(.ARM.Collect$$libinit$$00000034) for __rt_lib_init_cpp_1
    libinit.o(.ARM.Collect$$libinit$$00000000) refers (Special) to libinit2.o(.ARM.Collect$$libinit$$00000032) for __rt_lib_init_exceptions_1
    libinit.o(.ARM.Collect$$libinit$$00000000) refers (Special) to libinit2.o(.ARM.Collect$$libinit$$00000001) for __rt_lib_init_fp_1
    libinit.o(.ARM.Collect$$libinit$$00000000) refers (Special) to libinit2.o(.ARM.Collect$$libinit$$00000021) for __rt_lib_init_fp_trap_1
    libinit.o(.ARM.Collect$$libinit$$00000000) refers (Special) to libinit2.o(.ARM.Collect$$libinit$$00000025) for __rt_lib_init_getenv_1
    libinit.o(.ARM.Collect$$libinit$$00000000) refers (Special) to libinit2.o(.ARM.Collect$$libinit$$0000000C) for __rt_lib_init_heap_1
    libinit.o(.ARM.Collect$$libinit$$00000000) refers (Special) to libinit2.o(.ARM.Collect$$libinit$$00000013) for __rt_lib_init_lc_collate_1
    libinit.o(.ARM.Collect$$libinit$$00000000) refers (Special) to libinit2.o(.ARM.Collect$$libinit$$00000015) for __rt_lib_init_lc_ctype_1
    libinit.o(.ARM.Collect$$libinit$$00000000) refers (Special) to libinit2.o(.ARM.Collect$$libinit$$00000017) for __rt_lib_init_lc_monetary_1
    libinit.o(.ARM.Collect$$libinit$$00000000) refers (Special) to libinit2.o(.ARM.Collect$$libinit$$00000019) for __rt_lib_init_lc_numeric_1
    libinit.o(.ARM.Collect$$libinit$$00000000) refers (Special) to libinit2.o(.ARM.Collect$$libinit$$0000001B) for __rt_lib_init_lc_time_1
    libinit.o(.ARM.Collect$$libinit$$00000000) refers (Special) to libinit2.o(.ARM.Collect$$libinit$$00000006) for __rt_lib_init_preinit_1
    libinit.o(.ARM.Collect$$libinit$$00000000) refers (Special) to libinit2.o(.ARM.Collect$$libinit$$00000010) for __rt_lib_init_rand_1
    libinit.o(.ARM.Collect$$libinit$$00000000) refers (Special) to libinit2.o(.ARM.Collect$$libinit$$00000004) for __rt_lib_init_relocate_pie_1
    libinit.o(.ARM.Collect$$libinit$$00000000) refers (Special) to libinit2.o(.ARM.Collect$$libinit$$00000035) for __rt_lib_init_return
    libinit.o(.ARM.Collect$$libinit$$00000000) refers (Special) to libinit2.o(.ARM.Collect$$libinit$$0000001F) for __rt_lib_init_signal_1
    libinit.o(.ARM.Collect$$libinit$$00000000) refers (Special) to libinit2.o(.ARM.Collect$$libinit$$00000027) for __rt_lib_init_stdio_1
    libinit.o(.ARM.Collect$$libinit$$00000000) refers (Special) to libinit2.o(.ARM.Collect$$libinit$$0000000E) for __rt_lib_init_user_alloc_1
    fpconst.o(c$$dinf) refers (Special) to usenofp.o(x$fpl$usenofp) for __I$use$fp
    fpconst.o(c$$dnan) refers (Special) to usenofp.o(x$fpl$usenofp) for __I$use$fp
    fpconst.o(c$$finf) refers (Special) to usenofp.o(x$fpl$usenofp) for __I$use$fp
    fpconst.o(c$$dmax) refers (Special) to usenofp.o(x$fpl$usenofp) for __I$use$fp
    istatus.o(x$fpl$ieeestatus) refers (Special) to usenofp.o(x$fpl$usenofp) for __I$use$fp
    scanf2.o(x$fpl$scanf2) refers to scanf_hexfp.o(.text) for _scanf_really_hex_real
    scanf2.o(x$fpl$scanf2) refers to scanf_infnan.o(.text) for _scanf_really_infnan
    scanf2b.o(x$fpl$scanf2) refers to scanf_hexfp.o(.text) for _scanf_really_hex_real
    scanf2b.o(x$fpl$scanf2) refers to scanf_infnan.o(.text) for _scanf_really_infnan
    fpclassify.o(i.__ARM_fpclassify) refers (Special) to usenofp.o(x$fpl$usenofp) for __I$use$fp
    narrow.o(i.__hardfp___mathlib_tofloat) refers (Special) to usenofp.o(x$fpl$usenofp) for __I$use$fp
    narrow.o(i.__hardfp___mathlib_tofloat) refers to frexp.o(i.frexp) for frexp
    narrow.o(i.__hardfp___mathlib_tofloat) refers to deqf.o(x$fpl$deqf) for __aeabi_cdcmpeq
    narrow.o(i.__hardfp___mathlib_tofloat) refers to d2f.o(x$fpl$d2f) for __aeabi_d2f
    narrow.o(i.__hardfp___mathlib_tofloat) refers to _rserrno.o(.text) for __set_errno
    narrow.o(i.__hardfp___mathlib_tofloat) refers to drleqf.o(x$fpl$drleqf) for __aeabi_cdrcmple
    narrow.o(i.__mathlib_narrow) refers (Special) to usenofp.o(x$fpl$usenofp) for __I$use$fp
    narrow.o(i.__mathlib_narrow) refers to narrow.o(i.__hardfp___mathlib_tofloat) for __hardfp___mathlib_tofloat
    narrow.o(i.__mathlib_tofloat) refers (Special) to usenofp.o(x$fpl$usenofp) for __I$use$fp
    narrow.o(i.__mathlib_tofloat) refers to narrow.o(i.__hardfp___mathlib_tofloat) for __hardfp___mathlib_tofloat
    narrow.o(i.__softfp___mathlib_tofloat) refers (Special) to usenofp.o(x$fpl$usenofp) for __I$use$fp
    narrow.o(i.__softfp___mathlib_tofloat) refers to narrow.o(i.__hardfp___mathlib_tofloat) for __hardfp___mathlib_tofloat
    libspace.o(.text) refers to libspace.o(.bss) for __libspace_start
    rtexit.o(.ARM.Collect$$rtexit$$00000000) refers (Special) to rtexit2.o(.ARM.Collect$$rtexit$$00000004) for __rt_exit_exit
    rtexit.o(.ARM.Collect$$rtexit$$00000000) refers (Special) to rtexit2.o(.ARM.Collect$$rtexit$$00000003) for __rt_exit_ls
    rtexit.o(.ARM.Collect$$rtexit$$00000000) refers (Special) to rtexit2.o(.ARM.Collect$$rtexit$$00000002) for __rt_exit_prels_1
    rtexit.o(.ARM.exidx) refers (Special) to rtexit2.o(.ARM.Collect$$rtexit$$00000004) for __rt_exit_exit
    rtexit.o(.ARM.exidx) refers (Special) to rtexit2.o(.ARM.Collect$$rtexit$$00000003) for __rt_exit_ls
    rtexit.o(.ARM.exidx) refers (Special) to rtexit2.o(.ARM.Collect$$rtexit$$00000002) for __rt_exit_prels_1
    rtexit.o(.ARM.exidx) refers to rtexit.o(.ARM.Collect$$rtexit$$00000000) for .ARM.Collect$$rtexit$$00000000
    _rserrno.o(.text) refers to rt_errno_addr_intlibspace.o(.text) for __aeabi_errno_addr
    scanf_hexfp.o(.text) refers to _chval.o(.text) for _chval
    scanf_hexfp.o(.text) refers to llshl.o(.text) for __aeabi_llsl
    scanf_hexfp.o(.text) refers to ldexp.o(i.__support_ldexp) for __support_ldexp
    scanf_hexfp.o(.text) refers to narrow.o(i.__mathlib_narrow) for __mathlib_narrow
    btod_accurate_common.o(.text) refers to llushr.o(.text) for __aeabi_llsr
    lc_ctype_c.o(locale$$data) refers (Special) to libinit2.o(.ARM.Collect$$libinit$$00000014) for __rt_lib_init_lc_ctype_2
    lc_ctype_c.o(locale$$code) refers (Special) to libinit2.o(.ARM.Collect$$libinit$$00000014) for __rt_lib_init_lc_ctype_2
    lc_ctype_c.o(locale$$code) refers to strcmpv7em.o(.text) for strcmp
    lc_ctype_c.o(locale$$code) refers to lc_ctype_c.o(locale$$data) for __lcctype_c_name
    libinit2.o(.ARM.Collect$$libinit$$00000001) refers to fpinit.o(x$fpl$fpinit) for _fp_init
    libinit2.o(.ARM.Collect$$libinit$$00000011) refers (Weak) to rt_locale_intlibspace.o(.text) for __rt_locale
    libinit2.o(.ARM.Collect$$libinit$$00000012) refers to libinit2.o(.ARM.Collect$$libinit$$00000011) for .ARM.Collect$$libinit$$00000011
    libinit2.o(.ARM.Collect$$libinit$$00000014) refers to libinit2.o(.ARM.Collect$$libinit$$00000011) for .ARM.Collect$$libinit$$00000011
    libinit2.o(.ARM.Collect$$libinit$$00000014) refers (Weak) to lc_ctype_c.o(locale$$code) for _get_lc_ctype
    libinit2.o(.ARM.Collect$$libinit$$00000016) refers to libinit2.o(.ARM.Collect$$libinit$$00000011) for .ARM.Collect$$libinit$$00000011
    libinit2.o(.ARM.Collect$$libinit$$00000018) refers to libinit2.o(.ARM.Collect$$libinit$$00000011) for .ARM.Collect$$libinit$$00000011
    libinit2.o(.ARM.Collect$$libinit$$00000018) refers (Weak) to lc_numeric_c.o(locale$$code) for _get_lc_numeric
    libinit2.o(.ARM.Collect$$libinit$$0000001A) refers to libinit2.o(.ARM.Collect$$libinit$$00000011) for .ARM.Collect$$libinit$$00000011
    libinit2.o(.ARM.Collect$$libinit$$00000028) refers to argv_veneer.o(.emb_text) for __ARM_argv_veneer
    libinit2.o(.ARM.Collect$$libinit$$00000029) refers to argv_veneer.o(.emb_text) for __ARM_argv_veneer
    d2f.o(x$fpl$d2f) refers (Special) to usenofp.o(x$fpl$usenofp) for __I$use$fp
    d2f.o(x$fpl$d2f) refers to fretinf.o(x$fpl$fretinf) for __fpl_fretinf
    d2f.o(x$fpl$d2f) refers to dnaninf.o(x$fpl$dnaninf) for __fpl_dnaninf
    deqf.o(x$fpl$deqf) refers (Special) to usenofp.o(x$fpl$usenofp) for __I$use$fp
    deqf.o(x$fpl$deqf) refers to dnaninf.o(x$fpl$dnaninf) for __fpl_dnaninf
    deqf.o(x$fpl$deqf) refers to dcmpi.o(x$fpl$dcmpinf) for __fpl_dcmp_Inf
    drleqf.o(x$fpl$drleqf) refers (Special) to usenofp.o(x$fpl$usenofp) for __I$use$fp
    drleqf.o(x$fpl$drleqf) refers to dleqf.o(x$fpl$dleqf) for __fpl_dcmple_InfNaN
    frexp.o(i.__hardfp_frexp) refers (Special) to usenofp.o(x$fpl$usenofp) for __I$use$fp
    frexp.o(i.__hardfp_frexp) refers to dmul.o(x$fpl$dmul) for __aeabi_dmul
    frexp.o(i.__softfp_frexp) refers (Special) to usenofp.o(x$fpl$usenofp) for __I$use$fp
    frexp.o(i.__softfp_frexp) refers to dmul.o(x$fpl$dmul) for __aeabi_dmul
    frexp.o(i.frexp) refers (Special) to usenofp.o(x$fpl$usenofp) for __I$use$fp
    frexp.o(i.frexp) refers to dmul.o(x$fpl$dmul) for __aeabi_dmul
    rtexit2.o(.ARM.Collect$$rtexit$$00000003) refers to libshutdown.o(.ARM.Collect$$libshutdown$$00000000) for __rt_lib_shutdown
    rtexit2.o(.ARM.Collect$$rtexit$$00000004) refers to sys_exit.o(.text) for _sys_exit
    rtexit2.o(.ARM.exidx) refers to rtexit2.o(.ARM.Collect$$rtexit$$00000001) for .ARM.Collect$$rtexit$$00000001
    rtexit2.o(.ARM.exidx) refers to rtexit2.o(.ARM.Collect$$rtexit$$00000003) for .ARM.Collect$$rtexit$$00000003
    rtexit2.o(.ARM.exidx) refers to rtexit2.o(.ARM.Collect$$rtexit$$00000004) for .ARM.Collect$$rtexit$$00000004
    argv_veneer.o(.emb_text) refers to no_argv.o(.text) for __ARM_get_argv
    dcmpi.o(x$fpl$dcmpinf) refers (Special) to usenofp.o(x$fpl$usenofp) for __I$use$fp
    dleqf.o(x$fpl$dleqf) refers (Special) to usenofp.o(x$fpl$usenofp) for __I$use$fp
    dleqf.o(x$fpl$dleqf) refers to dnaninf.o(x$fpl$dnaninf) for __fpl_dnaninf
    dleqf.o(x$fpl$dleqf) refers to dcmpi.o(x$fpl$dcmpinf) for __fpl_dcmp_Inf
    dmul.o(x$fpl$dmul) refers (Special) to usenofp.o(x$fpl$usenofp) for __I$use$fp
    dmul.o(x$fpl$dmul) refers to dretinf.o(x$fpl$dretinf) for __fpl_dretinf
    dmul.o(x$fpl$dmul) refers to dnaninf.o(x$fpl$dnaninf) for __fpl_dnaninf
    dnaninf.o(x$fpl$dnaninf) refers (Special) to usenofp.o(x$fpl$usenofp) for __I$use$fp
    fretinf.o(x$fpl$fretinf) refers (Special) to usenofp.o(x$fpl$usenofp) for __I$use$fp
    ldexp.o(i.__hardfp_ldexp) refers (Special) to usenofp.o(x$fpl$usenofp) for __I$use$fp
    ldexp.o(i.__hardfp_ldexp) refers to deqf.o(x$fpl$deqf) for __aeabi_cdcmpeq
    ldexp.o(i.__hardfp_ldexp) refers to scalbn.o(x$fpl$scalbn) for __ARM_scalbn
    ldexp.o(i.__hardfp_ldexp) refers to _rserrno.o(.text) for __set_errno
    ldexp.o(i.__hardfp_ldexp) refers to dunder.o(i.__mathlib_dbl_underflow) for __mathlib_dbl_underflow
    ldexp.o(i.__hardfp_ldexp) refers to dunder.o(i.__mathlib_dbl_overflow) for __mathlib_dbl_overflow
    ldexp.o(i.__softfp_ldexp) refers (Special) to usenofp.o(x$fpl$usenofp) for __I$use$fp
    ldexp.o(i.__softfp_ldexp) refers to ldexp.o(i.__hardfp_ldexp) for __hardfp_ldexp
    ldexp.o(i.__support_ldexp) refers (Special) to usenofp.o(x$fpl$usenofp) for __I$use$fp
    ldexp.o(i.__support_ldexp) refers to ldexp.o(i.__hardfp_ldexp) for __hardfp_ldexp
    ldexp.o(i.ldexp) refers (Special) to usenofp.o(x$fpl$usenofp) for __I$use$fp
    ldexp.o(i.ldexp) refers to ldexp.o(i.__hardfp_ldexp) for __hardfp_ldexp
    sys_exit.o(.text) refers (Special) to use_no_semi.o(.text) for __I$use$semihosting
    sys_exit.o(.text) refers (Special) to indicate_semi.o(.text) for __semihosting_library_function
    sys_exit_hlt.o(.text) refers (Special) to use_no_semi.o(.text) for __I$use$semihosting
    sys_exit_hlt.o(.text) refers (Special) to indicate_semi.o(.text) for __semihosting_library_function
    _get_argv_nomalloc.o(.text) refers (Special) to hrguard.o(.text) for __heap_region$guard
    _get_argv_nomalloc.o(.text) refers to defsig_rtmem_outer.o(.text) for __rt_SIGRTMEM
    _get_argv_nomalloc.o(.text) refers to sys_command.o(.text) for _sys_command_string
    libshutdown.o(.ARM.Collect$$libshutdown$$00000000) refers (Special) to libshutdown2.o(.ARM.Collect$$libshutdown$$00000002) for __rt_lib_shutdown_cpp_1
    libshutdown.o(.ARM.Collect$$libshutdown$$00000000) refers (Special) to libshutdown2.o(.ARM.Collect$$libshutdown$$00000007) for __rt_lib_shutdown_fp_trap_1
    libshutdown.o(.ARM.Collect$$libshutdown$$00000000) refers (Special) to libshutdown2.o(.ARM.Collect$$libshutdown$$0000000F) for __rt_lib_shutdown_heap_1
    libshutdown.o(.ARM.Collect$$libshutdown$$00000000) refers (Special) to libshutdown2.o(.ARM.Collect$$libshutdown$$00000010) for __rt_lib_shutdown_return
    libshutdown.o(.ARM.Collect$$libshutdown$$00000000) refers (Special) to libshutdown2.o(.ARM.Collect$$libshutdown$$0000000A) for __rt_lib_shutdown_signal_1
    libshutdown.o(.ARM.Collect$$libshutdown$$00000000) refers (Special) to libshutdown2.o(.ARM.Collect$$libshutdown$$00000004) for __rt_lib_shutdown_stdio_1
    libshutdown.o(.ARM.Collect$$libshutdown$$00000000) refers (Special) to libshutdown2.o(.ARM.Collect$$libshutdown$$0000000C) for __rt_lib_shutdown_user_alloc_1
    dretinf.o(x$fpl$dretinf) refers (Special) to usenofp.o(x$fpl$usenofp) for __I$use$fp
    scalbn.o(x$fpl$scalbn) refers (Special) to usenofp.o(x$fpl$usenofp) for __I$use$fp
    scalbn.o(x$fpl$scalbn) refers to dcheck1.o(x$fpl$dcheck1) for __fpl_dcheck_NaN1
    dunder.o(i.__mathlib_dbl_divzero) refers to ddiv.o(x$fpl$ddiv) for __aeabi_ddiv
    dunder.o(i.__mathlib_dbl_infnan) refers to daddsub_clz.o(x$fpl$dadd) for __aeabi_dadd
    dunder.o(i.__mathlib_dbl_infnan2) refers to daddsub_clz.o(x$fpl$dadd) for __aeabi_dadd
    dunder.o(i.__mathlib_dbl_invalid) refers to ddiv.o(x$fpl$ddiv) for __aeabi_ddiv
    dunder.o(i.__mathlib_dbl_overflow) refers to dmul.o(x$fpl$dmul) for __aeabi_dmul
    dunder.o(i.__mathlib_dbl_posinfnan) refers to dmul.o(x$fpl$dmul) for __aeabi_dmul
    dunder.o(i.__mathlib_dbl_underflow) refers to dmul.o(x$fpl$dmul) for __aeabi_dmul
    sys_command.o(.text) refers (Special) to use_no_semi.o(.text) for __I$use$semihosting
    sys_command.o(.text) refers (Special) to indicate_semi.o(.text) for __semihosting_library_function
    sys_command_hlt.o(.text) refers (Special) to use_no_semi.o(.text) for __I$use$semihosting
    sys_command_hlt.o(.text) refers (Special) to indicate_semi.o(.text) for __semihosting_library_function
    defsig_rtmem_outer.o(.text) refers to defsig_rtmem_inner.o(.text) for __rt_SIGRTMEM_inner
    defsig_rtmem_outer.o(.text) refers to defsig_exit.o(.text) for __sig_exit
    defsig_rtmem_formal.o(.text) refers to rt_raise.o(.text) for __rt_raise
    daddsub_clz.o(x$fpl$dadd) refers (Special) to usenofp.o(x$fpl$usenofp) for __I$use$fp
    daddsub_clz.o(x$fpl$dadd) refers to daddsub_clz.o(x$fpl$dsub) for _dsub1
    daddsub_clz.o(x$fpl$dadd) refers to dretinf.o(x$fpl$dretinf) for __fpl_dretinf
    daddsub_clz.o(x$fpl$dadd) refers to dnaninf.o(x$fpl$dnaninf) for __fpl_dnaninf
    daddsub_clz.o(x$fpl$drsb) refers (Special) to usenofp.o(x$fpl$usenofp) for __I$use$fp
    daddsub_clz.o(x$fpl$drsb) refers to daddsub_clz.o(x$fpl$dadd) for _dadd1
    daddsub_clz.o(x$fpl$drsb) refers to daddsub_clz.o(x$fpl$dsub) for _dsub1
    daddsub_clz.o(x$fpl$dsub) refers (Special) to usenofp.o(x$fpl$usenofp) for __I$use$fp
    daddsub_clz.o(x$fpl$dsub) refers to daddsub_clz.o(x$fpl$dadd) for _dadd1
    daddsub_clz.o(x$fpl$dsub) refers to dnaninf.o(x$fpl$dnaninf) for __fpl_dnaninf
    dcheck1.o(x$fpl$dcheck1) refers (Special) to usenofp.o(x$fpl$usenofp) for __I$use$fp
    dcheck1.o(x$fpl$dcheck1) refers to retnan.o(x$fpl$retnan) for __fpl_return_NaN
    ddiv.o(x$fpl$drdiv) refers (Special) to usenofp.o(x$fpl$usenofp) for __I$use$fp
    ddiv.o(x$fpl$drdiv) refers to ddiv.o(x$fpl$ddiv) for ddiv_entry
    ddiv.o(x$fpl$ddiv) refers (Special) to usenofp.o(x$fpl$usenofp) for __I$use$fp
    ddiv.o(x$fpl$ddiv) refers to dretinf.o(x$fpl$dretinf) for __fpl_dretinf
    ddiv.o(x$fpl$ddiv) refers to dnaninf.o(x$fpl$dnaninf) for __fpl_dnaninf
    rt_raise.o(.text) refers to __raise.o(.text) for __raise
    rt_raise.o(.text) refers to sys_exit.o(.text) for _sys_exit
    defsig_exit.o(.text) refers to sys_exit.o(.text) for _sys_exit
    defsig_rtmem_inner.o(.text) refers to defsig_general.o(.text) for __default_signal_display
    retnan.o(x$fpl$retnan) refers (Special) to usenofp.o(x$fpl$usenofp) for __I$use$fp
    retnan.o(x$fpl$retnan) refers to trapv.o(x$fpl$trapveneer) for __fpl_cmpreturn
    __raise.o(.text) refers to defsig.o(CL$$defsig) for __default_signal_handler
    defsig_general.o(.text) refers to sys_wrch.o(.text) for _ttywrch
    trapv.o(x$fpl$trapveneer) refers (Special) to usenofp.o(x$fpl$usenofp) for __I$use$fp
    sys_wrch.o(.text) refers (Special) to use_no_semi.o(.text) for __I$use$semihosting
    sys_wrch.o(.text) refers (Special) to indicate_semi.o(.text) for __semihosting_library_function
    sys_wrch_hlt.o(.text) refers (Special) to use_no_semi.o(.text) for __I$use$semihosting
    sys_wrch_hlt.o(.text) refers (Special) to indicate_semi.o(.text) for __semihosting_library_function
    defsig.o(CL$$defsig) refers to defsig_rtmem_inner.o(.text) for __rt_SIGRTMEM_inner
    defsig_abrt_inner.o(.text) refers to defsig_general.o(.text) for __default_signal_display
    defsig_fpe_inner.o(.text) refers to defsig_general.o(.text) for __default_signal_display
    defsig_rtred_inner.o(.text) refers to defsig_general.o(.text) for __default_signal_display
    defsig_stak_inner.o(.text) refers to defsig_general.o(.text) for __default_signal_display
    defsig_pvfn_inner.o(.text) refers to defsig_general.o(.text) for __default_signal_display
    defsig_cppl_inner.o(.text) refers to defsig_general.o(.text) for __default_signal_display
    defsig_segv_inner.o(.text) refers to defsig_general.o(.text) for __default_signal_display
    defsig_other.o(.text) refers to defsig_general.o(.text) for __default_signal_display


==============================================================================

Removing Unused input sections from the image.

    Removing main.o(.text), (0 bytes).
    Removing main.o(.text.UART_input_handler), (102 bytes).
    Removing main.o(.ARM.exidx.text.UART_input_handler), (8 bytes).
    Removing main.o(.text.UART_print_Done), (80 bytes).
    Removing main.o(.ARM.exidx.text.UART_print_Done), (8 bytes).
    Removing main.o(.ARM.exidx.text.main), (8 bytes).
    Removing main.o(.bss.RxComByte), (1 bytes).
    Removing main.o(.bss.buffer), (32 bytes).
    Removing main.o(.ARM.use_no_argv), (4 bytes).
    Removing led.o(.text), (0 bytes).
    Removing led.o(.ARM.exidx.text.LED_Init), (8 bytes).
    Removing led.o(.ARM.exidx.text.LED_On), (8 bytes).
    Removing led.o(.ARM.exidx.text.LED_Off), (8 bytes).
    Removing led.o(.text.LED_Toggle), (16 bytes).
    Removing led.o(.ARM.exidx.text.LED_Toggle), (8 bytes).
    Removing sysclock.o(.text), (0 bytes).
    Removing sysclock.o(.ARM.exidx.text.System_Clock_Init), (8 bytes).
    Removing uart.o(.text), (0 bytes).
    Removing uart.o(.ARM.exidx.text.UART2_Init), (8 bytes).
    Removing uart.o(.ARM.exidx.text.UART2_GPIO_Init), (8 bytes).
    Removing uart.o(.ARM.exidx.text.USART_Init), (8 bytes).
    Removing uart.o(.text.USART_Read), (30 bytes).
    Removing uart.o(.ARM.exidx.text.USART_Read), (8 bytes).
    Removing uart.o(.text.USART_Write), (100 bytes).
    Removing uart.o(.ARM.exidx.text.USART_Write), (8 bytes).
    Removing uart.o(.text.USART_Delay), (50 bytes).
    Removing uart.o(.ARM.exidx.text.USART_Delay), (8 bytes).
    Removing uart.o(.text.USART_IRQHandler), (148 bytes).
    Removing uart.o(.ARM.exidx.text.USART_IRQHandler), (8 bytes).
    Removing uart_printf.o(.text), (0 bytes).
    Removing uart_printf.o(.text.fputc), (38 bytes).
    Removing uart_printf.o(.ARM.exidx.text.fputc), (8 bytes).
    Removing uart_printf.o(.text.fgetc), (30 bytes).
    Removing uart_printf.o(.ARM.exidx.text.fgetc), (8 bytes).
    Removing uart_printf.o(.bss.__stdout), (84 bytes).
    Removing uart_printf.o(.bss.__stdin), (84 bytes).
    Removing systimer.o(.text), (0 bytes).
    Removing systimer.o(.ARM.exidx.text.SysTick_Init), (8 bytes).
    Removing systimer.o(.ARM.exidx.text.__NVIC_SetPriority), (8 bytes).
    Removing systimer.o(.ARM.exidx.text.__NVIC_EnableIRQ), (8 bytes).
    Removing systimer.o(.ARM.exidx.text.SysTick_Handler), (8 bytes).
    Removing systimer.o(.ARM.exidx.text.delay), (8 bytes).
    Removing char_to_morse.o(.text), (0 bytes).
    Removing char_to_morse.o(.ARM.exidx.text.morse_lookup), (8 bytes).
    Removing char_to_morse.o(.ARM.exidx.text.unit_delay), (8 bytes).
    Removing char_to_morse.o(.ARM.exidx.text.send_morse_string), (8 bytes).
    Removing char_to_morse.o(.ARM.exidx.text.send_morse_char), (8 bytes).
    Removing char_to_morse.o(.ARM.exidx.text.send_symbol), (8 bytes).
    Removing ring_buffer.o(.text), (0 bytes).
    Removing ring_buffer.o(.text.rb_init), (22 bytes).
    Removing ring_buffer.o(.ARM.exidx.text.rb_init), (8 bytes).
    Removing ring_buffer.o(.text.rb_is_empty), (28 bytes).
    Removing ring_buffer.o(.ARM.exidx.text.rb_is_empty), (8 bytes).
    Removing ring_buffer.o(.text.rb_is_full), (34 bytes).
    Removing ring_buffer.o(.ARM.exidx.text.rb_is_full), (8 bytes).
    Removing ring_buffer.o(.text.inc), (20 bytes).
    Removing ring_buffer.o(.ARM.exidx.text.inc), (8 bytes).
    Removing ring_buffer.o(.text.rb_size), (72 bytes).
    Removing ring_buffer.o(.ARM.exidx.text.rb_size), (8 bytes).
    Removing ring_buffer.o(.text.rb_push), (86 bytes).
    Removing ring_buffer.o(.ARM.exidx.text.rb_push), (8 bytes).
    Removing ring_buffer.o(.text.rb_pop), (70 bytes).
    Removing ring_buffer.o(.ARM.exidx.text.rb_pop), (8 bytes).
    Removing ring_buffer.o(.text.rb_peek), (54 bytes).
    Removing ring_buffer.o(.ARM.exidx.text.rb_peek), (8 bytes).
    Removing ring_buffer.o(.text.rb_flush), (22 bytes).
    Removing ring_buffer.o(.ARM.exidx.text.rb_flush), (8 bytes).

67 unused section(s) (total 1495 bytes) removed from the image.

==============================================================================

Image Symbol Table

    Local Symbols

    Symbol Name                              Value     Ov Type        Size  Object(Section)

    ../clib/angel/boardlib.s                 0x00000000   Number         0  boardinit1.o ABSOLUTE
    ../clib/angel/boardlib.s                 0x00000000   Number         0  boardinit2.o ABSOLUTE
    ../clib/angel/boardlib.s                 0x00000000   Number         0  boardinit3.o ABSOLUTE
    ../clib/angel/boardlib.s                 0x00000000   Number         0  boardshut.o ABSOLUTE
    ../clib/angel/handlers.s                 0x00000000   Number         0  __scatter_zi.o ABSOLUTE
    ../clib/angel/kernel.s                   0x00000000   Number         0  __rtentry.o ABSOLUTE
    ../clib/angel/kernel.s                   0x00000000   Number         0  __rtentry2.o ABSOLUTE
    ../clib/angel/kernel.s                   0x00000000   Number         0  __rtentry4.o ABSOLUTE
    ../clib/angel/kernel.s                   0x00000000   Number         0  rtexit.o ABSOLUTE
    ../clib/angel/kernel.s                   0x00000000   Number         0  rtexit2.o ABSOLUTE
    ../clib/angel/rt.s                       0x00000000   Number         0  rt_ctype_table.o ABSOLUTE
    ../clib/angel/rt.s                       0x00000000   Number         0  rt_locale.o ABSOLUTE
    ../clib/angel/rt.s                       0x00000000   Number         0  rt_locale_intlibspace.o ABSOLUTE
    ../clib/angel/rt.s                       0x00000000   Number         0  rt_errno_addr.o ABSOLUTE
    ../clib/angel/rt.s                       0x00000000   Number         0  rt_errno_addr_intlibspace.o ABSOLUTE
    ../clib/angel/rt.s                       0x00000000   Number         0  rt_raise.o ABSOLUTE
    ../clib/angel/scatter.s                  0x00000000   Number         0  __scatter.o ABSOLUTE
    ../clib/angel/startup.s                  0x00000000   Number         0  __main.o ABSOLUTE
    ../clib/angel/sys.s                      0x00000000   Number         0  sys_stackheap_outer.o ABSOLUTE
    ../clib/angel/sys.s                      0x00000000   Number         0  libspace.o ABSOLUTE
    ../clib/angel/sys.s                      0x00000000   Number         0  use_no_semi.o ABSOLUTE
    ../clib/angel/sys.s                      0x00000000   Number         0  indicate_semi.o ABSOLUTE
    ../clib/angel/sysapp.c                   0x00000000   Number         0  sys_exit.o ABSOLUTE
    ../clib/angel/sysapp.c                   0x00000000   Number         0  sys_exit_hlt.o ABSOLUTE
    ../clib/angel/sysapp.c                   0x00000000   Number         0  sys_command.o ABSOLUTE
    ../clib/angel/sysapp.c                   0x00000000   Number         0  sys_command_hlt.o ABSOLUTE
    ../clib/angel/sysapp.c                   0x00000000   Number         0  sys_wrch.o ABSOLUTE
    ../clib/angel/sysapp.c                   0x00000000   Number         0  sys_wrch_hlt.o ABSOLUTE
    ../clib/armsys.c                         0x00000000   Number         0  argv_veneer.o ABSOLUTE
    ../clib/armsys.c                         0x00000000   Number         0  argv_veneer.o ABSOLUTE
    ../clib/armsys.c                         0x00000000   Number         0  _get_argv_nomalloc.o ABSOLUTE
    ../clib/armsys.c                         0x00000000   Number         0  no_argv.o ABSOLUTE
    ../clib/bigflt.c                         0x00000000   Number         0  bigflt0.o ABSOLUTE
    ../clib/btod.s                           0x00000000   Number         0  btod.o ABSOLUTE
    ../clib/btod_accurate.c                  0x00000000   Number         0  btod_accurate.o ABSOLUTE
    ../clib/btod_accurate.c                  0x00000000   Number         0  dtob_accurate.o ABSOLUTE
    ../clib/btod_accurate.c                  0x00000000   Number         0  btod_accurate_common.o ABSOLUTE
    ../clib/ctype.c                          0x00000000   Number         0  isspace.o ABSOLUTE
    ../clib/fenv.c                           0x00000000   Number         0  _rserrno.o ABSOLUTE
    ../clib/heapalloc.c                      0x00000000   Number         0  hrguard.o ABSOLUTE
    ../clib/heapaux.c                        0x00000000   Number         0  heapauxi.o ABSOLUTE
    ../clib/libinit.s                        0x00000000   Number         0  libinit.o ABSOLUTE
    ../clib/libinit.s                        0x00000000   Number         0  libinit2.o ABSOLUTE
    ../clib/libinit.s                        0x00000000   Number         0  libshutdown.o ABSOLUTE
    ../clib/libinit.s                        0x00000000   Number         0  libshutdown2.o ABSOLUTE
    ../clib/locale.c                         0x00000000   Number         0  _mbrtoc16.o ABSOLUTE
    ../clib/locale.c                         0x00000000   Number         0  _c16rtomb.o ABSOLUTE
    ../clib/locale.s                         0x00000000   Number         0  lc_numeric_c.o ABSOLUTE
    ../clib/locale.s                         0x00000000   Number         0  lc_ctype_c.o ABSOLUTE
    ../clib/longlong.s                       0x00000000   Number         0  lludiv10.o ABSOLUTE
    ../clib/longlong.s                       0x00000000   Number         0  llshl.o ABSOLUTE
    ../clib/longlong.s                       0x00000000   Number         0  llushr.o ABSOLUTE
    ../clib/memcpset.s                       0x00000000   Number         0  strcmpv7em.o ABSOLUTE
    ../clib/misc.s                           0x00000000   Number         0  printf_stubs.o ABSOLUTE
    ../clib/printf.c                         0x00000000   Number         0  printf.o ABSOLUTE
    ../clib/printf.c                         0x00000000   Number         0  sprintf.o ABSOLUTE
    ../clib/printf.c                         0x00000000   Number         0  __printf.o ABSOLUTE
    ../clib/printf.c                         0x00000000   Number         0  _printf_pad.o ABSOLUTE
    ../clib/printf.c                         0x00000000   Number         0  _printf_truncate.o ABSOLUTE
    ../clib/printf.c                         0x00000000   Number         0  _printf_str.o ABSOLUTE
    ../clib/printf.c                         0x00000000   Number         0  _printf_dec.o ABSOLUTE
    ../clib/printf.c                         0x00000000   Number         0  _printf_charcount.o ABSOLUTE
    ../clib/printf.c                         0x00000000   Number         0  _printf_char_common.o ABSOLUTE
    ../clib/printf.c                         0x00000000   Number         0  _sputc.o ABSOLUTE
    ../clib/printf.c                         0x00000000   Number         0  _printf_char_file.o ABSOLUTE
    ../clib/printf.c                         0x00000000   Number         0  _printf_wctomb.o ABSOLUTE
    ../clib/printf.c                         0x00000000   Number         0  _printf_longlong_dec.o ABSOLUTE
    ../clib/printf.c                         0x00000000   Number         0  _printf_oct_ll.o ABSOLUTE
    ../clib/printf.c                         0x00000000   Number         0  _printf_oct_int.o ABSOLUTE
    ../clib/printf.c                         0x00000000   Number         0  _printf_oct_int_ll.o ABSOLUTE
    ../clib/printf.c                         0x00000000   Number         0  _printf_hex_ll.o ABSOLUTE
    ../clib/printf.c                         0x00000000   Number         0  _printf_hex_int.o ABSOLUTE
    ../clib/printf.c                         0x00000000   Number         0  _printf_hex_int_ll.o ABSOLUTE
    ../clib/printf.c                         0x00000000   Number         0  _printf_hex_ptr.o ABSOLUTE
    ../clib/printf.c                         0x00000000   Number         0  _printf_hex_int_ptr.o ABSOLUTE
    ../clib/printf.c                         0x00000000   Number         0  _printf_hex_ll_ptr.o ABSOLUTE
    ../clib/printf.c                         0x00000000   Number         0  _printf_hex_int_ll_ptr.o ABSOLUTE
    ../clib/printf.c                         0x00000000   Number         0  __printf_flags.o ABSOLUTE
    ../clib/printf.c                         0x00000000   Number         0  __printf_ss.o ABSOLUTE
    ../clib/printf.c                         0x00000000   Number         0  __printf_flags_ss.o ABSOLUTE
    ../clib/printf.c                         0x00000000   Number         0  __printf_wp.o ABSOLUTE
    ../clib/printf.c                         0x00000000   Number         0  __printf_flags_wp.o ABSOLUTE
    ../clib/printf.c                         0x00000000   Number         0  __printf_ss_wp.o ABSOLUTE
    ../clib/printf.c                         0x00000000   Number         0  __printf_flags_ss_wp.o ABSOLUTE
    ../clib/printf.c                         0x00000000   Number         0  _printf_intcommon.o ABSOLUTE
    ../clib/printf.c                         0x00000000   Number         0  _printf_fp_dec.o ABSOLUTE
    ../clib/printf.c                         0x00000000   Number         0  _printf_fp_dec_accurate.o ABSOLUTE
    ../clib/printf.c                         0x00000000   Number         0  _printf_fp_hex.o ABSOLUTE
    ../clib/printf.c                         0x00000000   Number         0  __printf_nopercent.o ABSOLUTE
    ../clib/printf.c                         0x00000000   Number         0  _printf_char.o ABSOLUTE
    ../clib/printf.c                         0x00000000   Number         0  _printf_wchar.o ABSOLUTE
    ../clib/printf.c                         0x00000000   Number         0  _printf_fp_infnan.o ABSOLUTE
    ../clib/printf_percent.s                 0x00000000   Number         0  _printf_c.o ABSOLUTE
    ../clib/printf_percent.s                 0x00000000   Number         0  _printf_s.o ABSOLUTE
    ../clib/printf_percent.s                 0x00000000   Number         0  _printf_n.o ABSOLUTE
    ../clib/printf_percent.s                 0x00000000   Number         0  _printf_x.o ABSOLUTE
    ../clib/printf_percent.s                 0x00000000   Number         0  _printf_p.o ABSOLUTE
    ../clib/printf_percent.s                 0x00000000   Number         0  _printf_o.o ABSOLUTE
    ../clib/printf_percent.s                 0x00000000   Number         0  _printf_i.o ABSOLUTE
    ../clib/printf_percent.s                 0x00000000   Number         0  _printf_d.o ABSOLUTE
    ../clib/printf_percent.s                 0x00000000   Number         0  _printf_u.o ABSOLUTE
    ../clib/printf_percent.s                 0x00000000   Number         0  _printf_f.o ABSOLUTE
    ../clib/printf_percent.s                 0x00000000   Number         0  _printf_e.o ABSOLUTE
    ../clib/printf_percent.s                 0x00000000   Number         0  _printf_g.o ABSOLUTE
    ../clib/printf_percent.s                 0x00000000   Number         0  _printf_a.o ABSOLUTE
    ../clib/printf_percent.s                 0x00000000   Number         0  _printf_percent.o ABSOLUTE
    ../clib/printf_percent.s                 0x00000000   Number         0  _printf_lli.o ABSOLUTE
    ../clib/printf_percent.s                 0x00000000   Number         0  _printf_lld.o ABSOLUTE
    ../clib/printf_percent.s                 0x00000000   Number         0  _printf_llu.o ABSOLUTE
    ../clib/printf_percent.s                 0x00000000   Number         0  _printf_ll.o ABSOLUTE
    ../clib/printf_percent.s                 0x00000000   Number         0  _printf_l.o ABSOLUTE
    ../clib/printf_percent.s                 0x00000000   Number         0  _printf_lc.o ABSOLUTE
    ../clib/printf_percent.s                 0x00000000   Number         0  _printf_ls.o ABSOLUTE
    ../clib/printf_percent.s                 0x00000000   Number         0  _printf_llo.o ABSOLUTE
    ../clib/printf_percent.s                 0x00000000   Number         0  _printf_llx.o ABSOLUTE
    ../clib/printf_percent.s                 0x00000000   Number         0  _printf_percent_end.o ABSOLUTE
    ../clib/scanf.c                          0x00000000   Number         0  scanf.o ABSOLUTE
    ../clib/scanf.c                          0x00000000   Number         0  _scanf_longlong.o ABSOLUTE
    ../clib/scanf.c                          0x00000000   Number         0  _scanf_int.o ABSOLUTE
    ../clib/scanf.c                          0x00000000   Number         0  _scanf_str.o ABSOLUTE
    ../clib/scanf.c                          0x00000000   Number         0  scanf_char_file.o ABSOLUTE
    ../clib/scanf.c                          0x00000000   Number         0  _scanf_mbtowc.o ABSOLUTE
    ../clib/scanf.c                          0x00000000   Number         0  _scanf_wctomb.o ABSOLUTE
    ../clib/scanf.c                          0x00000000   Number         0  _scanf_wstr.o ABSOLUTE
    ../clib/scanf.c                          0x00000000   Number         0  _chval.o ABSOLUTE
    ../clib/scanf.c                          0x00000000   Number         0  scanf_fp.o ABSOLUTE
    ../clib/scanf.c                          0x00000000   Number         0  scanf_fp_accurate.o ABSOLUTE
    ../clib/scanf.c                          0x00000000   Number         0  scanf_char.o ABSOLUTE
    ../clib/scanf.c                          0x00000000   Number         0  _scanf_wcharmap.o ABSOLUTE
    ../clib/scanf.c                          0x00000000   Number         0  _scanf.o ABSOLUTE
    ../clib/scanf.c                          0x00000000   Number         0  scanf_hexfp.o ABSOLUTE
    ../clib/scanf.c                          0x00000000   Number         0  scanf_infnan.o ABSOLUTE
    ../clib/signal.c                         0x00000000   Number         0  defsig_rtmem_outer.o ABSOLUTE
    ../clib/signal.c                         0x00000000   Number         0  defsig_rtmem_formal.o ABSOLUTE
    ../clib/signal.c                         0x00000000   Number         0  defsig_exit.o ABSOLUTE
    ../clib/signal.c                         0x00000000   Number         0  defsig_rtmem_inner.o ABSOLUTE
    ../clib/signal.c                         0x00000000   Number         0  __raise.o ABSOLUTE
    ../clib/signal.c                         0x00000000   Number         0  defsig_general.o ABSOLUTE
    ../clib/signal.c                         0x00000000   Number         0  defsig_abrt_inner.o ABSOLUTE
    ../clib/signal.c                         0x00000000   Number         0  defsig_fpe_inner.o ABSOLUTE
    ../clib/signal.c                         0x00000000   Number         0  defsig_rtred_inner.o ABSOLUTE
    ../clib/signal.c                         0x00000000   Number         0  defsig_stak_inner.o ABSOLUTE
    ../clib/signal.c                         0x00000000   Number         0  defsig_pvfn_inner.o ABSOLUTE
    ../clib/signal.c                         0x00000000   Number         0  defsig_cppl_inner.o ABSOLUTE
    ../clib/signal.c                         0x00000000   Number         0  defsig_segv_inner.o ABSOLUTE
    ../clib/signal.c                         0x00000000   Number         0  defsig_other.o ABSOLUTE
    ../clib/signal.s                         0x00000000   Number         0  defsig.o ABSOLUTE
    ../clib/stdio.c                          0x00000000   Number         0  backspace.o ABSOLUTE
    ../clib/stdio.c                          0x00000000   Number         0  ferror.o ABSOLUTE
    ../clib/stdio.c                          0x00000000   Number         0  backspace_locked.o ABSOLUTE
    ../clib/stdio.c                          0x00000000   Number         0  ferror_locked.o ABSOLUTE
    ../clib/stdio.c                          0x00000000   Number         0  ungetc.o ABSOLUTE
    ../clib/stdlib.c                         0x00000000   Number         0  exit.o ABSOLUTE
    ../clib/string.c                         0x00000000   Number         0  strlen.o ABSOLUTE
    ../fplib/d2f.s                           0x00000000   Number         0  d2f.o ABSOLUTE
    ../fplib/daddsub.s                       0x00000000   Number         0  daddsub_clz.o ABSOLUTE
    ../fplib/dcheck1.s                       0x00000000   Number         0  dcheck1.o ABSOLUTE
    ../fplib/dcmpi.s                         0x00000000   Number         0  dcmpi.o ABSOLUTE
    ../fplib/ddiv.s                          0x00000000   Number         0  ddiv.o ABSOLUTE
    ../fplib/deqf.s                          0x00000000   Number         0  deqf.o ABSOLUTE
    ../fplib/dleqf.s                         0x00000000   Number         0  dleqf.o ABSOLUTE
    ../fplib/dmul.s                          0x00000000   Number         0  dmul.o ABSOLUTE
    ../fplib/dnaninf.s                       0x00000000   Number         0  dnaninf.o ABSOLUTE
    ../fplib/dretinf.s                       0x00000000   Number         0  dretinf.o ABSOLUTE
    ../fplib/drleqf.s                        0x00000000   Number         0  drleqf.o ABSOLUTE
    ../fplib/fpconst.s                       0x00000000   Number         0  fpconst.o ABSOLUTE
    ../fplib/fpinit.s                        0x00000000   Number         0  fpinit.o ABSOLUTE
    ../fplib/fretinf.s                       0x00000000   Number         0  fretinf.o ABSOLUTE
    ../fplib/istatus.s                       0x00000000   Number         0  istatus.o ABSOLUTE
    ../fplib/printf1.s                       0x00000000   Number         0  printf1.o ABSOLUTE
    ../fplib/printf2.s                       0x00000000   Number         0  printf2.o ABSOLUTE
    ../fplib/printf2a.s                      0x00000000   Number         0  printf2a.o ABSOLUTE
    ../fplib/printf2b.s                      0x00000000   Number         0  printf2b.o ABSOLUTE
    ../fplib/retnan.s                        0x00000000   Number         0  retnan.o ABSOLUTE
    ../fplib/scalbn.s                        0x00000000   Number         0  scalbn.o ABSOLUTE
    ../fplib/scanf1.s                        0x00000000   Number         0  scanf1.o ABSOLUTE
    ../fplib/scanf2.s                        0x00000000   Number         0  scanf2.o ABSOLUTE
    ../fplib/scanf2a.s                       0x00000000   Number         0  scanf2a.o ABSOLUTE
    ../fplib/scanf2b.s                       0x00000000   Number         0  scanf2b.o ABSOLUTE
    ../fplib/trapv.s                         0x00000000   Number         0  trapv.o ABSOLUTE
    ../fplib/usenofp.s                       0x00000000   Number         0  usenofp.o ABSOLUTE
    ../mathlib/dunder.c                      0x00000000   Number         0  dunder.o ABSOLUTE
    ../mathlib/fpclassify.c                  0x00000000   Number         0  fpclassify.o ABSOLUTE
    ../mathlib/frexp.c                       0x00000000   Number         0  frexp.o ABSOLUTE
    ../mathlib/ldexp.c                       0x00000000   Number         0  ldexp.o ABSOLUTE
    ../mathlib/narrow.c                      0x00000000   Number         0  narrow.o ABSOLUTE
    Char_to_Morse.c                          0x00000000   Number         0  char_to_morse.o ABSOLUTE
    LED.c                                    0x00000000   Number         0  led.o ABSOLUTE
    SysClock.c                               0x00000000   Number         0  sysclock.o ABSOLUTE
    SysTimer.c                               0x00000000   Number         0  systimer.o ABSOLUTE
    UART.c                                   0x00000000   Number         0  uart.o ABSOLUTE
    UART_printf.c                            0x00000000   Number         0  uart_printf.o ABSOLUTE
    dc.s                                     0x00000000   Number         0  dc.o ABSOLUTE
    main.c                                   0x00000000   Number         0  main.o ABSOLUTE
    ring_buffer.c                            0x00000000   Number         0  ring_buffer.o ABSOLUTE
    startup_stm32l476xx.s                    0x00000000   Number         0  startup_stm32l476xx.o ABSOLUTE
    RESET                                    0x08000000   Section      392  startup_stm32l476xx.o(RESET)
    !!!main                                  0x08000188   Section        8  __main.o(!!!main)
    !!!scatter                               0x08000190   Section       92  __scatter.o(!!!scatter)
    !!handler_null                           0x080001ec   Section        2  __scatter.o(!!handler_null)
    !!handler_zi                             0x080001f0   Section       28  __scatter_zi.o(!!handler_zi)
    .ARM.Collect$$libinit$$00000000          0x0800020c   Section        2  libinit.o(.ARM.Collect$$libinit$$00000000)
    .ARM.Collect$$libinit$$00000001          0x0800020e   Section        4  libinit2.o(.ARM.Collect$$libinit$$00000001)
    .ARM.Collect$$libinit$$00000004          0x08000212   Section        0  libinit2.o(.ARM.Collect$$libinit$$00000004)
    .ARM.Collect$$libinit$$00000006          0x08000212   Section        0  libinit2.o(.ARM.Collect$$libinit$$00000006)
    .ARM.Collect$$libinit$$0000000C          0x08000212   Section        0  libinit2.o(.ARM.Collect$$libinit$$0000000C)
    .ARM.Collect$$libinit$$0000000E          0x08000212   Section        0  libinit2.o(.ARM.Collect$$libinit$$0000000E)
    .ARM.Collect$$libinit$$00000010          0x08000212   Section        0  libinit2.o(.ARM.Collect$$libinit$$00000010)
    .ARM.Collect$$libinit$$00000013          0x08000212   Section        0  libinit2.o(.ARM.Collect$$libinit$$00000013)
    .ARM.Collect$$libinit$$00000015          0x08000212   Section        0  libinit2.o(.ARM.Collect$$libinit$$00000015)
    .ARM.Collect$$libinit$$00000017          0x08000212   Section        0  libinit2.o(.ARM.Collect$$libinit$$00000017)
    .ARM.Collect$$libinit$$00000019          0x08000212   Section        0  libinit2.o(.ARM.Collect$$libinit$$00000019)
    .ARM.Collect$$libinit$$0000001B          0x08000212   Section        0  libinit2.o(.ARM.Collect$$libinit$$0000001B)
    .ARM.Collect$$libinit$$0000001D          0x08000212   Section        0  libinit2.o(.ARM.Collect$$libinit$$0000001D)
    .ARM.Collect$$libinit$$0000001F          0x08000212   Section        0  libinit2.o(.ARM.Collect$$libinit$$0000001F)
    .ARM.Collect$$libinit$$00000021          0x08000212   Section        0  libinit2.o(.ARM.Collect$$libinit$$00000021)
    .ARM.Collect$$libinit$$00000023          0x08000212   Section        0  libinit2.o(.ARM.Collect$$libinit$$00000023)
    .ARM.Collect$$libinit$$00000025          0x08000212   Section        0  libinit2.o(.ARM.Collect$$libinit$$00000025)
    .ARM.Collect$$libinit$$00000027          0x08000212   Section        0  libinit2.o(.ARM.Collect$$libinit$$00000027)
    .ARM.Collect$$libinit$$0000002E          0x08000212   Section        0  libinit2.o(.ARM.Collect$$libinit$$0000002E)
    .ARM.Collect$$libinit$$00000030          0x08000212   Section        0  libinit2.o(.ARM.Collect$$libinit$$00000030)
    .ARM.Collect$$libinit$$00000032          0x08000212   Section        0  libinit2.o(.ARM.Collect$$libinit$$00000032)
    .ARM.Collect$$libinit$$00000034          0x08000212   Section        0  libinit2.o(.ARM.Collect$$libinit$$00000034)
    .ARM.Collect$$libinit$$00000035          0x08000212   Section        2  libinit2.o(.ARM.Collect$$libinit$$00000035)
    .ARM.Collect$$libshutdown$$00000000      0x08000214   Section        2  libshutdown.o(.ARM.Collect$$libshutdown$$00000000)
    .ARM.Collect$$libshutdown$$00000002      0x08000216   Section        0  libshutdown2.o(.ARM.Collect$$libshutdown$$00000002)
    .ARM.Collect$$libshutdown$$00000004      0x08000216   Section        0  libshutdown2.o(.ARM.Collect$$libshutdown$$00000004)
    .ARM.Collect$$libshutdown$$00000007      0x08000216   Section        0  libshutdown2.o(.ARM.Collect$$libshutdown$$00000007)
    .ARM.Collect$$libshutdown$$0000000A      0x08000216   Section        0  libshutdown2.o(.ARM.Collect$$libshutdown$$0000000A)
    .ARM.Collect$$libshutdown$$0000000C      0x08000216   Section        0  libshutdown2.o(.ARM.Collect$$libshutdown$$0000000C)
    .ARM.Collect$$libshutdown$$0000000F      0x08000216   Section        0  libshutdown2.o(.ARM.Collect$$libshutdown$$0000000F)
    .ARM.Collect$$libshutdown$$00000010      0x08000216   Section        2  libshutdown2.o(.ARM.Collect$$libshutdown$$00000010)
    .ARM.Collect$$rtentry$$00000000          0x08000218   Section        0  __rtentry.o(.ARM.Collect$$rtentry$$00000000)
    .ARM.Collect$$rtentry$$00000002          0x08000218   Section        0  __rtentry2.o(.ARM.Collect$$rtentry$$00000002)
    .ARM.Collect$$rtentry$$00000004          0x08000218   Section        6  __rtentry4.o(.ARM.Collect$$rtentry$$00000004)
    .ARM.Collect$$rtentry$$00000009          0x0800021e   Section        0  __rtentry2.o(.ARM.Collect$$rtentry$$00000009)
    .ARM.Collect$$rtentry$$0000000A          0x0800021e   Section        4  __rtentry2.o(.ARM.Collect$$rtentry$$0000000A)
    .ARM.Collect$$rtentry$$0000000C          0x08000222   Section        0  __rtentry2.o(.ARM.Collect$$rtentry$$0000000C)
    .ARM.Collect$$rtentry$$0000000D          0x08000222   Section        8  __rtentry2.o(.ARM.Collect$$rtentry$$0000000D)
    .ARM.Collect$$rtexit$$00000000           0x0800022a   Section        2  rtexit.o(.ARM.Collect$$rtexit$$00000000)
    .ARM.Collect$$rtexit$$00000002           0x0800022c   Section        0  rtexit2.o(.ARM.Collect$$rtexit$$00000002)
    .ARM.Collect$$rtexit$$00000003           0x0800022c   Section        4  rtexit2.o(.ARM.Collect$$rtexit$$00000003)
    .ARM.Collect$$rtexit$$00000004           0x08000230   Section        6  rtexit2.o(.ARM.Collect$$rtexit$$00000004)
    $v0                                      0x08000238   Number         0  startup_stm32l476xx.o(.text)
    .text                                    0x08000238   Section      140  startup_stm32l476xx.o(.text)
    .text                                    0x080002c4   Section        0  heapauxi.o(.text)
    .text                                    0x080002ca   Section       74  sys_stackheap_outer.o(.text)
    .text                                    0x08000314   Section        0  exit.o(.text)
    .text                                    0x08000328   Section        8  libspace.o(.text)
    .text                                    0x08000330   Section        0  sys_exit.o(.text)
    .text                                    0x0800033c   Section        2  use_no_semi.o(.text)
    .text                                    0x0800033e   Section        0  indicate_semi.o(.text)
    [Anonymous Symbol]                       0x08000340   Section        0  led.o(.text.LED_Init)
    [Anonymous Symbol]                       0x08000398   Section        0  led.o(.text.LED_Off)
    [Anonymous Symbol]                       0x080003a8   Section        0  led.o(.text.LED_On)
    [Anonymous Symbol]                       0x080003b8   Section        0  systimer.o(.text.SysTick_Handler)
    [Anonymous Symbol]                       0x080003c8   Section        0  systimer.o(.text.SysTick_Init)
    [Anonymous Symbol]                       0x08000424   Section        0  sysclock.o(.text.System_Clock_Init)
    [Anonymous Symbol]                       0x080005f8   Section        0  uart.o(.text.UART2_GPIO_Init)
    [Anonymous Symbol]                       0x08000660   Section        0  uart.o(.text.UART2_Init)
    [Anonymous Symbol]                       0x0800069c   Section        0  uart.o(.text.USART_Init)
    __NVIC_EnableIRQ                         0x0800078d   Thumb Code    48  systimer.o(.text.__NVIC_EnableIRQ)
    [Anonymous Symbol]                       0x0800078c   Section        0  systimer.o(.text.__NVIC_EnableIRQ)
    __NVIC_SetPriority                       0x080007bd   Thumb Code    66  systimer.o(.text.__NVIC_SetPriority)
    [Anonymous Symbol]                       0x080007bc   Section        0  systimer.o(.text.__NVIC_SetPriority)
    [Anonymous Symbol]                       0x08000800   Section        0  systimer.o(.text.delay)
    [Anonymous Symbol]                       0x08000840   Section        0  main.o(.text.main)
    [Anonymous Symbol]                       0x08000884   Section        0  char_to_morse.o(.text.morse_lookup)
    send_morse_char                          0x080008ed   Thumb Code    92  char_to_morse.o(.text.send_morse_char)
    [Anonymous Symbol]                       0x080008ec   Section        0  char_to_morse.o(.text.send_morse_char)
    [Anonymous Symbol]                       0x08000948   Section        0  char_to_morse.o(.text.send_morse_string)
    send_symbol                              0x08000979   Thumb Code    42  char_to_morse.o(.text.send_symbol)
    [Anonymous Symbol]                       0x08000978   Section        0  char_to_morse.o(.text.send_symbol)
    [Anonymous Symbol]                       0x080009a4   Section        0  char_to_morse.o(.text.unit_delay)
    $v0                                      0x080009b8   Number         0  fpinit.o(x$fpl$fpinit)
    x$fpl$fpinit                             0x080009b8   Section       26  fpinit.o(x$fpl$fpinit)
    .L.str                                   0x080009d2   Data          52  main.o(.rodata.str1.1)
    [Anonymous Symbol]                       0x080009d2   Section        0  main.o(.rodata.str1.1)
    .L.str.1                                 0x08000a06   Data           9  main.o(.rodata.str1.1)
    .L.str.2                                 0x08000a0f   Data          15  main.o(.rodata.str1.1)
    .L.str.4                                 0x08000a1b   Data          12  main.o(.rodata.str1.1)
    .L.str.3                                 0x08000a1e   Data           6  main.o(.rodata.str1.1)
    [Anonymous Symbol]                       0x08000a30   Section        0  char_to_morse.o(.rodata.str1.1)
    table                                    0x08000a94   Data         296  char_to_morse.o(.rodata.table)
    [Anonymous Symbol]                       0x08000a94   Section        0  char_to_morse.o(.rodata.table)
    .bss                                     0x20000000   Section       96  libspace.o(.bss)
    Heap_Mem                                 0x20000068   Data         512  startup_stm32l476xx.o(HEAP)
    HEAP                                     0x20000068   Section      512  startup_stm32l476xx.o(HEAP)
    Stack_Mem                                0x20000268   Data        1024  startup_stm32l476xx.o(STACK)
    STACK                                    0x20000268   Section     1024  startup_stm32l476xx.o(STACK)
    __initial_sp                             0x20000668   Data           0  startup_stm32l476xx.o(STACK)

    Global Symbols

    Symbol Name                              Value     Ov Type        Size  Object(Section)

    BuildAttributes$$THM_ISAv4$E$P$D$K$B$S$7EM$VFPi3$EXTD16$VFPS$VFMA$PE$A:L22UL41UL21$X:L11$S22US41US21$IEEE1$IW$~IW$USESV6$~STKCKD$USESV7$~SHL$OTIME$ROPI$IEEEX$EBA8$UX$STANDARDLIB$REQ8$PRES8$EABIv2 0x00000000   Number         0  anon$$obj.o ABSOLUTE
    Image$$ER_IROM1$$RW$$Length              0x00000000   Number         0  anon$$obj.o ABSOLUTE
    Image$$ER_IROM1$$ZI$$Length              0x00000000   Number         0  anon$$obj.o ABSOLUTE
    Image$$RW_IRAM1$$Length                  0x00000000   Number         0  anon$$obj.o ABSOLUTE
    Image$$RW_IRAM1$$RO$$Length              0x00000000   Number         0  anon$$obj.o ABSOLUTE
    Image$$RW_IRAM1$$RW$$Length              0x00000000   Number         0  anon$$obj.o ABSOLUTE
    _printf_flags                            0x00000000   Number         0  printf_stubs.o ABSOLUTE
    _printf_return_value                     0x00000000   Number         0  printf_stubs.o ABSOLUTE
    _printf_sizespec                         0x00000000   Number         0  printf_stubs.o ABSOLUTE
    _printf_widthprec                        0x00000000   Number         0  printf_stubs.o ABSOLUTE
    __ARM_exceptions_init                     - Undefined Weak Reference
    __alloca_initialize                       - Undefined Weak Reference
    __arm_preinit_                            - Undefined Weak Reference
    __arm_relocate_pie_                       - Undefined Weak Reference
    __cpp_initialize__aeabi_                  - Undefined Weak Reference
    __cxa_finalize                            - Undefined Weak Reference
    __sigvec_lookup                           - Undefined Weak Reference
    _atexit_init                              - Undefined Weak Reference
    _call_atexit_fns                          - Undefined Weak Reference
    _clock_init                               - Undefined Weak Reference
    _fp_trap_init                             - Undefined Weak Reference
    _fp_trap_shutdown                         - Undefined Weak Reference
    _get_lc_collate                           - Undefined Weak Reference
    _get_lc_monetary                          - Undefined Weak Reference
    _get_lc_time                              - Undefined Weak Reference
    _getenv_init                              - Undefined Weak Reference
    _handle_redirection                       - Undefined Weak Reference
    _init_alloc                               - Undefined Weak Reference
    _init_user_alloc                          - Undefined Weak Reference
    _initio                                   - Undefined Weak Reference
    _mutex_acquire                            - Undefined Weak Reference
    _mutex_release                            - Undefined Weak Reference
    _printf_mbtowc                            - Undefined Weak Reference
    _printf_wc                                - Undefined Weak Reference
    _rand_init                                - Undefined Weak Reference
    _signal_finish                            - Undefined Weak Reference
    _signal_init                              - Undefined Weak Reference
    _terminate_alloc                          - Undefined Weak Reference
    _terminate_user_alloc                     - Undefined Weak Reference
    _terminateio                              - Undefined Weak Reference
    __Vectors_Size                           0x00000188   Number         0  startup_stm32l476xx.o ABSOLUTE
    Image$$RW_IRAM1$$ZI$$Length              0x00000668   Number         0  anon$$obj.o ABSOLUTE
    Image$$ER_IROM1$$RO$$Length              0x00000bcc   Number         0  anon$$obj.o ABSOLUTE
    Image$$ER_IROM1$$RO$$Base                0x08000000   Number         0  anon$$obj.o ABSOLUTE
    Load$$ER_IROM1$$Base                     0x08000000   Number         0  anon$$obj.o ABSOLUTE
    __Vectors                                0x08000000   Data           4  startup_stm32l476xx.o(RESET)
    __Vectors_End                            0x08000188   Data           0  startup_stm32l476xx.o(RESET)
    __main                                   0x08000189   Thumb Code     8  __main.o(!!!main)
    __scatterload                            0x08000191   Thumb Code     0  __scatter.o(!!!scatter)
    __scatterload_rt2                        0x08000191   Thumb Code    84  __scatter.o(!!!scatter)
    __scatterload_rt2_thumb_only             0x08000191   Thumb Code     0  __scatter.o(!!!scatter)
    __scatterload_loop                       0x0800019b   Thumb Code     0  __scatter.o(!!!scatter)
    __scatterload_null                       0x080001ed   Thumb Code     2  __scatter.o(!!handler_null)
    __scatterload_zeroinit                   0x080001f1   Thumb Code    28  __scatter_zi.o(!!handler_zi)
    __rt_lib_init                            0x0800020d   Thumb Code     0  libinit.o(.ARM.Collect$$libinit$$00000000)
    __rt_lib_init_fp_1                       0x0800020f   Thumb Code     0  libinit2.o(.ARM.Collect$$libinit$$00000001)
    __rt_lib_init_alloca_1                   0x08000213   Thumb Code     0  libinit2.o(.ARM.Collect$$libinit$$00000030)
    __rt_lib_init_argv_1                     0x08000213   Thumb Code     0  libinit2.o(.ARM.Collect$$libinit$$0000002E)
    __rt_lib_init_atexit_1                   0x08000213   Thumb Code     0  libinit2.o(.ARM.Collect$$libinit$$0000001D)
    __rt_lib_init_clock_1                    0x08000213   Thumb Code     0  libinit2.o(.ARM.Collect$$libinit$$00000023)
    __rt_lib_init_cpp_1                      0x08000213   Thumb Code     0  libinit2.o(.ARM.Collect$$libinit$$00000034)
    __rt_lib_init_exceptions_1               0x08000213   Thumb Code     0  libinit2.o(.ARM.Collect$$libinit$$00000032)
    __rt_lib_init_fp_trap_1                  0x08000213   Thumb Code     0  libinit2.o(.ARM.Collect$$libinit$$00000021)
    __rt_lib_init_getenv_1                   0x08000213   Thumb Code     0  libinit2.o(.ARM.Collect$$libinit$$00000025)
    __rt_lib_init_heap_1                     0x08000213   Thumb Code     0  libinit2.o(.ARM.Collect$$libinit$$0000000C)
    __rt_lib_init_lc_collate_1               0x08000213   Thumb Code     0  libinit2.o(.ARM.Collect$$libinit$$00000013)
    __rt_lib_init_lc_ctype_1                 0x08000213   Thumb Code     0  libinit2.o(.ARM.Collect$$libinit$$00000015)
    __rt_lib_init_lc_monetary_1              0x08000213   Thumb Code     0  libinit2.o(.ARM.Collect$$libinit$$00000017)
    __rt_lib_init_lc_numeric_1               0x08000213   Thumb Code     0  libinit2.o(.ARM.Collect$$libinit$$00000019)
    __rt_lib_init_lc_time_1                  0x08000213   Thumb Code     0  libinit2.o(.ARM.Collect$$libinit$$0000001B)
    __rt_lib_init_preinit_1                  0x08000213   Thumb Code     0  libinit2.o(.ARM.Collect$$libinit$$00000006)
    __rt_lib_init_rand_1                     0x08000213   Thumb Code     0  libinit2.o(.ARM.Collect$$libinit$$00000010)
    __rt_lib_init_relocate_pie_1             0x08000213   Thumb Code     0  libinit2.o(.ARM.Collect$$libinit$$00000004)
    __rt_lib_init_return                     0x08000213   Thumb Code     0  libinit2.o(.ARM.Collect$$libinit$$00000035)
    __rt_lib_init_signal_1                   0x08000213   Thumb Code     0  libinit2.o(.ARM.Collect$$libinit$$0000001F)
    __rt_lib_init_stdio_1                    0x08000213   Thumb Code     0  libinit2.o(.ARM.Collect$$libinit$$00000027)
    __rt_lib_init_user_alloc_1               0x08000213   Thumb Code     0  libinit2.o(.ARM.Collect$$libinit$$0000000E)
    __rt_lib_shutdown                        0x08000215   Thumb Code     0  libshutdown.o(.ARM.Collect$$libshutdown$$00000000)
    __rt_lib_shutdown_cpp_1                  0x08000217   Thumb Code     0  libshutdown2.o(.ARM.Collect$$libshutdown$$00000002)
    __rt_lib_shutdown_fp_trap_1              0x08000217   Thumb Code     0  libshutdown2.o(.ARM.Collect$$libshutdown$$00000007)
    __rt_lib_shutdown_heap_1                 0x08000217   Thumb Code     0  libshutdown2.o(.ARM.Collect$$libshutdown$$0000000F)
    __rt_lib_shutdown_return                 0x08000217   Thumb Code     0  libshutdown2.o(.ARM.Collect$$libshutdown$$00000010)
    __rt_lib_shutdown_signal_1               0x08000217   Thumb Code     0  libshutdown2.o(.ARM.Collect$$libshutdown$$0000000A)
    __rt_lib_shutdown_stdio_1                0x08000217   Thumb Code     0  libshutdown2.o(.ARM.Collect$$libshutdown$$00000004)
    __rt_lib_shutdown_user_alloc_1           0x08000217   Thumb Code     0  libshutdown2.o(.ARM.Collect$$libshutdown$$0000000C)
    __rt_entry                               0x08000219   Thumb Code     0  __rtentry.o(.ARM.Collect$$rtentry$$00000000)
    __rt_entry_presh_1                       0x08000219   Thumb Code     0  __rtentry2.o(.ARM.Collect$$rtentry$$00000002)
    __rt_entry_sh                            0x08000219   Thumb Code     0  __rtentry4.o(.ARM.Collect$$rtentry$$00000004)
    __rt_entry_li                            0x0800021f   Thumb Code     0  __rtentry2.o(.ARM.Collect$$rtentry$$0000000A)
    __rt_entry_postsh_1                      0x0800021f   Thumb Code     0  __rtentry2.o(.ARM.Collect$$rtentry$$00000009)
    __rt_entry_main                          0x08000223   Thumb Code     0  __rtentry2.o(.ARM.Collect$$rtentry$$0000000D)
    __rt_entry_postli_1                      0x08000223   Thumb Code     0  __rtentry2.o(.ARM.Collect$$rtentry$$0000000C)
    __rt_exit                                0x0800022b   Thumb Code     0  rtexit.o(.ARM.Collect$$rtexit$$00000000)
    __rt_exit_ls                             0x0800022d   Thumb Code     0  rtexit2.o(.ARM.Collect$$rtexit$$00000003)
    __rt_exit_prels_1                        0x0800022d   Thumb Code     0  rtexit2.o(.ARM.Collect$$rtexit$$00000002)
    __rt_exit_exit                           0x08000231   Thumb Code     0  rtexit2.o(.ARM.Collect$$rtexit$$00000004)
    Reset_Handler                            0x08000239   Thumb Code    62  startup_stm32l476xx.o(.text)
    NMI_Handler                              0x08000277   Thumb Code     2  startup_stm32l476xx.o(.text)
    HardFault_Handler                        0x08000279   Thumb Code     2  startup_stm32l476xx.o(.text)
    MemManage_Handler                        0x0800027b   Thumb Code     2  startup_stm32l476xx.o(.text)
    BusFault_Handler                         0x0800027d   Thumb Code     2  startup_stm32l476xx.o(.text)
    UsageFault_Handler                       0x0800027f   Thumb Code     2  startup_stm32l476xx.o(.text)
    SVC_Handler                              0x08000281   Thumb Code     2  startup_stm32l476xx.o(.text)
    DebugMon_Handler                         0x08000283   Thumb Code     2  startup_stm32l476xx.o(.text)
    PendSV_Handler                           0x08000285   Thumb Code     2  startup_stm32l476xx.o(.text)
    ADC1_2_IRQHandler                        0x08000289   Thumb Code     0  startup_stm32l476xx.o(.text)
    ADC3_IRQHandler                          0x08000289   Thumb Code     0  startup_stm32l476xx.o(.text)
    CAN1_RX0_IRQHandler                      0x08000289   Thumb Code     0  startup_stm32l476xx.o(.text)
    CAN1_RX1_IRQHandler                      0x08000289   Thumb Code     0  startup_stm32l476xx.o(.text)
    CAN1_SCE_IRQHandler                      0x08000289   Thumb Code     0  startup_stm32l476xx.o(.text)
    CAN1_TX_IRQHandler                       0x08000289   Thumb Code     0  startup_stm32l476xx.o(.text)
    COMP_IRQHandler                          0x08000289   Thumb Code     0  startup_stm32l476xx.o(.text)
    DFSDM0_IRQHandler                        0x08000289   Thumb Code     0  startup_stm32l476xx.o(.text)
    DFSDM1_IRQHandler                        0x08000289   Thumb Code     0  startup_stm32l476xx.o(.text)
    DFSDM2_IRQHandler                        0x08000289   Thumb Code     0  startup_stm32l476xx.o(.text)
    DFSDM3_IRQHandler                        0x08000289   Thumb Code     0  startup_stm32l476xx.o(.text)
    DMA1_Channel1_IRQHandler                 0x08000289   Thumb Code     0  startup_stm32l476xx.o(.text)
    DMA1_Channel2_IRQHandler                 0x08000289   Thumb Code     0  startup_stm32l476xx.o(.text)
    DMA1_Channel3_IRQHandler                 0x08000289   Thumb Code     0  startup_stm32l476xx.o(.text)
    DMA1_Channel4_IRQHandler                 0x08000289   Thumb Code     0  startup_stm32l476xx.o(.text)
    DMA1_Channel5_IRQHandler                 0x08000289   Thumb Code     0  startup_stm32l476xx.o(.text)
    DMA1_Channel6_IRQHandler                 0x08000289   Thumb Code     0  startup_stm32l476xx.o(.text)
    DMA1_Channel7_IRQHandler                 0x08000289   Thumb Code     0  startup_stm32l476xx.o(.text)
    DMA2_Channel1_IRQHandler                 0x08000289   Thumb Code     0  startup_stm32l476xx.o(.text)
    DMA2_Channel2_IRQHandler                 0x08000289   Thumb Code     0  startup_stm32l476xx.o(.text)
    DMA2_Channel3_IRQHandler                 0x08000289   Thumb Code     0  startup_stm32l476xx.o(.text)
    DMA2_Channel4_IRQHandler                 0x08000289   Thumb Code     0  startup_stm32l476xx.o(.text)
    DMA2_Channel5_IRQHandler                 0x08000289   Thumb Code     0  startup_stm32l476xx.o(.text)
    DMA2_Channel6_IRQHandler                 0x08000289   Thumb Code     0  startup_stm32l476xx.o(.text)
    DMA2_Channel7_IRQHandler                 0x08000289   Thumb Code     0  startup_stm32l476xx.o(.text)
    EXTI0_IRQHandler                         0x08000289   Thumb Code     0  startup_stm32l476xx.o(.text)
    EXTI15_10_IRQHandler                     0x08000289   Thumb Code     0  startup_stm32l476xx.o(.text)
    EXTI1_IRQHandler                         0x08000289   Thumb Code     0  startup_stm32l476xx.o(.text)
    EXTI2_IRQHandler                         0x08000289   Thumb Code     0  startup_stm32l476xx.o(.text)
    EXTI3_IRQHandler                         0x08000289   Thumb Code     0  startup_stm32l476xx.o(.text)
    EXTI4_IRQHandler                         0x08000289   Thumb Code     0  startup_stm32l476xx.o(.text)
    EXTI9_5_IRQHandler                       0x08000289   Thumb Code     0  startup_stm32l476xx.o(.text)
    FLASH_IRQHandler                         0x08000289   Thumb Code     0  startup_stm32l476xx.o(.text)
    FMC_IRQHandler                           0x08000289   Thumb Code     0  startup_stm32l476xx.o(.text)
    FPU_IRQHandler                           0x08000289   Thumb Code     0  startup_stm32l476xx.o(.text)
    I2C1_ER_IRQHandler                       0x08000289   Thumb Code     0  startup_stm32l476xx.o(.text)
    I2C1_EV_IRQHandler                       0x08000289   Thumb Code     0  startup_stm32l476xx.o(.text)
    I2C2_ER_IRQHandler                       0x08000289   Thumb Code     0  startup_stm32l476xx.o(.text)
    I2C2_EV_IRQHandler                       0x08000289   Thumb Code     0  startup_stm32l476xx.o(.text)
    I2C3_ER_IRQHandler                       0x08000289   Thumb Code     0  startup_stm32l476xx.o(.text)
    I2C3_EV_IRQHandler                       0x08000289   Thumb Code     0  startup_stm32l476xx.o(.text)
    LCD_IRQHandler                           0x08000289   Thumb Code     0  startup_stm32l476xx.o(.text)
    LPTIM1_IRQHandler                        0x08000289   Thumb Code     0  startup_stm32l476xx.o(.text)
    LPTIM2_IRQHandler                        0x08000289   Thumb Code     0  startup_stm32l476xx.o(.text)
    LPUART1_IRQHandler                       0x08000289   Thumb Code     0  startup_stm32l476xx.o(.text)
    OTG_FS_IRQHandler                        0x08000289   Thumb Code     0  startup_stm32l476xx.o(.text)
    PVD_PVM_IRQHandler                       0x08000289   Thumb Code     0  startup_stm32l476xx.o(.text)
    QUADSPI_IRQHandler                       0x08000289   Thumb Code     0  startup_stm32l476xx.o(.text)
    RCC_IRQHandler                           0x08000289   Thumb Code     0  startup_stm32l476xx.o(.text)
    RNG_IRQHandler                           0x08000289   Thumb Code     0  startup_stm32l476xx.o(.text)
    RTC_Alarm_IRQHandler                     0x08000289   Thumb Code     0  startup_stm32l476xx.o(.text)
    RTC_WKUP_IRQHandler                      0x08000289   Thumb Code     0  startup_stm32l476xx.o(.text)
    SAI1_IRQHandler                          0x08000289   Thumb Code     0  startup_stm32l476xx.o(.text)
    SAI2_IRQHandler                          0x08000289   Thumb Code     0  startup_stm32l476xx.o(.text)
    SDMMC1_IRQHandler                        0x08000289   Thumb Code     0  startup_stm32l476xx.o(.text)
    SPI1_IRQHandler                          0x08000289   Thumb Code     0  startup_stm32l476xx.o(.text)
    SPI2_IRQHandler                          0x08000289   Thumb Code     0  startup_stm32l476xx.o(.text)
    SPI3_IRQHandler                          0x08000289   Thumb Code     0  startup_stm32l476xx.o(.text)
    SWPMI1_IRQHandler                        0x08000289   Thumb Code     0  startup_stm32l476xx.o(.text)
    TAMP_STAMP_IRQHandler                    0x08000289   Thumb Code     0  startup_stm32l476xx.o(.text)
    TIM1_BRK_TIM15_IRQHandler                0x08000289   Thumb Code     0  startup_stm32l476xx.o(.text)
    TIM1_CC_IRQHandler                       0x08000289   Thumb Code     0  startup_stm32l476xx.o(.text)
    TIM1_TRG_COM_TIM17_IRQHandler            0x08000289   Thumb Code     0  startup_stm32l476xx.o(.text)
    TIM1_UP_TIM16_IRQHandler                 0x08000289   Thumb Code     0  startup_stm32l476xx.o(.text)
    TIM2_IRQHandler                          0x08000289   Thumb Code     0  startup_stm32l476xx.o(.text)
    TIM3_IRQHandler                          0x08000289   Thumb Code     0  startup_stm32l476xx.o(.text)
    TIM4_IRQHandler                          0x08000289   Thumb Code     0  startup_stm32l476xx.o(.text)
    TIM5_IRQHandler                          0x08000289   Thumb Code     0  startup_stm32l476xx.o(.text)
    TIM6_DAC_IRQHandler                      0x08000289   Thumb Code     0  startup_stm32l476xx.o(.text)
    TIM7_IRQHandler                          0x08000289   Thumb Code     0  startup_stm32l476xx.o(.text)
    TIM8_BRK_IRQHandler                      0x08000289   Thumb Code     0  startup_stm32l476xx.o(.text)
    TIM8_CC_IRQHandler                       0x08000289   Thumb Code     0  startup_stm32l476xx.o(.text)
    TIM8_TRG_COM_IRQHandler                  0x08000289   Thumb Code     0  startup_stm32l476xx.o(.text)
    TIM8_UP_IRQHandler                       0x08000289   Thumb Code     0  startup_stm32l476xx.o(.text)
    TSC_IRQHandler                           0x08000289   Thumb Code     0  startup_stm32l476xx.o(.text)
    UART4_IRQHandler                         0x08000289   Thumb Code     0  startup_stm32l476xx.o(.text)
    UART5_IRQHandler                         0x08000289   Thumb Code     0  startup_stm32l476xx.o(.text)
    USART1_IRQHandler                        0x08000289   Thumb Code     0  startup_stm32l476xx.o(.text)
    USART2_IRQHandler                        0x08000289   Thumb Code     0  startup_stm32l476xx.o(.text)
    USART3_IRQHandler                        0x08000289   Thumb Code     0  startup_stm32l476xx.o(.text)
    WWDG_IRQHandler                          0x08000289   Thumb Code     0  startup_stm32l476xx.o(.text)
    __user_initial_stackheap                 0x0800028d   Thumb Code     0  startup_stm32l476xx.o(.text)
    __use_two_region_memory                  0x080002c5   Thumb Code     2  heapauxi.o(.text)
    __rt_heap_escrow$2region                 0x080002c7   Thumb Code     2  heapauxi.o(.text)
    __rt_heap_expand$2region                 0x080002c9   Thumb Code     2  heapauxi.o(.text)
    __user_setup_stackheap                   0x080002cb   Thumb Code    74  sys_stackheap_outer.o(.text)
    exit                                     0x08000315   Thumb Code    18  exit.o(.text)
    __user_libspace                          0x08000329   Thumb Code     8  libspace.o(.text)
    __user_perproc_libspace                  0x08000329   Thumb Code     0  libspace.o(.text)
    __user_perthread_libspace                0x08000329   Thumb Code     0  libspace.o(.text)
    _sys_exit                                0x08000331   Thumb Code     8  sys_exit.o(.text)
    __I$use$semihosting                      0x0800033d   Thumb Code     0  use_no_semi.o(.text)
    __use_no_semihosting_swi                 0x0800033d   Thumb Code     2  use_no_semi.o(.text)
    __semihosting_library_function           0x0800033f   Thumb Code     0  indicate_semi.o(.text)
    LED_Init                                 0x08000341   Thumb Code    88  led.o(.text.LED_Init)
    LED_Off                                  0x08000399   Thumb Code    16  led.o(.text.LED_Off)
    LED_On                                   0x080003a9   Thumb Code    16  led.o(.text.LED_On)
    SysTick_Handler                          0x080003b9   Thumb Code    16  systimer.o(.text.SysTick_Handler)
    SysTick_Init                             0x080003c9   Thumb Code    90  systimer.o(.text.SysTick_Init)
    System_Clock_Init                        0x08000425   Thumb Code   466  sysclock.o(.text.System_Clock_Init)
    UART2_GPIO_Init                          0x080005f9   Thumb Code   102  uart.o(.text.UART2_GPIO_Init)
    UART2_Init                               0x08000661   Thumb Code    60  uart.o(.text.UART2_Init)
    USART_Init                               0x0800069d   Thumb Code   240  uart.o(.text.USART_Init)
    delay                                    0x08000801   Thumb Code    62  systimer.o(.text.delay)
    main                                     0x08000841   Thumb Code    66  main.o(.text.main)
    morse_lookup                             0x08000885   Thumb Code   102  char_to_morse.o(.text.morse_lookup)
    send_morse_string                        0x08000949   Thumb Code    46  char_to_morse.o(.text.send_morse_string)
    unit_delay                               0x080009a5   Thumb Code    20  char_to_morse.o(.text.unit_delay)
    _fp_init                                 0x080009b9   Thumb Code    26  fpinit.o(x$fpl$fpinit)
    __fplib_config_fpu_vfp                   0x080009d1   Thumb Code     0  fpinit.o(x$fpl$fpinit)
    __fplib_config_pureend_doubles           0x080009d1   Thumb Code     0  fpinit.o(x$fpl$fpinit)
    Region$$Table$$Base                      0x08000bbc   Number         0  anon$$obj.o(Region$$Table)
    Image$$ER_IROM1$$RO$$Limit               0x08000bcc   Number         0  anon$$obj.o ABSOLUTE
    Image$$ER_IROM1$$RW$$Base                0x08000bcc   Number         0  anon$$obj.o ABSOLUTE
    Image$$ER_IROM1$$RW$$Limit               0x08000bcc   Number         0  anon$$obj.o ABSOLUTE
    Image$$ER_IROM1$$ZI$$Base                0x08000bcc   Number         0  anon$$obj.o ABSOLUTE
    Image$$ER_IROM1$$ZI$$Limit               0x08000bcc   Number         0  anon$$obj.o ABSOLUTE
    Load$$RW_IRAM1$$Base                     0x08000bcc   Number         0  anon$$obj.o ABSOLUTE
    Region$$Table$$Limit                     0x08000bcc   Number         0  anon$$obj.o(Region$$Table)
    Image$$RW_IRAM1$$Base                    0x20000000   Number         0  anon$$obj.o ABSOLUTE
    Image$$RW_IRAM1$$Limit                   0x20000000   Number         0  anon$$obj.o ABSOLUTE
    Image$$RW_IRAM1$$RO$$Base                0x20000000   Number         0  anon$$obj.o ABSOLUTE
    Image$$RW_IRAM1$$RW$$Base                0x20000000   Number         0  anon$$obj.o ABSOLUTE
    Image$$RW_IRAM1$$RW$$Limit               0x20000000   Number         0  anon$$obj.o ABSOLUTE
    Image$$RW_IRAM1$$ZI$$Base                0x20000000   Number         0  anon$$obj.o ABSOLUTE
    __libspace_start                         0x20000000   Data          96  libspace.o(.bss)
    __temporary_stack_top$libspace           0x20000060   Data           0  libspace.o(.bss)
    msTicks                                  0x20000060   Data           4  systimer.o(.bss.msTicks)
    Image$$RW_IRAM1$$ZI$$Limit               0x20000668   Number         0  anon$$obj.o ABSOLUTE



==============================================================================

Memory Map of the image

  Image Entry point : 0x08000189

  Load Region LR_IROM1 (Base: 0x08000000, Size: 0x00000bcc, Max: 0x00100000, ABSOLUTE)

    Execution Region ER_IROM1 (Exec base: 0x08000000, Load base: 0x08000000, Size: 0x00000bcc, Max: 0x00100000, ABSOLUTE)

    Exec Addr    Load Addr    Size         Type   Attr      Idx    E Section Name        Object

    0x08000000   0x08000000   0x00000188   Data   RO           20    RESET               startup_stm32l476xx.o
    0x08000188   0x08000188   0x00000008   Code   RO          156  * !!!main             c_w.l(__main.o)
    0x08000190   0x08000190   0x0000005c   Code   RO          637    !!!scatter          c_w.l(__scatter.o)
    0x080001ec   0x080001ec   0x00000002   Code   RO          638    !!handler_null      c_w.l(__scatter.o)
    0x080001ee   0x080001ee   0x00000002   PAD
    0x080001f0   0x080001f0   0x0000001c   Code   RO          641    !!handler_zi        c_w.l(__scatter_zi.o)
    0x0800020c   0x0800020c   0x00000002   Code   RO          397    .ARM.Collect$$libinit$$00000000  c_w.l(libinit.o)
    0x0800020e   0x0800020e   0x00000004   Code   RO          439    .ARM.Collect$$libinit$$00000001  c_w.l(libinit2.o)
    0x08000212   0x08000212   0x00000000   Code   RO          442    .ARM.Collect$$libinit$$00000004  c_w.l(libinit2.o)
    0x08000212   0x08000212   0x00000000   Code   RO          444    .ARM.Collect$$libinit$$00000006  c_w.l(libinit2.o)
    0x08000212   0x08000212   0x00000000   Code   RO          447    .ARM.Collect$$libinit$$0000000C  c_w.l(libinit2.o)
    0x08000212   0x08000212   0x00000000   Code   RO          449    .ARM.Collect$$libinit$$0000000E  c_w.l(libinit2.o)
    0x08000212   0x08000212   0x00000000   Code   RO          451    .ARM.Collect$$libinit$$00000010  c_w.l(libinit2.o)
    0x08000212   0x08000212   0x00000000   Code   RO          454    .ARM.Collect$$libinit$$00000013  c_w.l(libinit2.o)
    0x08000212   0x08000212   0x00000000   Code   RO          456    .ARM.Collect$$libinit$$00000015  c_w.l(libinit2.o)
    0x08000212   0x08000212   0x00000000   Code   RO          458    .ARM.Collect$$libinit$$00000017  c_w.l(libinit2.o)
    0x08000212   0x08000212   0x00000000   Code   RO          460    .ARM.Collect$$libinit$$00000019  c_w.l(libinit2.o)
    0x08000212   0x08000212   0x00000000   Code   RO          462    .ARM.Collect$$libinit$$0000001B  c_w.l(libinit2.o)
    0x08000212   0x08000212   0x00000000   Code   RO          464    .ARM.Collect$$libinit$$0000001D  c_w.l(libinit2.o)
    0x08000212   0x08000212   0x00000000   Code   RO          466    .ARM.Collect$$libinit$$0000001F  c_w.l(libinit2.o)
    0x08000212   0x08000212   0x00000000   Code   RO          468    .ARM.Collect$$libinit$$00000021  c_w.l(libinit2.o)
    0x08000212   0x08000212   0x00000000   Code   RO          470    .ARM.Collect$$libinit$$00000023  c_w.l(libinit2.o)
    0x08000212   0x08000212   0x00000000   Code   RO          472    .ARM.Collect$$libinit$$00000025  c_w.l(libinit2.o)
    0x08000212   0x08000212   0x00000000   Code   RO          474    .ARM.Collect$$libinit$$00000027  c_w.l(libinit2.o)
    0x08000212   0x08000212   0x00000000   Code   RO          478    .ARM.Collect$$libinit$$0000002E  c_w.l(libinit2.o)
    0x08000212   0x08000212   0x00000000   Code   RO          480    .ARM.Collect$$libinit$$00000030  c_w.l(libinit2.o)
    0x08000212   0x08000212   0x00000000   Code   RO          482    .ARM.Collect$$libinit$$00000032  c_w.l(libinit2.o)
    0x08000212   0x08000212   0x00000000   Code   RO          484    .ARM.Collect$$libinit$$00000034  c_w.l(libinit2.o)
    0x08000212   0x08000212   0x00000002   Code   RO          485    .ARM.Collect$$libinit$$00000035  c_w.l(libinit2.o)
    0x08000214   0x08000214   0x00000002   Code   RO          539    .ARM.Collect$$libshutdown$$00000000  c_w.l(libshutdown.o)
    0x08000216   0x08000216   0x00000000   Code   RO          572    .ARM.Collect$$libshutdown$$00000002  c_w.l(libshutdown2.o)
    0x08000216   0x08000216   0x00000000   Code   RO          574    .ARM.Collect$$libshutdown$$00000004  c_w.l(libshutdown2.o)
    0x08000216   0x08000216   0x00000000   Code   RO          577    .ARM.Collect$$libshutdown$$00000007  c_w.l(libshutdown2.o)
    0x08000216   0x08000216   0x00000000   Code   RO          580    .ARM.Collect$$libshutdown$$0000000A  c_w.l(libshutdown2.o)
    0x08000216   0x08000216   0x00000000   Code   RO          582    .ARM.Collect$$libshutdown$$0000000C  c_w.l(libshutdown2.o)
    0x08000216   0x08000216   0x00000000   Code   RO          585    .ARM.Collect$$libshutdown$$0000000F  c_w.l(libshutdown2.o)
    0x08000216   0x08000216   0x00000002   Code   RO          586    .ARM.Collect$$libshutdown$$00000010  c_w.l(libshutdown2.o)
    0x08000218   0x08000218   0x00000000   Code   RO          158    .ARM.Collect$$rtentry$$00000000  c_w.l(__rtentry.o)
    0x08000218   0x08000218   0x00000000   Code   RO          277    .ARM.Collect$$rtentry$$00000002  c_w.l(__rtentry2.o)
    0x08000218   0x08000218   0x00000006   Code   RO          289    .ARM.Collect$$rtentry$$00000004  c_w.l(__rtentry4.o)
    0x0800021e   0x0800021e   0x00000000   Code   RO          279    .ARM.Collect$$rtentry$$00000009  c_w.l(__rtentry2.o)
    0x0800021e   0x0800021e   0x00000004   Code   RO          280    .ARM.Collect$$rtentry$$0000000A  c_w.l(__rtentry2.o)
    0x08000222   0x08000222   0x00000000   Code   RO          282    .ARM.Collect$$rtentry$$0000000C  c_w.l(__rtentry2.o)
    0x08000222   0x08000222   0x00000008   Code   RO          283    .ARM.Collect$$rtentry$$0000000D  c_w.l(__rtentry2.o)
    0x0800022a   0x0800022a   0x00000002   Code   RO          424    .ARM.Collect$$rtexit$$00000000  c_w.l(rtexit.o)
    0x0800022c   0x0800022c   0x00000000   Code   RO          499    .ARM.Collect$$rtexit$$00000002  c_w.l(rtexit2.o)
    0x0800022c   0x0800022c   0x00000004   Code   RO          500    .ARM.Collect$$rtexit$$00000003  c_w.l(rtexit2.o)
    0x08000230   0x08000230   0x00000006   Code   RO          501    .ARM.Collect$$rtexit$$00000004  c_w.l(rtexit2.o)
    0x08000236   0x08000236   0x00000002   PAD
    0x08000238   0x08000238   0x0000008c   Code   RO           21    .text               startup_stm32l476xx.o
    0x080002c4   0x080002c4   0x00000006   Code   RO          154    .text               c_w.l(heapauxi.o)
    0x080002ca   0x080002ca   0x0000004a   Code   RO          331    .text               c_w.l(sys_stackheap_outer.o)
    0x08000314   0x08000314   0x00000012   Code   RO          388    .text               c_w.l(exit.o)
    0x08000326   0x08000326   0x00000002   PAD
    0x08000328   0x08000328   0x00000008   Code   RO          421    .text               c_w.l(libspace.o)
    0x08000330   0x08000330   0x0000000c   Code   RO          529    .text               c_w.l(sys_exit.o)
    0x0800033c   0x0800033c   0x00000002   Code   RO          562    .text               c_w.l(use_no_semi.o)
    0x0800033e   0x0800033e   0x00000000   Code   RO          564    .text               c_w.l(indicate_semi.o)
    0x0800033e   0x0800033e   0x00000002   PAD
    0x08000340   0x08000340   0x00000058   Code   RO           28    .text.LED_Init      led.o
    0x08000398   0x08000398   0x00000010   Code   RO           32    .text.LED_Off       led.o
    0x080003a8   0x080003a8   0x00000010   Code   RO           30    .text.LED_On        led.o
    0x080003b8   0x080003b8   0x00000010   Code   RO           91    .text.SysTick_Handler  systimer.o
    0x080003c8   0x080003c8   0x0000005a   Code   RO           85    .text.SysTick_Init  systimer.o
    0x08000422   0x08000422   0x00000002   PAD
    0x08000424   0x08000424   0x000001d2   Code   RO           43    .text.System_Clock_Init  sysclock.o
    0x080005f6   0x080005f6   0x00000002   PAD
    0x080005f8   0x080005f8   0x00000066   Code   RO           53    .text.UART2_GPIO_Init  uart.o
    0x0800065e   0x0800065e   0x00000002   PAD
    0x08000660   0x08000660   0x0000003c   Code   RO           51    .text.UART2_Init    uart.o
    0x0800069c   0x0800069c   0x000000f0   Code   RO           55    .text.USART_Init    uart.o
    0x0800078c   0x0800078c   0x00000030   Code   RO           89    .text.__NVIC_EnableIRQ  systimer.o
    0x080007bc   0x080007bc   0x00000042   Code   RO           87    .text.__NVIC_SetPriority  systimer.o
    0x080007fe   0x080007fe   0x00000002   PAD
    0x08000800   0x08000800   0x0000003e   Code   RO           93    .text.delay         systimer.o
    0x0800083e   0x0800083e   0x00000002   PAD
    0x08000840   0x08000840   0x00000042   Code   RO            6    .text.main          main.o
    0x08000882   0x08000882   0x00000002   PAD
    0x08000884   0x08000884   0x00000066   Code   RO          103    .text.morse_lookup  char_to_morse.o
    0x080008ea   0x080008ea   0x00000002   PAD
    0x080008ec   0x080008ec   0x0000005c   Code   RO          109    .text.send_morse_char  char_to_morse.o
    0x08000948   0x08000948   0x0000002e   Code   RO          107    .text.send_morse_string  char_to_morse.o
    0x08000976   0x08000976   0x00000002   PAD
    0x08000978   0x08000978   0x0000002a   Code   RO          111    .text.send_symbol   char_to_morse.o
    0x080009a2   0x080009a2   0x00000002   PAD
    0x080009a4   0x080009a4   0x00000014   Code   RO          105    .text.unit_delay    char_to_morse.o
    0x080009b8   0x080009b8   0x0000001a   Code   RO          517    x$fpl$fpinit        fz_wm.l(fpinit.o)
    0x080009d2   0x080009d2   0x0000005e   Data   RO            9    .rodata.str1.1      main.o
    0x08000a30   0x08000a30   0x00000062   Data   RO          114    .rodata.str1.1      char_to_morse.o
    0x08000a92   0x08000a92   0x00000002   PAD
    0x08000a94   0x08000a94   0x00000128   Data   RO          113    .rodata.table       char_to_morse.o
    0x08000bbc   0x08000bbc   0x00000010   Data   RO          636    Region$$Table       anon$$obj.o


    Execution Region RW_IRAM1 (Exec base: 0x20000000, Load base: 0x08000bcc, Size: 0x00000668, Max: 0x00018000, ABSOLUTE)

    Exec Addr    Load Addr    Size         Type   Attr      Idx    E Section Name        Object

    0x20000000        -       0x00000060   Zero   RW          422    .bss                c_w.l(libspace.o)
    0x20000060        -       0x00000004   Zero   RW           95    .bss.msTicks        systimer.o
    0x20000064   0x08000bcc   0x00000004   PAD
    0x20000068        -       0x00000200   Zero   RW           19    HEAP                startup_stm32l476xx.o
    0x20000268        -       0x00000400   Zero   RW           18    STACK               startup_stm32l476xx.o


==============================================================================

Image component sizes


      Code (inc. data)   RO Data    RW Data    ZI Data      Debug   Object Name

       302          0        394          0          0       2230   char_to_morse.o
       120          0          0          0          0       1998   led.o
        66          0         94          0          0       1777   main.o
       140         48        392          0       1536        968   startup_stm32l476xx.o
       466          0          0          0          0       2208   sysclock.o
       282          0          0          0          4       4419   systimer.o
       402          0          0          0          0       3380   uart.o

    ----------------------------------------------------------------------
      1796         48        898          0       1544      16980   Object Totals
         0          0         16          0          0          0   (incl. Generated)
        18          0          2          0          4          0   (incl. Padding)

    ----------------------------------------------------------------------

      Code (inc. data)   RO Data    RW Data    ZI Data      Debug   Library Member Name

         8          0          0          0          0         68   __main.o
         0          0          0          0          0          0   __rtentry.o
        12          0          0          0          0          0   __rtentry2.o
         6          0          0          0          0          0   __rtentry4.o
        94          8          0          0          0          0   __scatter.o
        28          0          0          0          0          0   __scatter_zi.o
        18          0          0          0          0         80   exit.o
         6          0          0          0          0        152   heapauxi.o
         0          0          0          0          0          0   indicate_semi.o
         2          0          0          0          0          0   libinit.o
         6          0          0          0          0          0   libinit2.o
         2          0          0          0          0          0   libshutdown.o
         2          0          0          0          0          0   libshutdown2.o
         8          4          0          0         96         68   libspace.o
         2          0          0          0          0          0   rtexit.o
        10          0          0          0          0          0   rtexit2.o
        12          4          0          0          0         68   sys_exit.o
        74          0          0          0          0         80   sys_stackheap_outer.o
         2          0          0          0          0         68   use_no_semi.o
        26          0          0          0          0        116   fpinit.o

    ----------------------------------------------------------------------
       326         16          0          0         96        700   Library Totals
         8          0          0          0          0          0   (incl. Padding)

    ----------------------------------------------------------------------

      Code (inc. data)   RO Data    RW Data    ZI Data      Debug   Library Name

       292         16          0          0         96        584   c_w.l
        26          0          0          0          0        116   fz_wm.l

    ----------------------------------------------------------------------
       326         16          0          0         96        700   Library Totals

    ----------------------------------------------------------------------

==============================================================================


      Code (inc. data)   RO Data    RW Data    ZI Data      Debug   

      2122         64        898          0       1640      17424   Grand Totals
      2122         64        898          0       1640      17424   ELF Image Totals
      2122         64        898          0          0          0   ROM Totals

==============================================================================

    Total RO  Size (Code + RO Data)                 3020 (   2.95kB)
    Total RW  Size (RW Data + ZI Data)              1640 (   1.60kB)
    Total ROM Size (Code + RO Data + RW Data)       3020 (   2.95kB)

==============================================================================

