Component: Arm Compiler for Embedded 6.23 Tool: armlink [5f102400]

==============================================================================

Section Cross References

    main.o(.text.UART_input_handler) refers to main.o(.rodata.str1.1) for .L.str
    main.o(.text.UART_input_handler) refers to printf.o(.text) for printf
    main.o(.text.UART_input_handler) refers to uart_printf.o(.bss.__stdin) for __stdin
    main.o(.text.UART_input_handler) refers to getc.o(.text) for getc
    main.o(.text.UART_input_handler) refers to uart_printf.o(.bss.__stdout) for __stdout
    main.o(.text.UART_input_handler) refers to putc.o(.text) for putc
    main.o(.text.UART_input_handler) refers to char_to_morse.o(.text.send_morse_string) for send_morse_string
    main.o(.ARM.exidx.text.UART_input_handler) refers to main.o(.text.UART_input_handler) for [Anonymous Symbol]
    main.o(.text.UART_print_Done) refers to main.o(.bss.buffer) for buffer
    main.o(.text.UART_print_Done) refers to main.o(.rodata.str1.1) for .L.str.3
    main.o(.text.UART_print_Done) refers to sprintf.o(.text) for sprintf
    main.o(.text.UART_print_Done) refers to uart.o(.text.USART_Write) for USART_Write
    main.o(.ARM.exidx.text.UART_print_Done) refers to main.o(.text.UART_print_Done) for [Anonymous Symbol]
    main.o(.text.main) refers to sysclock.o(.text.System_Clock_Init) for System_Clock_Init
    main.o(.text.main) refers to systimer.o(.text.SysTick_Init) for SysTick_Init
    main.o(.text.main) refers to led.o(.text.LED_Init) for LED_Init
    main.o(.text.main) refers to uart.o(.text.UART2_Init) for UART2_Init
    main.o(.text.main) refers to main.o(.rodata.str1.1) for .L.str.4
    main.o(.text.main) refers to printf.o(.text) for printf
    main.o(.text.main) refers to main.o(.text.UART_input_handler) for UART_input_handler
    main.o(.text.main) refers to char_to_morse.o(.text.unit_delay) for unit_delay
    main.o(.ARM.exidx.text.main) refers to main.o(.text.main) for [Anonymous Symbol]
    startup_stm32l476xx.o(STACK) refers (Special) to heapauxi.o(.text) for __use_two_region_memory
    startup_stm32l476xx.o(HEAP) refers (Special) to heapauxi.o(.text) for __use_two_region_memory
    startup_stm32l476xx.o(RESET) refers (Special) to heapauxi.o(.text) for __use_two_region_memory
    startup_stm32l476xx.o(RESET) refers to startup_stm32l476xx.o(STACK) for __initial_sp
    startup_stm32l476xx.o(RESET) refers to startup_stm32l476xx.o(.text) for Reset_Handler
    startup_stm32l476xx.o(RESET) refers to systimer.o(.text.SysTick_Handler) for SysTick_Handler
    startup_stm32l476xx.o(RESET) refers to uart.o(.text.USART2_IRQHandler) for USART2_IRQHandler
    startup_stm32l476xx.o(.text) refers (Special) to heapauxi.o(.text) for __use_two_region_memory
    startup_stm32l476xx.o(.text) refers to __main.o(!!!main) for __main
    startup_stm32l476xx.o(.text) refers to startup_stm32l476xx.o(HEAP) for Heap_Mem
    startup_stm32l476xx.o(.text) refers to startup_stm32l476xx.o(STACK) for Stack_Mem
    led.o(.ARM.exidx.text.LED_Init) refers to led.o(.text.LED_Init) for [Anonymous Symbol]
    led.o(.ARM.exidx.text.LED_On) refers to led.o(.text.LED_On) for [Anonymous Symbol]
    led.o(.ARM.exidx.text.LED_Off) refers to led.o(.text.LED_Off) for [Anonymous Symbol]
    led.o(.ARM.exidx.text.LED_Toggle) refers to led.o(.text.LED_Toggle) for [Anonymous Symbol]
    sysclock.o(.ARM.exidx.text.System_Clock_Init) refers to sysclock.o(.text.System_Clock_Init) for [Anonymous Symbol]
    uart.o(.text.UART2_Init) refers to uart.o(.text.UART2_GPIO_Init) for UART2_GPIO_Init
    uart.o(.text.UART2_Init) refers to uart.o(.text.USART_Init) for USART_Init
    uart.o(.text.UART2_Init) refers to uart.o(.text.__NVIC_SetPriority) for __NVIC_SetPriority
    uart.o(.text.UART2_Init) refers to uart.o(.text.__NVIC_EnableIRQ) for __NVIC_EnableIRQ
    uart.o(.ARM.exidx.text.UART2_Init) refers to uart.o(.text.UART2_Init) for [Anonymous Symbol]
    uart.o(.ARM.exidx.text.UART2_GPIO_Init) refers to uart.o(.text.UART2_GPIO_Init) for [Anonymous Symbol]
    uart.o(.ARM.exidx.text.USART_Init) refers to uart.o(.text.USART_Init) for [Anonymous Symbol]
    uart.o(.ARM.exidx.text.__NVIC_SetPriority) refers to uart.o(.text.__NVIC_SetPriority) for [Anonymous Symbol]
    uart.o(.ARM.exidx.text.__NVIC_EnableIRQ) refers to uart.o(.text.__NVIC_EnableIRQ) for [Anonymous Symbol]
    uart.o(.text.USART_Read) refers to uart.o(.bss.rx_head) for rx_head
    uart.o(.text.USART_Read) refers to uart.o(.bss.rx_tail) for rx_tail
    uart.o(.text.USART_Read) refers to uart.o(.bss.rx_buffer) for rx_buffer
    uart.o(.ARM.exidx.text.USART_Read) refers to uart.o(.text.USART_Read) for [Anonymous Symbol]
    uart.o(.text.USART_Write) refers to uart.o(.bss.tx_head) for tx_head
    uart.o(.text.USART_Write) refers to uart.o(.bss.tx_tail) for tx_tail
    uart.o(.text.USART_Write) refers to uart.o(.bss.tx_buffer) for tx_buffer
    uart.o(.ARM.exidx.text.USART_Write) refers to uart.o(.text.USART_Write) for [Anonymous Symbol]
[...]
    ../clib/printf.c                         0x00000000   Number         0  __printf_nopercent.o ABSOLUTE
    ../clib/printf.c                         0x00000000   Number         0  _printf_char.o ABSOLUTE
    ../clib/printf.c                         0x00000000   Number         0  _printf_wchar.o ABSOLUTE
    ../clib/printf.c                         0x00000000   Number         0  _printf_fp_infnan.o ABSOLUTE
    ../clib/printf_percent.s                 0x00000000   Number         0  _printf_c.o ABSOLUTE
    ../clib/printf_percent.s                 0x00000000   Number         0  _printf_s.o ABSOLUTE
    ../clib/printf_percent.s                 0x00000000   Number         0  _printf_n.o ABSOLUTE
    ../clib/printf_percent.s                 0x00000000   Number         0  _printf_x.o ABSOLUTE
    ../clib/printf_percent.s                 0x00000000   Number         0  _printf_p.o ABSOLUTE
    ../clib/printf_percent.s                 0x00000000   Number         0  _printf_o.o ABSOLUTE
    ../clib/printf_percent.s                 0x00000000   Number         0  _printf_i.o ABSOLUTE
    ../clib/printf_percent.s                 0x00000000   Number         0  _printf_d.o ABSOLUTE
    ../clib/printf_percent.s                 0x00000000   Number         0  _printf_u.o ABSOLUTE
    ../clib/printf_percent.s                 0x00000000   Number         0  _printf_f.o ABSOLUTE
    ../clib/printf_percent.s                 0x00000000   Number         0  _printf_e.o ABSOLUTE
    ../clib/printf_percent.s                 0x00000000   Number         0  _printf_g.o ABSOLUTE
    ../clib/printf_percent.s                 0x00000000   Number         0  _printf_a.o ABSOLUTE
    ../clib/printf_percent.s                 0x00000000   Number         0  _printf_percent.o ABSOLUTE
    ../clib/printf_percent.s                 0x00000000   Number         0  _printf_lli.o ABSOLUTE
    ../clib/printf_percent.s                 0x00000000   Number         0  _printf_lld.o ABSOLUTE
    ../clib/printf_percent.s                 0x00000000   Number         0  _printf_llu.o ABSOLUTE
    ../clib/printf_percent.s                 0x00000000   Number         0  _printf_ll.o ABSOLUTE
    ../clib/printf_percent.s                 0x00000000   Number         0  _printf_l.o ABSOLUTE
    ../clib/printf_percent.s                 0x00000000   Number         0  _printf_lc.o ABSOLUTE
    ../clib/printf_percent.s                 0x00000000   Number         0  _printf_ls.o ABSOLUTE
    ../clib/printf_percent.s                 0x00000000   Number         0  _printf_llo.o ABSOLUTE
    ../clib/printf_percent.s                 0x00000000   Number         0  _printf_llx.o ABSOLUTE
    ../clib/printf_percent.s                 0x00000000   Number         0  _printf_percent_end.o ABSOLUTE
    ../clib/signal.c                         0x00000000   Number         0  defsig_rtmem_outer.o ABSOLUTE
    ../clib/signal.c                         0x00000000   Number         0  defsig_rtmem_formal.o ABSOLUTE
    ../clib/signal.c                         0x00000000   Number         0  defsig_exit.o ABSOLUTE
    ../clib/signal.c                         0x00000000   Number         0  defsig_rtmem_inner.o ABSOLUTE
    ../clib/signal.c                         0x00000000   Number         0  __raise.o ABSOLUTE
    ../clib/signal.c                         0x00000000   Number         0  defsig_general.o ABSOLUTE
    ../clib/signal.c                         0x00000000   Number         0  defsig_abrt_inner.o ABSOLUTE
    ../clib/signal.c                         0x00000000   Number         0  defsig_fpe_inner.o ABSOLUTE
    ../clib/signal.c                         0x00000000   Number         0  defsig_rtred_inner.o ABSOLUTE
    ../clib/signal.c                         0x00000000   Number         0  defsig_stak_inner.o ABSOLUTE
    ../clib/signal.c                         0x00000000   Number         0  defsig_pvfn_inner.o ABSOLUTE
    ../clib/signal.c                         0x00000000   Number         0  defsig_cppl_inner.o ABSOLUTE
    ../clib/signal.c                         0x00000000   Number         0  defsig_segv_inner.o ABSOLUTE
    ../clib/signal.c                         0x00000000   Number         0  defsig_other.o ABSOLUTE
    ../clib/signal.s                         0x00000000   Number         0  defsig.o ABSOLUTE
    ../clib/stdio.c                          0x00000000   Number         0  getc.o ABSOLUTE
    ../clib/stdio.c                          0x00000000   Number         0  putc.o ABSOLUTE
    ../clib/stdio.c                          0x00000000   Number         0  ferror.o ABSOLUTE
    ../clib/stdio.c                          0x00000000   Number         0  ferror_locked.o ABSOLUTE
    ../clib/stdlib.c                         0x00000000   Number         0  exit.o ABSOLUTE
    ../fplib/fpinit.s                        0x00000000   Number         0  fpinit.o ABSOLUTE
    ../fplib/istatus.s                       0x00000000   Number         0  istatus.o ABSOLUTE
    ../fplib/printf1.s                       0x00000000   Number         0  printf1.o ABSOLUTE
    ../fplib/printf2.s                       0x00000000   Number         0  printf2.o ABSOLUTE
    ../fplib/printf2a.s                      0x00000000   Number         0  printf2a.o ABSOLUTE
    ../fplib/printf2b.s                      0x00000000   Number         0  printf2b.o ABSOLUTE
    ../fplib/usenofp.s                       0x00000000   Number         0  usenofp.o ABSOLUTE
    ../mathlib/fpclassify.c                  0x00000000   Number         0  fpclassify.o ABSOLUTE
    Char_to_Morse.c                          0x00000000   Number         0  char_to_morse.o ABSOLUTE
    LED.c                                    0x00000000   Number         0  led.o ABSOLUTE
    SysClock.c                               0x00000000   Number         0  sysclock.o ABSOLUTE
    SysTimer.c                               0x00000000   Number         0  systimer.o ABSOLUTE
    UART.c                                   0x00000000   Number         0  uart.o ABSOLUTE
    UART_printf.c                            0x00000000   Number         0  uart_printf.o ABSOLUTE
    dc.s                                     0x00000000   Number         0  dc.o ABSOLUTE
    main.c                                   0x00000000   Number         0  main.o ABSOLUTE
    ring_buffer.c                            0x00000000   Number         0  ring_buffer.o ABSOLUTE
    startup_stm32l476xx.s                    0x00000000   Number         0  startup_stm32l476xx.o ABSOLUTE
    RESET                                    0x08000000   Section      392  startup_stm32l476xx.o(RESET)
    !!!main                                  0x08000188   Section        8  __main.o(!!!main)
    !!!scatter                               0x08000190   Section       92  __scatter.o(!!!scatter)
    !!handler_null                           0x080001ec   Section        2  __scatter.o(!!handler_null)
    !!handler_zi                             0x080001f0   Section       28  __scatter_zi.o(!!handler_zi)
    .ARM.Collect$$_printf_percent$$00000000  0x0800020c   Section        0  _printf_percent.o(.ARM.Collect$$_printf_percent$$00000000)
    .ARM.Collect$$_printf_percent$$00000001  0x0800020c   Section        6  _printf_n.o(.ARM.Collect$$_printf_percent$$00000001)
    .ARM.Collect$$_printf_percent$$00000002  0x08000212   Section        6  _printf_p.o(.ARM.Collect$$_printf_percent$$00000002)
    .ARM.Collect$$_printf_percent$$00000003  0x08000218   Section        6  _printf_f.o(.ARM.Collect$$_printf_percent$$00000003)
    .ARM.Collect$$_printf_percent$$00000004  0x0800021e   Section        6  _printf_e.o(.ARM.Collect$$_printf_percent$$00000004)
    .ARM.Collect$$_printf_percent$$00000005  0x08000224   Section        6  _printf_g.o(.ARM.Collect$$_printf_percent$$00000005)
    .ARM.Collect$$_printf_percent$$00000006  0x0800022a   Section        6  _printf_a.o(.ARM.Collect$$_printf_percent$$00000006)
    .ARM.Collect$$_printf_percent$$00000007  0x08000230   Section       10  _printf_ll.o(.ARM.Collect$$_printf_percent$$00000007)
    .ARM.Collect$$_printf_percent$$00000008  0x0800023a   Section        6  _printf_i.o(.ARM.Collect$$_printf_percent$$00000008)
    .ARM.Collect$$_printf_percent$$00000009  0x08000240   Section        6  _printf_d.o(.ARM.Collect$$_printf_percent$$00000009)
    .ARM.Collect$$_printf_percent$$0000000A  0x08000246   Section        6  _printf_u.o(.ARM.Collect$$_printf_percent$$0000000A)
    .ARM.Collect$$_printf_percent$$0000000B  0x0800024c   Section        6  _printf_o.o(.ARM.Collect$$_printf_percent$$0000000B)
    .ARM.Collect$$_printf_percent$$0000000C  0x08000252   Section        6  _printf_x.o(.ARM.Collect$$_printf_percent$$0000000C)
    .ARM.Collect$$_printf_percent$$0000000D  0x08000258   Section        6  _printf_lli.o(.ARM.Collect$$_printf_percent$$0000000D)
    .ARM.Collect$$_printf_percent$$0000000E  0x0800025e   Section        6  _printf_lld.o(.ARM.Collect$$_printf_percent$$0000000E)
    .ARM.Collect$$_printf_percent$$0000000F  0x08000264   Section        6  _printf_llu.o(.ARM.Collect$$_printf_percent$$0000000F)
    .ARM.Collect$$_printf_percent$$00000010  0x0800026a   Section        6  _printf_llo.o(.ARM.Collect$$_printf_percent$$00000010)
    .ARM.Collect$$_printf_percent$$00000011  0x08000270   Section        6  _printf_llx.o(.ARM.Collect$$_printf_percent$$00000011)
    .ARM.Collect$$_printf_percent$$00000012  0x08000276   Section       10  _printf_l.o(.ARM.Collect$$_printf_percent$$00000012)
    .ARM.Collect$$_printf_percent$$00000013  0x08000280   Section        6  _printf_c.o(.ARM.Collect$$_printf_percent$$00000013)
    .ARM.Collect$$_printf_percent$$00000014  0x08000286   Section        6  _printf_s.o(.ARM.Collect$$_printf_percent$$00000014)
    .ARM.Collect$$_printf_percent$$00000015  0x0800028c   Section        6  _printf_lc.o(.ARM.Collect$$_printf_percent$$00000015)
    .ARM.Collect$$_printf_percent$$00000016  0x08000292   Section        6  _printf_ls.o(.ARM.Collect$$_printf_percent$$00000016)
    .ARM.Collect$$_printf_percent$$00000017  0x08000298   Section        4  _printf_percent_end.o(.ARM.Collect$$_printf_percent$$00000017)
    .ARM.Collect$$libinit$$00000000          0x0800029c   Section        2  libinit.o(.ARM.Collect$$libinit$$00000000)
    .ARM.Collect$$libinit$$00000001          0x0800029e   Section        4  libinit2.o(.ARM.Collect$$libinit$$00000001)
    .ARM.Collect$$libinit$$00000004          0x080002a2   Section        0  libinit2.o(.ARM.Collect$$libinit$$00000004)
    .ARM.Collect$$libinit$$00000006          0x080002a2   Section        0  libinit2.o(.ARM.Collect$$libinit$$00000006)
    .ARM.Collect$$libinit$$0000000C          0x080002a2   Section        0  libinit2.o(.ARM.Collect$$libinit$$0000000C)
    .ARM.Collect$$libinit$$0000000E          0x080002a2   Section        0  libinit2.o(.ARM.Collect$$libinit$$0000000E)
    .ARM.Collect$$libinit$$00000010          0x080002a2   Section        0  libinit2.o(.ARM.Collect$$libinit$$00000010)
    .ARM.Collect$$libinit$$00000011          0x080002a2   Section        6  libinit2.o(.ARM.Collect$$libinit$$00000011)
    .ARM.Collect$$libinit$$00000013          0x080002a8   Section        0  libinit2.o(.ARM.Collect$$libinit$$00000013)
    .ARM.Collect$$libinit$$00000014          0x080002a8   Section       12  libinit2.o(.ARM.Collect$$libinit$$00000014)
    .ARM.Collect$$libinit$$00000015          0x080002b4   Section        0  libinit2.o(.ARM.Collect$$libinit$$00000015)
    .ARM.Collect$$libinit$$00000017          0x080002b4   Section        0  libinit2.o(.ARM.Collect$$libinit$$00000017)
    .ARM.Collect$$libinit$$00000018          0x080002b4   Section       10  libinit2.o(.ARM.Collect$$libinit$$00000018)
    .ARM.Collect$$libinit$$00000019          0x080002be   Section        0  libinit2.o(.ARM.Collect$$libinit$$00000019)
    .ARM.Collect$$libinit$$0000001B          0x080002be   Section        0  libinit2.o(.ARM.Collect$$libinit$$0000001B)
    .ARM.Collect$$libinit$$0000001D          0x080002be   Section        0  libinit2.o(.ARM.Collect$$libinit$$0000001D)
    .ARM.Collect$$libinit$$0000001F          0x080002be   Section        0  libinit2.o(.ARM.Collect$$libinit$$0000001F)
    .ARM.Collect$$libinit$$00000021          0x080002be   Section        0  libinit2.o(.ARM.Collect$$libinit$$00000021)
    .ARM.Collect$$libinit$$00000023          0x080002be   Section        0  libinit2.o(.ARM.Collect$$libinit$$00000023)
    .ARM.Collect$$libinit$$00000025          0x080002be   Section        0  libinit2.o(.ARM.Collect$$libinit$$00000025)
    .ARM.Collect$$libinit$$00000027          0x080002be   Section        0  libinit2.o(.ARM.Collect$$libinit$$00000027)
    .ARM.Collect$$libinit$$0000002E          0x080002be   Section        0  libinit2.o(.ARM.Collect$$libinit$$0000002E)
    .ARM.Collect$$libinit$$00000030          0x080002be   Section        0  libinit2.o(.ARM.Collect$$libinit$$00000030)
    .ARM.Collect$$libinit$$00000032          0x080002be   Section        0  libinit2.o(.ARM.Collect$$libinit$$00000032)
    .ARM.Collect$$libinit$$00000034          0x080002be   Section        0  libinit2.o(.ARM.Collect$$libinit$$00000034)
    .ARM.Collect$$libinit$$00000035          0x080002be   Section        2  libinit2.o(.ARM.Collect$$libinit$$00000035)
    .ARM.Collect$$libshutdown$$00000000      0x080002c0   Section        2  libshutdown.o(.ARM.Collect$$libshutdown$$00000000)
    .ARM.Collect$$libshutdown$$00000002      0x080002c2   Section        0  libshutdown2.o(.ARM.Collect$$libshutdown$$00000002)
    .ARM.Collect$$libshutdown$$00000004      0x080002c2   Section        0  libshutdown2.o(.ARM.Collect$$libshutdown$$00000004)
    .ARM.Collect$$libshutdown$$00000007      0x080002c2   Section        0  libshutdown2.o(.ARM.Collect$$libshutdown$$00000007)
    .ARM.Collect$$libshutdown$$0000000A      0x080002c2   Section        0  libshutdown2.o(.ARM.Collect$$libshutdown$$0000000A)
    .ARM.Collect$$libshutdown$$0000000C      0x080002c2   Section        0  libshutdown2.o(.ARM.Collect$$libshutdown$$0000000C)
    .ARM.Collect$$libshutdown$$0000000F      0x080002c2   Section        0  libshutdown2.o(.ARM.Collect$$libshutdown$$0000000F)
    .ARM.Collect$$libshutdown$$00000010      0x080002c2   Section        2  libshutdown2.o(.ARM.Collect$$libshutdown$$00000010)
    .ARM.Collect$$rtentry$$00000000          0x080002c4   Section        0  __rtentry.o(.ARM.Collect$$rtentry$$00000000)
    .ARM.Collect$$rtentry$$00000002          0x080002c4   Section        0  __rtentry2.o(.ARM.Collect$$rtentry$$00000002)
    .ARM.Collect$$rtentry$$00000004          0x080002c4   Section        6  __rtentry4.o(.ARM.Collect$$rtentry$$00000004)
    .ARM.Collect$$rtentry$$00000009          0x080002ca   Section        0  __rtentry2.o(.ARM.Collect$$rtentry$$00000009)
    .ARM.Collect$$rtentry$$0000000A          0x080002ca   Section        4  __rtentry2.o(.ARM.Collect$$rtentry$$0000000A)
    .ARM.Collect$$rtentry$$0000000C          0x080002ce   Section        0  __rtentry2.o(.ARM.Collect$$rtentry$$0000000C)
    .ARM.Collect$$rtentry$$0000000D          0x080002ce   Section        8  __rtentry2.o(.ARM.Collect$$rtentry$$0000000D)
    .ARM.Collect$$rtexit$$00000000           0x080002d6   Section        2  rtexit.o(.ARM.Collect$$rtexit$$00000000)
    .ARM.Collect$$rtexit$$00000002           0x080002d8   Section        0  rtexit2.o(.ARM.Collect$$rtexit$$00000002)
    .ARM.Collect$$rtexit$$00000003           0x080002d8   Section        4  rtexit2.o(.ARM.Collect$$rtexit$$00000003)
    .ARM.Collect$$rtexit$$00000004           0x080002dc   Section        6  rtexit2.o(.ARM.Collect$$rtexit$$00000004)
    $v0                                      0x080002e4   Number         0  startup_stm32l476xx.o(.text)
    .text                                    0x080002e4   Section      140  startup_stm32l476xx.o(.text)
    .text                                    0x08000370   Section        0  printf.o(.text)
    .text                                    0x08000388   Section        0  getc.o(.text)
    .text                                    0x0800038c   Section        0  putc.o(.text)
    .text                                    0x08000390   Section        0  heapauxi.o(.text)
    .text                                    0x08000396   Section        0  _printf_pad.o(.text)
    .text                                    0x080003e4   Section        0  _printf_truncate.o(.text)
    .text                                    0x08000408   Section        0  _printf_str.o(.text)
    .text                                    0x0800045c   Section        0  _printf_dec.o(.text)
    .text                                    0x080004d4   Section        0  _printf_charcount.o(.text)
    _printf_input_char                       0x080004fd   Thumb Code    10  _printf_char_common.o(.text)
    .text                                    0x080004fc   Section        0  _printf_char_common.o(.text)
    .text                                    0x0800052c   Section        0  _printf_char_file.o(.text)
    .text                                    0x08000550   Section        0  _printf_wctomb.o(.text)
    .text                                    0x08000614   Section        0  _printf_longlong_dec.o(.text)
    _printf_longlong_oct_internal            0x08000691   Thumb Code     0  _printf_oct_int_ll.o(.text)
    .text                                    0x08000690   Section        0  _printf_oct_int_ll.o(.text)
    _printf_hex_common                       0x08000701   Thumb Code     0  _printf_hex_int_ll_ptr.o(.text)
    .text                                    0x08000700   Section        0  _printf_hex_int_ll_ptr.o(.text)
    .text                                    0x08000794   Section        0  __printf_flags_ss_wp.o(.text)
    .text                                    0x08000922   Section      138  lludiv10.o(.text)
    .text                                    0x080009ac   Section        0  _printf_intcommon.o(.text)
    _fp_digits                               0x08000a5f   Thumb Code   432  _printf_fp_dec.o(.text)
    .text                                    0x08000a5e   Section        0  _printf_fp_dec.o(.text)
    .text                                    0x08000e80   Section        0  _printf_fp_hex.o(.text)
    .text                                    0x08001182   Section        0  _printf_char.o(.text)
    .text                                    0x080011ae   Section        0  _printf_wchar.o(.text)
    .text                                    0x080011da   Section        0  ferror.o(.text)
    .text                                    0x080011e2   Section        0  _c16rtomb.o(.text)
    .text                                    0x0800122a   Section       74  sys_stackheap_outer.o(.text)
    .text                                    0x08001274   Section       16  rt_ctype_table.o(.text)
    .text                                    0x08001284   Section        8  rt_locale_intlibspace.o(.text)
    .text                                    0x0800128c   Section        0  _printf_fp_infnan.o(.text)
    .text                                    0x0800130c   Section        0  bigflt0.o(.text)
    .text                                    0x080013f0   Section        0  exit.o(.text)
    .text                                    0x08001404   Section        8  libspace.o(.text)
    .text                                    0x08001410   Section      124  strcmpv7em.o(.text)
    .text                                    0x0800148c   Section        0  sys_exit.o(.text)
    .text                                    0x08001498   Section        2  use_no_semi.o(.text)
    .text                                    0x0800149a   Section        0  indicate_semi.o(.text)
    [Anonymous Symbol]                       0x0800149c   Section        0  led.o(.text.LED_Init)
    [Anonymous Symbol]                       0x080014f4   Section        0  led.o(.text.LED_Off)
    [Anonymous Symbol]                       0x08001504   Section        0  led.o(.text.LED_On)
    [Anonymous Symbol]                       0x08001514   Section        0  systimer.o(.text.SysTick_Handler)
    [Anonymous Symbol]                       0x08001524   Section        0  systimer.o(.text.SysTick_Init)
    [Anonymous Symbol]                       0x08001580   Section        0  sysclock.o(.text.System_Clock_Init)
    [Anonymous Symbol]                       0x08001754   Section        0  uart.o(.text.UART2_GPIO_Init)
    [Anonymous Symbol]                       0x080017bc   Section        0  uart.o(.text.UART2_Init)
    [Anonymous Symbol]                       0x0800180c   Section        0  main.o(.text.UART_input_handler)
    [Anonymous Symbol]                       0x080018fc   Section        0  uart.o(.text.USART2_IRQHandler)
    [Anonymous Symbol]                       0x08001a50   Section        0  uart.o(.text.USART_Init)
    [Anonymous Symbol]                       0x08001b50   Section        0  uart.o(.text.USART_Read)
    [Anonymous Symbol]                       0x08001b9c   Section        0  uart.o(.text.USART_Write)
    __NVIC_EnableIRQ                         0x08001c15   Thumb Code    48  uart.o(.text.__NVIC_EnableIRQ)
    [Anonymous Symbol]                       0x08001c14   Section        0  uart.o(.text.__NVIC_EnableIRQ)
    __NVIC_EnableIRQ                         0x08001c45   Thumb Code    48  systimer.o(.text.__NVIC_EnableIRQ)
    [Anonymous Symbol]                       0x08001c44   Section        0  systimer.o(.text.__NVIC_EnableIRQ)
    __NVIC_SetPriority                       0x08001c75   Thumb Code    66  uart.o(.text.__NVIC_SetPriority)
    [Anonymous Symbol]                       0x08001c74   Section        0  uart.o(.text.__NVIC_SetPriority)
    __NVIC_SetPriority                       0x08001cb9   Thumb Code    66  systimer.o(.text.__NVIC_SetPriority)
    [Anonymous Symbol]                       0x08001cb8   Section        0  systimer.o(.text.__NVIC_SetPriority)
    [Anonymous Symbol]                       0x08001cfc   Section        0  systimer.o(.text.delay)
    [Anonymous Symbol]                       0x08001d3c   Section        0  uart_printf.o(.text.fgetc)
    [Anonymous Symbol]                       0x08001d5c   Section        0  uart_printf.o(.text.fputc)
    [Anonymous Symbol]                       0x08001d84   Section        0  main.o(.text.main)
    [Anonymous Symbol]                       0x08001dc0   Section        0  char_to_morse.o(.text.morse_lookup)
    send_morse_char                          0x08001e29   Thumb Code    92  char_to_morse.o(.text.send_morse_char)
    [Anonymous Symbol]                       0x08001e28   Section        0  char_to_morse.o(.text.send_morse_char)
    [Anonymous Symbol]                       0x08001e84   Section        0  char_to_morse.o(.text.send_morse_string)
    send_symbol                              0x08001eb5   Thumb Code    42  char_to_morse.o(.text.send_symbol)
    [Anonymous Symbol]                       0x08001eb4   Section        0  char_to_morse.o(.text.send_symbol)
    [Anonymous Symbol]                       0x08001ee0   Section        0  char_to_morse.o(.text.unit_delay)
    CL$$btod_d2e                             0x08001ef4   Section       62  btod.o(CL$$btod_d2e)
    CL$$btod_d2e_denorm_low                  0x08001f32   Section       70  btod.o(CL$$btod_d2e_denorm_low)
    CL$$btod_d2e_norm_op1                    0x08001f78   Section       96  btod.o(CL$$btod_d2e_norm_op1)
    CL$$btod_div_common                      0x08001fd8   Section      824  btod.o(CL$$btod_div_common)
    CL$$btod_e2e                             0x08002310   Section      220  btod.o(CL$$btod_e2e)
    CL$$btod_ediv                            0x080023ec   Section       42  btod.o(CL$$btod_ediv)
    CL$$btod_emul                            0x08002416   Section       42  btod.o(CL$$btod_emul)
    CL$$btod_mult_common                     0x08002440   Section      580  btod.o(CL$$btod_mult_common)
    i.__ARM_fpclassify                       0x08002684   Section        0  fpclassify.o(i.__ARM_fpclassify)
    i._is_digit                              0x080026b4   Section        0  __printf_wp.o(i._is_digit)
    locale$$code                             0x080026c4   Section       44  lc_numeric_c.o(locale$$code)
    locale$$code                             0x080026f0   Section       44  lc_ctype_c.o(locale$$code)
    $v0                                      0x0800271c   Number         0  fpinit.o(x$fpl$fpinit)
    x$fpl$fpinit                             0x0800271c   Section       26  fpinit.o(x$fpl$fpinit)
    $v0                                      0x08002736   Number         0  printf1.o(x$fpl$printf1)
    x$fpl$printf1                            0x08002736   Section        4  printf1.o(x$fpl$printf1)
    $v0                                      0x0800273a   Number         0  printf2.o(x$fpl$printf2)
    x$fpl$printf2                            0x0800273a   Section        4  printf2.o(x$fpl$printf2)
    x$fpl$usenofp                            0x0800273e   Section        0  usenofp.o(x$fpl$usenofp)
    initial_mbstate                          0x08002740   Data           8  _printf_wctomb.o(.constdata)
    .constdata                               0x08002740   Section        8  _printf_wctomb.o(.constdata)
    uc_hextab                                0x08002748   Data          20  _printf_hex_int_ll_ptr.o(.constdata)
    .constdata                               0x08002748   Section       40  _printf_hex_int_ll_ptr.o(.constdata)
    lc_hextab                                0x0800275c   Data          20  _printf_hex_int_ll_ptr.o(.constdata)
    maptable                                 0x08002770   Data          17  __printf_flags_ss_wp.o(.constdata)
    .constdata                               0x08002770   Section       17  __printf_flags_ss_wp.o(.constdata)
    lc_hextab                                0x08002781   Data          19  _printf_fp_hex.o(.constdata)
    .constdata                               0x08002781   Section       38  _printf_fp_hex.o(.constdata)
    uc_hextab                                0x08002794   Data          19  _printf_fp_hex.o(.constdata)
    tenpwrs_x                                0x080027a8   Data          60  bigflt0.o(.constdata)
    .constdata                               0x080027a8   Section      148  bigflt0.o(.constdata)
    tenpwrs_i                                0x080027e4   Data          64  bigflt0.o(.constdata)
    .L.str.2                                 0x0800283c   Data           9  main.o(.rodata.str1.1)
    [Anonymous Symbol]                       0x0800283c   Section        0  main.o(.rodata.str1.1)
    .L.str.4                                 0x08002845   Data          34  main.o(.rodata.str1.1)
    .L.str.1                                 0x08002867   Data          29  main.o(.rodata.str1.1)
    .L.str                                   0x08002884   Data          52  main.o(.rodata.str1.1)
    .L.str.3                                 0x08002896   Data           6  main.o(.rodata.str1.1)
    [Anonymous Symbol]                       0x080028be   Section        0  char_to_morse.o(.rodata.str1.1)
    table                                    0x08002920   Data         296  char_to_morse.o(.rodata.table)
    [Anonymous Symbol]                       0x08002920   Section        0  char_to_morse.o(.rodata.table)
    locale$$data                             0x08002a58   Section       28  lc_numeric_c.o(locale$$data)
    __lcnum_c_name                           0x08002a5c   Data           2  lc_numeric_c.o(locale$$data)
    __lcnum_c_start                          0x08002a64   Data           0  lc_numeric_c.o(locale$$data)
    __lcnum_c_point                          0x08002a70   Data           0  lc_numeric_c.o(locale$$data)
    __lcnum_c_thousands                      0x08002a72   Data           0  lc_numeric_c.o(locale$$data)
    __lcnum_c_grouping                       0x08002a73   Data           0  lc_numeric_c.o(locale$$data)
    __lcnum_c_end                            0x08002a74   Data           0  lc_numeric_c.o(locale$$data)
    locale$$data                             0x08002a74   Section      272  lc_ctype_c.o(locale$$data)
    __lcctype_c_name                         0x08002a78   Data           2  lc_ctype_c.o(locale$$data)
    __lcctype_c_start                        0x08002a80   Data           0  lc_ctype_c.o(locale$$data)
    __lcctype_c_end                          0x08002b84   Data           0  lc_ctype_c.o(locale$$data)
    .bss                                     0x20000000   Section       96  libspace.o(.bss)
    Heap_Mem                                 0x20000220   Data         512  startup_stm32l476xx.o(HEAP)
    HEAP                                     0x20000220   Section      512  startup_stm32l476xx.o(HEAP)
    Stack_Mem                                0x20000420   Data        1024  startup_stm32l476xx.o(STACK)
    STACK                                    0x20000420   Section     1024  startup_stm32l476xx.o(STACK)
    __initial_sp                             0x20000820   Data           0  startup_stm32l476xx.o(STACK)

    Global Symbols

    Symbol Name                              Value     Ov Type        Size  Object(Section)

    BuildAttributes$$THM_ISAv4$E$P$D$K$B$S$7EM$VFPi3$EXTD16$VFPS$VFMA$PE$A:L22UL41UL21$X:L11$S22US41US21$IEEE1$IW$~IW$USESV6$~STKCKD$USESV7$~SHL$OTIME$ROPI$IEEEJ$EBA8$UX$STANDARDLIB$REQ8$PRES8$EABIv2 0x00000000   Number         0  anon$$obj.o ABSOLUTE
    Image$$ER_IROM1$$RW$$Length              0x00000000   Number         0  anon$$obj.o ABSOLUTE
    Image$$ER_IROM1$$ZI$$Length              0x00000000   Number         0  anon$$obj.o ABSOLUTE
    Image$$RW_IRAM1$$Length                  0x00000000   Number         0  anon$$obj.o ABSOLUTE
    Image$$RW_IRAM1$$RO$$Length              0x00000000   Number         0  anon$$obj.o ABSOLUTE
    Image$$RW_IRAM1$$RW$$Length              0x00000000   Number         0  anon$$obj.o ABSOLUTE
    _printf_flags                            0x00000000   Number         0  printf_stubs.o ABSOLUTE
    _printf_return_value                     0x00000000   Number         0  printf_stubs.o ABSOLUTE
    _printf_sizespec                         0x00000000   Number         0  printf_stubs.o ABSOLUTE
    _printf_widthprec                        0x00000000   Number         0  printf_stubs.o ABSOLUTE
    __ARM_exceptions_init                     - Undefined Weak Reference
    __alloca_initialize                       - Undefined Weak Reference
    __arm_preinit_                            - Undefined Weak Reference
    __arm_relocate_pie_                       - Undefined Weak Reference
    __cpp_initialize__aeabi_                  - Undefined Weak Reference
    __cxa_finalize                            - Undefined Weak Reference
    __sigvec_lookup                           - Undefined Weak Reference
    _atexit_init                              - Undefined Weak Reference
    _call_atexit_fns                          - Undefined Weak Reference
    _clock_init                               - Undefined Weak Reference
    _fp_trap_init                             - Undefined Weak Reference
    _fp_trap_shutdown                         - Undefined Weak Reference
    _get_lc_collate                           - Undefined Weak Reference
    _get_lc_monetary                          - Undefined Weak Reference
    _get_lc_time                              - Undefined Weak Reference
    _getenv_init                              - Undefined Weak Reference
    _handle_redirection                       - Undefined Weak Reference
    _init_alloc                               - Undefined Weak Reference
    _init_user_alloc                          - Undefined Weak Reference
    _initio                                   - Undefined Weak Reference
    _mutex_acquire                            - Undefined Weak Reference
    _mutex_release                            - Undefined Weak Reference
    _printf_mbtowc                            - Undefined Weak Reference
    _printf_wc                                - Undefined Weak Reference
    _rand_init                                - Undefined Weak Reference
    _signal_finish                            - Undefined Weak Reference
    _signal_init                              - Undefined Weak Reference
    _terminate_alloc                          - Undefined Weak Reference
    _terminate_user_alloc                     - Undefined Weak Reference
    _terminateio                              - Undefined Weak Reference
    __Vectors_Size                           0x00000188   Number         0  startup_stm32l476xx.o ABSOLUTE
    Image$$RW_IRAM1$$ZI$$Length              0x00000820   Number         0  anon$$obj.o ABSOLUTE
    Image$$ER_IROM1$$RO$$Length              0x00002b84   Number         0  anon$$obj.o ABSOLUTE
    Image$$ER_IROM1$$RO$$Base                0x08000000   Number         0  anon$$obj.o ABSOLUTE
    Load$$ER_IROM1$$Base                     0x08000000   Number         0  anon$$obj.o ABSOLUTE
    __Vectors                                0x08000000   Data           4  startup_stm32l476xx.o(RESET)
    __Vectors_End                            0x08000188   Data           0  startup_stm32l476xx.o(RESET)
    __main                                   0x08000189   Thumb Code     8  __main.o(!!!main)
    __scatterload                            0x08000191   Thumb Code     0  __scatter.o(!!!scatter)
    __scatterload_rt2                        0x08000191   Thumb Code    84  __scatter.o(!!!scatter)
    __scatterload_rt2_thumb_only             0x08000191   Thumb Code     0  __scatter.o(!!!scatter)
    __scatterload_loop                       0x0800019b   Thumb Code     0  __scatter.o(!!!scatter)
    __scatterload_null                       0x080001ed   Thumb Code     2  __scatter.o(!!handler_null)
    __scatterload_zeroinit                   0x080001f1   Thumb Code    28  __scatter_zi.o(!!handler_zi)
    _printf_n                                0x0800020d   Thumb Code     0  _printf_n.o(.ARM.Collect$$_printf_percent$$00000001)
    _printf_percent                          0x0800020d   Thumb Code     0  _printf_percent.o(.ARM.Collect$$_printf_percent$$00000000)
    _printf_p                                0x08000213   Thumb Code     0  _printf_p.o(.ARM.Collect$$_printf_percent$$00000002)
    _printf_f                                0x08000219   Thumb Code     0  _printf_f.o(.ARM.Collect$$_printf_percent$$00000003)
    _printf_e                                0x0800021f   Thumb Code     0  _printf_e.o(.ARM.Collect$$_printf_percent$$00000004)
    _printf_g                                0x08000225   Thumb Code     0  _printf_g.o(.ARM.Collect$$_printf_percent$$00000005)
    _printf_a                                0x0800022b   Thumb Code     0  _printf_a.o(.ARM.Collect$$_printf_percent$$00000006)
    _printf_ll                               0x08000231   Thumb Code     0  _printf_ll.o(.ARM.Collect$$_printf_percent$$00000007)
    _printf_i                                0x0800023b   Thumb Code     0  _printf_i.o(.ARM.Collect$$_printf_percent$$00000008)
    _printf_d                                0x08000241   Thumb Code     0  _printf_d.o(.ARM.Collect$$_printf_percent$$00000009)
    _printf_u                                0x08000247   Thumb Code     0  _printf_u.o(.ARM.Collect$$_printf_percent$$0000000A)
    _printf_o                                0x0800024d   Thumb Code     0  _printf_o.o(.ARM.Collect$$_printf_percent$$0000000B)
    _printf_x                                0x08000253   Thumb Code     0  _printf_x.o(.ARM.Collect$$_printf_percent$$0000000C)
    _printf_lli                              0x08000259   Thumb Code     0  _printf_lli.o(.ARM.Collect$$_printf_percent$$0000000D)
    _printf_lld                              0x0800025f   Thumb Code     0  _printf_lld.o(.ARM.Collect$$_printf_percent$$0000000E)
    _printf_llu                              0x08000265   Thumb Code     0  _printf_llu.o(.ARM.Collect$$_printf_percent$$0000000F)
    _printf_llo                              0x0800026b   Thumb Code     0  _printf_llo.o(.ARM.Collect$$_printf_percent$$00000010)
    _printf_llx                              0x08000271   Thumb Code     0  _printf_llx.o(.ARM.Collect$$_printf_percent$$00000011)
    _printf_l                                0x08000277   Thumb Code     0  _printf_l.o(.ARM.Collect$$_printf_percent$$00000012)
    _printf_c                                0x08000281   Thumb Code     0  _printf_c.o(.ARM.Collect$$_printf_percent$$00000013)
    _printf_s                                0x08000287   Thumb Code     0  _printf_s.o(.ARM.Collect$$_printf_percent$$00000014)
    _printf_lc                               0x0800028d   Thumb Code     0  _printf_lc.o(.ARM.Collect$$_printf_percent$$00000015)
    _printf_ls                               0x08000293   Thumb Code     0  _printf_ls.o(.ARM.Collect$$_printf_percent$$00000016)
    _printf_percent_end                      0x08000299   Thumb Code     0  _printf_percent_end.o(.ARM.Collect$$_printf_percent$$00000017)
    __rt_lib_init                            0x0800029d   Thumb Code     0  libinit.o(.ARM.Collect$$libinit$$00000000)
    __rt_lib_init_fp_1                       0x0800029f   Thumb Code     0  libinit2.o(.ARM.Collect$$libinit$$00000001)
    __rt_lib_init_heap_1                     0x080002a3   Thumb Code     0  libinit2.o(.ARM.Collect$$libinit$$0000000C)
    __rt_lib_init_lc_common                  0x080002a3   Thumb Code     0  libinit2.o(.ARM.Collect$$libinit$$00000011)
    __rt_lib_init_preinit_1                  0x080002a3   Thumb Code     0  libinit2.o(.ARM.Collect$$libinit$$00000006)
    __rt_lib_init_rand_1                     0x080002a3   Thumb Code     0  libinit2.o(.ARM.Collect$$libinit$$00000010)
    __rt_lib_init_relocate_pie_1             0x080002a3   Thumb Code     0  libinit2.o(.ARM.Collect$$libinit$$00000004)
    __rt_lib_init_user_alloc_1               0x080002a3   Thumb Code     0  libinit2.o(.ARM.Collect$$libinit$$0000000E)
    __rt_lib_init_lc_collate_1               0x080002a9   Thumb Code     0  libinit2.o(.ARM.Collect$$libinit$$00000013)
    __rt_lib_init_lc_ctype_2                 0x080002a9   Thumb Code     0  libinit2.o(.ARM.Collect$$libinit$$00000014)
    __rt_lib_init_lc_ctype_1                 0x080002b5   Thumb Code     0  libinit2.o(.ARM.Collect$$libinit$$00000015)
    __rt_lib_init_lc_monetary_1              0x080002b5   Thumb Code     0  libinit2.o(.ARM.Collect$$libinit$$00000017)
    __rt_lib_init_lc_numeric_2               0x080002b5   Thumb Code     0  libinit2.o(.ARM.Collect$$libinit$$00000018)
    __rt_lib_init_alloca_1                   0x080002bf   Thumb Code     0  libinit2.o(.ARM.Collect$$libinit$$00000030)
    __rt_lib_init_argv_1                     0x080002bf   Thumb Code     0  libinit2.o(.ARM.Collect$$libinit$$0000002E)
    __rt_lib_init_atexit_1                   0x080002bf   Thumb Code     0  libinit2.o(.ARM.Collect$$libinit$$0000001D)
    __rt_lib_init_clock_1                    0x080002bf   Thumb Code     0  libinit2.o(.ARM.Collect$$libinit$$00000023)
    __rt_lib_init_cpp_1                      0x080002bf   Thumb Code     0  libinit2.o(.ARM.Collect$$libinit$$00000034)
    __rt_lib_init_exceptions_1               0x080002bf   Thumb Code     0  libinit2.o(.ARM.Collect$$libinit$$00000032)
    __rt_lib_init_fp_trap_1                  0x080002bf   Thumb Code     0  libinit2.o(.ARM.Collect$$libinit$$00000021)
    __rt_lib_init_getenv_1                   0x080002bf   Thumb Code     0  libinit2.o(.ARM.Collect$$libinit$$00000025)
    __rt_lib_init_lc_numeric_1               0x080002bf   Thumb Code     0  libinit2.o(.ARM.Collect$$libinit$$00000019)
    __rt_lib_init_lc_time_1                  0x080002bf   Thumb Code     0  libinit2.o(.ARM.Collect$$libinit$$0000001B)
    __rt_lib_init_return                     0x080002bf   Thumb Code     0  libinit2.o(.ARM.Collect$$libinit$$00000035)
    __rt_lib_init_signal_1                   0x080002bf   Thumb Code     0  libinit2.o(.ARM.Collect$$libinit$$0000001F)
    __rt_lib_init_stdio_1                    0x080002bf   Thumb Code     0  libinit2.o(.ARM.Collect$$libinit$$00000027)
    __rt_lib_shutdown                        0x080002c1   Thumb Code     0  libshutdown.o(.ARM.Collect$$libshutdown$$00000000)
    __rt_lib_shutdown_cpp_1                  0x080002c3   Thumb Code     0  libshutdown2.o(.ARM.Collect$$libshutdown$$00000002)
    __rt_lib_shutdown_fp_trap_1              0x080002c3   Thumb Code     0  libshutdown2.o(.ARM.Collect$$libshutdown$$00000007)
    __rt_lib_shutdown_heap_1                 0x080002c3   Thumb Code     0  libshutdown2.o(.ARM.Collect$$libshutdown$$0000000F)
    __rt_lib_shutdown_return                 0x080002c3   Thumb Code     0  libshutdown2.o(.ARM.Collect$$libshutdown$$00000010)
    __rt_lib_shutdown_signal_1               0x080002c3   Thumb Code     0  libshutdown2.o(.ARM.Collect$$libshutdown$$0000000A)
    __rt_lib_shutdown_stdio_1                0x080002c3   Thumb Code     0  libshutdown2.o(.ARM.Collect$$libshutdown$$00000004)
    __rt_lib_shutdown_user_alloc_1           0x080002c3   Thumb Code     0  libshutdown2.o(.ARM.Collect$$libshutdown$$0000000C)
    __rt_entry                               0x080002c5   Thumb Code     0  __rtentry.o(.ARM.Collect$$rtentry$$00000000)
    __rt_entry_presh_1                       0x080002c5   Thumb Code     0  __rtentry2.o(.ARM.Collect$$rtentry$$00000002)
    __rt_entry_sh                            0x080002c5   Thumb Code     0  __rtentry4.o(.ARM.Collect$$rtentry$$00000004)
    __rt_entry_li                            0x080002cb   Thumb Code     0  __rtentry2.o(.ARM.Collect$$rtentry$$0000000A)
    __rt_entry_postsh_1                      0x080002cb   Thumb Code     0  __rtentry2.o(.ARM.Collect$$rtentry$$00000009)
    __rt_entry_main                          0x080002cf   Thumb Code     0  __rtentry2.o(.ARM.Collect$$rtentry$$0000000D)
    __rt_entry_postli_1                      0x080002cf   Thumb Code     0  __rtentry2.o(.ARM.Collect$$rtentry$$0000000C)
    __rt_exit                                0x080002d7   Thumb Code     0  rtexit.o(.ARM.Collect$$rtexit$$00000000)
    __rt_exit_ls                             0x080002d9   Thumb Code     0  rtexit2.o(.ARM.Collect$$rtexit$$00000003)
    __rt_exit_prels_1                        0x080002d9   Thumb Code     0  rtexit2.o(.ARM.Collect$$rtexit$$00000002)
    __rt_exit_exit                           0x080002dd   Thumb Code     0  rtexit2.o(.ARM.Collect$$rtexit$$00000004)
    Reset_Handler                            0x080002e5   Thumb Code    62  startup_stm32l476xx.o(.text)
    NMI_Handler                              0x08000323   Thumb Code     2  startup_stm32l476xx.o(.text)
    HardFault_Handler                        0x08000325   Thumb Code     2  startup_stm32l476xx.o(.text)
    MemManage_Handler                        0x08000327   Thumb Code     2  startup_stm32l476xx.o(.text)
    BusFault_Handler                         0x08000329   Thumb Code     2  startup_stm32l476xx.o(.text)
    UsageFault_Handler                       0x0800032b   Thumb Code     2  startup_stm32l476xx.o(.text)
    SVC_Handler                              0x0800032d   Thumb Code     2  startup_stm32l476xx.o(.text)
    DebugMon_Handler                         0x0800032f   Thumb Code     2  startup_stm32l476xx.o(.text)
    PendSV_Handler                           0x08000331   Thumb Code     2  startup_stm32l476xx.o(.text)
    ADC1_2_IRQHandler                        0x08000335   Thumb Code     0  startup_stm32l476xx.o(.text)
    ADC3_IRQHandler                          0x08000335   Thumb Code     0  startup_stm32l476xx.o(.text)
    CAN1_RX0_IRQHandler                      0x08000335   Thumb Code     0  startup_stm32l476xx.o(.text)
    CAN1_RX1_IRQHandler                      0x08000335   Thumb Code     0  startup_stm32l476xx.o(.text)
    CAN1_SCE_IRQHandler                      0x08000335   Thumb Code     0  startup_stm32l476xx.o(.text)
    CAN1_TX_IRQHandler                       0x08000335   Thumb Code     0  startup_stm32l476xx.o(.text)
    COMP_IRQHandler                          0x08000335   Thumb Code     0  startup_stm32l476xx.o(.text)
    DFSDM0_IRQHandler                        0x08000335   Thumb Code     0  startup_stm32l476xx.o(.text)
    DFSDM1_IRQHandler                        0x08000335   Thumb Code     0  startup_stm32l476xx.o(.text)
    DFSDM2_IRQHandler                        0x08000335   Thumb Code     0  startup_stm32l476xx.o(.text)
    DFSDM3_IRQHandler                        0x08000335   Thumb Code     0  startup_stm32l476xx.o(.text)
    DMA1_Channel1_IRQHandler                 0x08000335   Thumb Code     0  startup_stm32l476xx.o(.text)
    DMA1_Channel2_IRQHandler                 0x08000335   Thumb Code     0  startup_stm32l476xx.o(.text)
    DMA1_Channel3_IRQHandler                 0x08000335   Thumb Code     0  startup_stm32l476xx.o(.text)
    DMA1_Channel4_IRQHandler                 0x08000335   Thumb Code     0  startup_stm32l476xx.o(.text)
    DMA1_Channel5_IRQHandler                 0x08000335   Thumb Code     0  startup_stm32l476xx.o(.text)
    DMA1_Channel6_IRQHandler                 0x08000335   Thumb Code     0  startup_stm32l476xx.o(.text)
    DMA1_Channel7_IRQHandler                 0x08000335   Thumb Code     0  startup_stm32l476xx.o(.text)
    DMA2_Channel1_IRQHandler                 0x08000335   Thumb Code     0  startup_stm32l476xx.o(.text)
    DMA2_Channel2_IRQHandler                 0x08000335   Thumb Code     0  startup_stm32l476xx.o(.text)
    DMA2_Channel3_IRQHandler                 0x08000335   Thumb Code     0  startup_stm32l476xx.o(.text)
    DMA2_Channel4_IRQHandler                 0x08000335   Thumb Code     0  startup_stm32l476xx.o(.text)
    DMA2_Channel5_IRQHandler                 0x08000335   Thumb Code     0  startup_stm32l476xx.o(.text)
    DMA2_Channel6_IRQHandler                 0x08000335   Thumb Code     0  startup_stm32l476xx.o(.text)
    DMA2_Channel7_IRQHandler                 0x08000335   Thumb Code     0  startup_stm32l476xx.o(.text)
    EXTI0_IRQHandler                         0x08000335   Thumb Code     0  startup_stm32l476xx.o(.text)
    EXTI15_10_IRQHandler                     0x08000335   Thumb Code     0  startup_stm32l476xx.o(.text)
    EXTI1_IRQHandler                         0x08000335   Thumb Code     0  startup_stm32l476xx.o(.text)
    EXTI2_IRQHandler                         0x08000335   Thumb Code     0  startup_stm32l476xx.o(.text)
    EXTI3_IRQHandler                         0x08000335   Thumb Code     0  startup_stm32l476xx.o(.text)
    EXTI4_IRQHandler                         0x08000335   Thumb Code     0  startup_stm32l476xx.o(.text)
    EXTI9_5_IRQHandler                       0x08000335   Thumb Code     0  startup_stm32l476xx.o(.text)
    FLASH_IRQHandler                         0x08000335   Thumb Code     0  startup_stm32l476xx.o(.text)
    FMC_IRQHandler                           0x08000335   Thumb Code     0  startup_stm32l476xx.o(.text)
    FPU_IRQHandler                           0x08000335   Thumb Code     0  startup_stm32l476xx.o(.text)
    I2C1_ER_IRQHandler                       0x08000335   Thumb Code     0  startup_stm32l476xx.o(.text)
    I2C1_EV_IRQHandler                       0x08000335   Thumb Code     0  startup_stm32l476xx.o(.text)
    I2C2_ER_IRQHandler                       0x08000335   Thumb Code     0  startup_stm32l476xx.o(.text)
    I2C2_EV_IRQHandler                       0x08000335   Thumb Code     0  startup_stm32l476xx.o(.text)
    I2C3_ER_IRQHandler                       0x08000335   Thumb Code     0  startup_stm32l476xx.o(.text)
    I2C3_EV_IRQHandler                       0x08000335   Thumb Code     0  startup_stm32l476xx.o(.text)
    LCD_IRQHandler                           0x08000335   Thumb Code     0  startup_stm32l476xx.o(.text)
    LPTIM1_IRQHandler                        0x08000335   Thumb Code     0  startup_stm32l476xx.o(.text)
    LPTIM2_IRQHandler                        0x08000335   Thumb Code     0  startup_stm32l476xx.o(.text)
    LPUART1_IRQHandler                       0x08000335   Thumb Code     0  startup_stm32l476xx.o(.text)
    OTG_FS_IRQHandler                        0x08000335   Thumb Code     0  startup_stm32l476xx.o(.text)
    PVD_PVM_IRQHandler                       0x08000335   Thumb Code     0  startup_stm32l476xx.o(.text)
    QUADSPI_IRQHandler                       0x08000335   Thumb Code     0  startup_stm32l476xx.o(.text)
    RCC_IRQHandler                           0x08000335   Thumb Code     0  startup_stm32l476xx.o(.text)
    RNG_IRQHandler                           0x08000335   Thumb Code     0  startup_stm32l476xx.o(.text)
    RTC_Alarm_IRQHandler                     0x08000335   Thumb Code     0  startup_stm32l476xx.o(.text)
    RTC_WKUP_IRQHandler                      0x08000335   Thumb Code     0  startup_stm32l476xx.o(.text)
    SAI1_IRQHandler                          0x08000335   Thumb Code     0  startup_stm32l476xx.o(.text)
    SAI2_IRQHandler                          0x08000335   Thumb Code     0  startup_stm32l476xx.o(.text)
    SDMMC1_IRQHandler                        0x08000335   Thumb Code     0  startup_stm32l476xx.o(.text)
    SPI1_IRQHandler                          0x08000335   Thumb Code     0  startup_stm32l476xx.o(.text)
    SPI2_IRQHandler                          0x08000335   Thumb Code     0  startup_stm32l476xx.o(.text)
    SPI3_IRQHandler                          0x08000335   Thumb Code     0  startup_stm32l476xx.o(.text)
    SWPMI1_IRQHandler                        0x08000335   Thumb Code     0  startup_stm32l476xx.o(.text)
    TAMP_STAMP_IRQHandler                    0x08000335   Thumb Code     0  startup_stm32l476xx.o(.text)
    TIM1_BRK_TIM15_IRQHandler                0x08000335   Thumb Code     0  startup_stm32l476xx.o(.text)
    TIM1_CC_IRQHandler                       0x08000335   Thumb Code     0  startup_stm32l476xx.o(.text)
    TIM1_TRG_COM_TIM17_IRQHandler            0x08000335   Thumb Code     0  startup_stm32l476xx.o(.text)
    TIM1_UP_TIM16_IRQHandler                 0x08000335   Thumb Code     0  startup_stm32l476xx.o(.text)
    TIM2_IRQHandler                          0x08000335   Thumb Code     0  startup_stm32l476xx.o(.text)
    TIM3_IRQHandler                          0x08000335   Thumb Code     0  startup_stm32l476xx.o(.text)
    TIM4_IRQHandler                          0x08000335   Thumb Code     0  startup_stm32l476xx.o(.text)
    TIM5_IRQHandler                          0x08000335   Thumb Code     0  startup_stm32l476xx.o(.text)
    TIM6_DAC_IRQHandler                      0x08000335   Thumb Code     0  startup_stm32l476xx.o(.text)
    TIM7_IRQHandler                          0x08000335   Thumb Code     0  startup_stm32l476xx.o(.text)
    TIM8_BRK_IRQHandler                      0x08000335   Thumb Code     0  startup_stm32l476xx.o(.text)
    TIM8_CC_IRQHandler                       0x08000335   Thumb Code     0  startup_stm32l476xx.o(.text)
    TIM8_TRG_COM_IRQHandler                  0x08000335   Thumb Code     0  startup_stm32l476xx.o(.text)
    TIM8_UP_IRQHandler                       0x08000335   Thumb Code     0  startup_stm32l476xx.o(.text)
    TSC_IRQHandler                           0x08000335   Thumb Code     0  startup_stm32l476xx.o(.text)
    UART4_IRQHandler                         0x08000335   Thumb Code     0  startup_stm32l476xx.o(.text)
    UART5_IRQHandler                         0x08000335   Thumb Code     0  startup_stm32l476xx.o(.text)
    USART1_IRQHandler                        0x08000335   Thumb Code     0  startup_stm32l476xx.o(.text)
    USART3_IRQHandler                        0x08000335   Thumb Code     0  startup_stm32l476xx.o(.text)
    WWDG_IRQHandler                          0x08000335   Thumb Code     0  startup_stm32l476xx.o(.text)
    __user_initial_stackheap                 0x08000339   Thumb Code     0  startup_stm32l476xx.o(.text)
    printf                                   0x08000371   Thumb Code    20  printf.o(.text)
    getc                                     0x08000389   Thumb Code     4  getc.o(.text)
    putc                                     0x0800038d   Thumb Code     4  putc.o(.text)
    __use_two_region_memory                  0x08000391   Thumb Code     2  heapauxi.o(.text)
    __rt_heap_escrow$2region                 0x08000393   Thumb Code     2  heapauxi.o(.text)
    __rt_heap_expand$2region                 0x08000395   Thumb Code     2  heapauxi.o(.text)
    _printf_pre_padding                      0x08000397   Thumb Code    44  _printf_pad.o(.text)
    _printf_post_padding                     0x080003c3   Thumb Code    34  _printf_pad.o(.text)
    _printf_truncate_signed                  0x080003e5   Thumb Code    18  _printf_truncate.o(.text)
    _printf_truncate_unsigned                0x080003f7   Thumb Code    18  _printf_truncate.o(.text)
    _printf_str                              0x08000409   Thumb Code    82  _printf_str.o(.text)
    _printf_int_dec                          0x0800045d   Thumb Code   104  _printf_dec.o(.text)
    _printf_charcount                        0x080004d5   Thumb Code    40  _printf_charcount.o(.text)
    _printf_char_common                      0x08000507   Thumb Code    32  _printf_char_common.o(.text)
    _printf_char_file                        0x0800052d   Thumb Code    32  _printf_char_file.o(.text)
    _printf_wctomb                           0x08000551   Thumb Code   182  _printf_wctomb.o(.text)
    _printf_longlong_dec                     0x08000615   Thumb Code   108  _printf_longlong_dec.o(.text)
    _printf_longlong_oct                     0x08000691   Thumb Code    68  _printf_oct_int_ll.o(.text)
    _printf_int_oct                          0x080006d5   Thumb Code    24  _printf_oct_int_ll.o(.text)
    _printf_ll_oct                           0x080006ed   Thumb Code    12  _printf_oct_int_ll.o(.text)
    _printf_longlong_hex                     0x08000701   Thumb Code    86  _printf_hex_int_ll_ptr.o(.text)
    _printf_int_hex                          0x08000757   Thumb Code    28  _printf_hex_int_ll_ptr.o(.text)
    _printf_ll_hex                           0x08000773   Thumb Code    12  _printf_hex_int_ll_ptr.o(.text)
    _printf_hex_ptr                          0x0800077f   Thumb Code    18  _printf_hex_int_ll_ptr.o(.text)
    __printf                                 0x08000795   Thumb Code   388  __printf_flags_ss_wp.o(.text)
    _ll_udiv10                               0x08000923   Thumb Code   138  lludiv10.o(.text)
    _printf_int_common                       0x080009ad   Thumb Code   178  _printf_intcommon.o(.text)
    _printf_fp_dec_real                      0x08000c0f   Thumb Code   620  _printf_fp_dec.o(.text)
    _printf_fp_hex_real                      0x08000e81   Thumb Code   756  _printf_fp_hex.o(.text)
    _printf_cs_common                        0x08001183   Thumb Code    20  _printf_char.o(.text)
    _printf_char                             0x08001197   Thumb Code    16  _printf_char.o(.text)
    _printf_string                           0x080011a7   Thumb Code     8  _printf_char.o(.text)
    _printf_lcs_common                       0x080011af   Thumb Code    20  _printf_wchar.o(.text)
    _printf_wchar                            0x080011c3   Thumb Code    16  _printf_wchar.o(.text)
    _printf_wstring                          0x080011d3   Thumb Code     8  _printf_wchar.o(.text)
    ferror                                   0x080011db   Thumb Code     8  ferror.o(.text)
    _c16rtomb                                0x080011e3   Thumb Code    72  _c16rtomb.o(.text)
    _wcrtomb                                 0x080011e3   Thumb Code     0  _c16rtomb.o(.text)
    __user_setup_stackheap                   0x0800122b   Thumb Code    74  sys_stackheap_outer.o(.text)
    __rt_ctype_table                         0x08001275   Thumb Code    16  rt_ctype_table.o(.text)
    __rt_locale                              0x08001285   Thumb Code     8  rt_locale_intlibspace.o(.text)
    _printf_fp_infnan                        0x0800128d   Thumb Code   112  _printf_fp_infnan.o(.text)
    _btod_etento                             0x0800130d   Thumb Code   224  bigflt0.o(.text)
    exit                                     0x080013f1   Thumb Code    18  exit.o(.text)
    __user_libspace                          0x08001405   Thumb Code     8  libspace.o(.text)
    __user_perproc_libspace                  0x08001405   Thumb Code     0  libspace.o(.text)
    __user_perthread_libspace                0x08001405   Thumb Code     0  libspace.o(.text)
    strcmp                                   0x08001411   Thumb Code   124  strcmpv7em.o(.text)
    _sys_exit                                0x0800148d   Thumb Code     8  sys_exit.o(.text)
    __I$use$semihosting                      0x08001499   Thumb Code     0  use_no_semi.o(.text)
    __use_no_semihosting_swi                 0x08001499   Thumb Code     2  use_no_semi.o(.text)
    __semihosting_library_function           0x0800149b   Thumb Code     0  indicate_semi.o(.text)
    LED_Init                                 0x0800149d   Thumb Code    88  led.o(.text.LED_Init)
    LED_Off                                  0x080014f5   Thumb Code    16  led.o(.text.LED_Off)
    LED_On                                   0x08001505   Thumb Code    16  led.o(.text.LED_On)
    SysTick_Handler                          0x08001515   Thumb Code    16  systimer.o(.text.SysTick_Handler)
    SysTick_Init                             0x08001525   Thumb Code    90  systimer.o(.text.SysTick_Init)
    System_Clock_Init                        0x08001581   Thumb Code   466  sysclock.o(.text.System_Clock_Init)
    UART2_GPIO_Init                          0x08001755   Thumb Code   102  uart.o(.text.UART2_GPIO_Init)
    UART2_Init                               0x080017bd   Thumb Code    80  uart.o(.text.UART2_Init)
    UART_input_handler                       0x0800180d   Thumb Code   240  main.o(.text.UART_input_handler)
    USART2_IRQHandler                        0x080018fd   Thumb Code   338  uart.o(.text.USART2_IRQHandler)
    USART_Init                               0x08001a51   Thumb Code   256  uart.o(.text.USART_Init)
    USART_Read                               0x08001b51   Thumb Code    76  uart.o(.text.USART_Read)
    USART_Write                              0x08001b9d   Thumb Code   118  uart.o(.text.USART_Write)
    delay                                    0x08001cfd   Thumb Code    62  systimer.o(.text.delay)
    fgetc                                    0x08001d3d   Thumb Code    30  uart_printf.o(.text.fgetc)
    fputc                                    0x08001d5d   Thumb Code    38  uart_printf.o(.text.fputc)
    main                                     0x08001d85   Thumb Code    58  main.o(.text.main)
    morse_lookup                             0x08001dc1   Thumb Code   102  char_to_morse.o(.text.morse_lookup)
    send_morse_string                        0x08001e85   Thumb Code    46  char_to_morse.o(.text.send_morse_string)
    unit_delay                               0x08001ee1   Thumb Code    20  char_to_morse.o(.text.unit_delay)
    _btod_d2e                                0x08001ef5   Thumb Code    62  btod.o(CL$$btod_d2e)
    _d2e_denorm_low                          0x08001f33   Thumb Code    70  btod.o(CL$$btod_d2e_denorm_low)
    _d2e_norm_op1                            0x08001f79   Thumb Code    96  btod.o(CL$$btod_d2e_norm_op1)
    __btod_div_common                        0x08001fd9   Thumb Code   696  btod.o(CL$$btod_div_common)
    _e2e                                     0x08002311   Thumb Code   220  btod.o(CL$$btod_e2e)
    _btod_ediv                               0x080023ed   Thumb Code    42  btod.o(CL$$btod_ediv)
    _btod_emul                               0x08002417   Thumb Code    42  btod.o(CL$$btod_emul)
    __btod_mult_common                       0x08002441   Thumb Code   580  btod.o(CL$$btod_mult_common)
    __ARM_fpclassify                         0x08002685   Thumb Code    48  fpclassify.o(i.__ARM_fpclassify)
    _is_digit                                0x080026b5   Thumb Code    14  __printf_wp.o(i._is_digit)
    _get_lc_numeric                          0x080026c5   Thumb Code    44  lc_numeric_c.o(locale$$code)
    _get_lc_ctype                            0x080026f1   Thumb Code    44  lc_ctype_c.o(locale$$code)
    _fp_init                                 0x0800271d   Thumb Code    26  fpinit.o(x$fpl$fpinit)
    __fplib_config_fpu_vfp                   0x08002735   Thumb Code     0  fpinit.o(x$fpl$fpinit)
    __fplib_config_pureend_doubles           0x08002735   Thumb Code     0  fpinit.o(x$fpl$fpinit)
    _printf_fp_dec                           0x08002737   Thumb Code     4  printf1.o(x$fpl$printf1)
    _printf_fp_hex                           0x0800273b   Thumb Code     4  printf2.o(x$fpl$printf2)
    __I$use$fp                               0x0800273e   Number         0  usenofp.o(x$fpl$usenofp)
    Region$$Table$$Base                      0x08002a48   Number         0  anon$$obj.o(Region$$Table)
    Region$$Table$$Limit                     0x08002a58   Number         0  anon$$obj.o(Region$$Table)
    __ctype                                  0x08002a81   Data           0  lc_ctype_c.o(locale$$data)
    Image$$ER_IROM1$$RO$$Limit               0x08002b84   Number         0  anon$$obj.o ABSOLUTE
    Image$$ER_IROM1$$RW$$Base                0x08002b84   Number         0  anon$$obj.o ABSOLUTE
    Image$$ER_IROM1$$RW$$Limit               0x08002b84   Number         0  anon$$obj.o ABSOLUTE
    Image$$ER_IROM1$$ZI$$Base                0x08002b84   Number         0  anon$$obj.o ABSOLUTE
    Image$$ER_IROM1$$ZI$$Limit               0x08002b84   Number         0  anon$$obj.o ABSOLUTE
    Load$$RW_IRAM1$$Base                     0x08002b84   Number         0  anon$$obj.o ABSOLUTE
    Image$$RW_IRAM1$$Base                    0x20000000   Number         0  anon$$obj.o ABSOLUTE
    Image$$RW_IRAM1$$Limit                   0x20000000   Number         0  anon$$obj.o ABSOLUTE
    Image$$RW_IRAM1$$RO$$Base                0x20000000   Number         0  anon$$obj.o ABSOLUTE
    Image$$RW_IRAM1$$RW$$Base                0x20000000   Number         0  anon$$obj.o ABSOLUTE
    Image$$RW_IRAM1$$RW$$Limit               0x20000000   Number         0  anon$$obj.o ABSOLUTE
    Image$$RW_IRAM1$$ZI$$Base                0x20000000   Number         0  anon$$obj.o ABSOLUTE
    __libspace_start                         0x20000000   Data          96  libspace.o(.bss)
    __stdin                                  0x20000060   Data          84  uart_printf.o(.bss.__stdin)
    __temporary_stack_top$libspace           0x20000060   Data           0  libspace.o(.bss)
    __stdout                                 0x200000b4   Data          84  uart_printf.o(.bss.__stdout)
    msTicks                                  0x20000108   Data           4  systimer.o(.bss.msTicks)
    rx_buffer                                0x2000010c   Data         128  uart.o(.bss.rx_buffer)
    rx_head                                  0x2000018c   Data           4  uart.o(.bss.rx_head)
    rx_tail                                  0x20000190   Data           4  uart.o(.bss.rx_tail)
    tx_buffer                                0x20000194   Data         128  uart.o(.bss.tx_buffer)
    tx_head                                  0x20000214   Data           4  uart.o(.bss.tx_head)
    tx_tail                                  0x20000218   Data           4  uart.o(.bss.tx_tail)
    Image$$RW_IRAM1$$ZI$$Limit               0x20000820   Number         0  anon$$obj.o ABSOLUTE



==============================================================================

Memory Map of the image

  Image Entry point : 0x08000189

  Load Region LR_IROM1 (Base: 0x08000000, Size: 0x00002b84, Max: 0x00100000, ABSOLUTE)

    Execution Region ER_IROM1 (Exec base: 0x08000000, Load base: 0x08000000, Size: 0x00002b84, Max: 0x00100000, ABSOLUTE)

    Exec Addr    Load Addr    Size         Type   Attr      Idx    E Section Name        Object

    0x08000000   0x08000000   0x00000188   Data   RO           20    RESET               startup_stm32l476xx.o
    0x08000188   0x08000188   0x00000008   Code   RO          170  * !!!main             c_w.l(__main.o)
    0x08000190   0x08000190   0x0000005c   Code   RO          513    !!!scatter          c_w.l(__scatter.o)
    0x080001ec   0x080001ec   0x00000002   Code   RO          514    !!handler_null      c_w.l(__scatter.o)
    0x080001ee   0x080001ee   0x00000002   PAD
    0x080001f0   0x080001f0   0x0000001c   Code   RO          517    !!handler_zi        c_w.l(__scatter_zi.o)
    0x0800020c   0x0800020c   0x00000000   Code   RO          256    .ARM.Collect$$_printf_percent$$00000000  c_w.l(_printf_percent.o)
    0x0800020c   0x0800020c   0x00000006   Code   RO          245    .ARM.Collect$$_printf_percent$$00000001  c_w.l(_printf_n.o)
    0x08000212   0x08000212   0x00000006   Code   RO          247    .ARM.Collect$$_printf_percent$$00000002  c_w.l(_printf_p.o)
    0x08000218   0x08000218   0x00000006   Code   RO          252    .ARM.Collect$$_printf_percent$$00000003  c_w.l(_printf_f.o)
    0x0800021e   0x0800021e   0x00000006   Code   RO          253    .ARM.Collect$$_printf_percent$$00000004  c_w.l(_printf_e.o)
    0x08000224   0x08000224   0x00000006   Code   RO          254    .ARM.Collect$$_printf_percent$$00000005  c_w.l(_printf_g.o)
    0x0800022a   0x0800022a   0x00000006   Code   RO          255    .ARM.Collect$$_printf_percent$$00000006  c_w.l(_printf_a.o)
    0x08000230   0x08000230   0x0000000a   Code   RO          260    .ARM.Collect$$_printf_percent$$00000007  c_w.l(_printf_ll.o)
    0x0800023a   0x0800023a   0x00000006   Code   RO          249    .ARM.Collect$$_printf_percent$$00000008  c_w.l(_printf_i.o)
    0x08000240   0x08000240   0x00000006   Code   RO          250    .ARM.Collect$$_printf_percent$$00000009  c_w.l(_printf_d.o)
    0x08000246   0x08000246   0x00000006   Code   RO          251    .ARM.Collect$$_printf_percent$$0000000A  c_w.l(_printf_u.o)
    0x0800024c   0x0800024c   0x00000006   Code   RO          248    .ARM.Collect$$_printf_percent$$0000000B  c_w.l(_printf_o.o)
    0x08000252   0x08000252   0x00000006   Code   RO          246    .ARM.Collect$$_printf_percent$$0000000C  c_w.l(_printf_x.o)
    0x08000258   0x08000258   0x00000006   Code   RO          257    .ARM.Collect$$_printf_percent$$0000000D  c_w.l(_printf_lli.o)
    0x0800025e   0x0800025e   0x00000006   Code   RO          258    .ARM.Collect$$_printf_percent$$0000000E  c_w.l(_printf_lld.o)
    0x08000264   0x08000264   0x00000006   Code   RO          259    .ARM.Collect$$_printf_percent$$0000000F  c_w.l(_printf_llu.o)
    0x0800026a   0x0800026a   0x00000006   Code   RO          264    .ARM.Collect$$_printf_percent$$00000010  c_w.l(_printf_llo.o)
    0x08000270   0x08000270   0x00000006   Code   RO          265    .ARM.Collect$$_printf_percent$$00000011  c_w.l(_printf_llx.o)
    0x08000276   0x08000276   0x0000000a   Code   RO          261    .ARM.Collect$$_printf_percent$$00000012  c_w.l(_printf_l.o)
    0x08000280   0x08000280   0x00000006   Code   RO          243    .ARM.Collect$$_printf_percent$$00000013  c_w.l(_printf_c.o)
    0x08000286   0x08000286   0x00000006   Code   RO          244    .ARM.Collect$$_printf_percent$$00000014  c_w.l(_printf_s.o)
    0x0800028c   0x0800028c   0x00000006   Code   RO          262    .ARM.Collect$$_printf_percent$$00000015  c_w.l(_printf_lc.o)
    0x08000292   0x08000292   0x00000006   Code   RO          263    .ARM.Collect$$_printf_percent$$00000016  c_w.l(_printf_ls.o)
    0x08000298   0x08000298   0x00000004   Code   RO          306    .ARM.Collect$$_printf_percent$$00000017  c_w.l(_printf_percent_end.o)
    0x0800029c   0x0800029c   0x00000002   Code   RO          361    .ARM.Collect$$libinit$$00000000  c_w.l(libinit.o)
    0x0800029e   0x0800029e   0x00000004   Code   RO          379    .ARM.Collect$$libinit$$00000001  c_w.l(libinit2.o)
    0x080002a2   0x080002a2   0x00000000   Code   RO          382    .ARM.Collect$$libinit$$00000004  c_w.l(libinit2.o)
    0x080002a2   0x080002a2   0x00000000   Code   RO          384    .ARM.Collect$$libinit$$00000006  c_w.l(libinit2.o)
    0x080002a2   0x080002a2   0x00000000   Code   RO          387    .ARM.Collect$$libinit$$0000000C  c_w.l(libinit2.o)
    0x080002a2   0x080002a2   0x00000000   Code   RO          389    .ARM.Collect$$libinit$$0000000E  c_w.l(libinit2.o)
    0x080002a2   0x080002a2   0x00000000   Code   RO          391    .ARM.Collect$$libinit$$00000010  c_w.l(libinit2.o)
    0x080002a2   0x080002a2   0x00000006   Code   RO          392    .ARM.Collect$$libinit$$00000011  c_w.l(libinit2.o)
    0x080002a8   0x080002a8   0x00000000   Code   RO          394    .ARM.Collect$$libinit$$00000013  c_w.l(libinit2.o)
    0x080002a8   0x080002a8   0x0000000c   Code   RO          395    .ARM.Collect$$libinit$$00000014  c_w.l(libinit2.o)
    0x080002b4   0x080002b4   0x00000000   Code   RO          396    .ARM.Collect$$libinit$$00000015  c_w.l(libinit2.o)
    0x080002b4   0x080002b4   0x00000000   Code   RO          398    .ARM.Collect$$libinit$$00000017  c_w.l(libinit2.o)
    0x080002b4   0x080002b4   0x0000000a   Code   RO          399    .ARM.Collect$$libinit$$00000018  c_w.l(libinit2.o)
    0x080002be   0x080002be   0x00000000   Code   RO          400    .ARM.Collect$$libinit$$00000019  c_w.l(libinit2.o)
    0x080002be   0x080002be   0x00000000   Code   RO          402    .ARM.Collect$$libinit$$0000001B  c_w.l(libinit2.o)
    0x080002be   0x080002be   0x00000000   Code   RO          404    .ARM.Collect$$libinit$$0000001D  c_w.l(libinit2.o)
    0x080002be   0x080002be   0x00000000   Code   RO          406    .ARM.Collect$$libinit$$0000001F  c_w.l(libinit2.o)
    0x080002be   0x080002be   0x00000000   Code   RO          408    .ARM.Collect$$libinit$$00000021  c_w.l(libinit2.o)
    0x080002be   0x080002be   0x00000000   Code   RO          410    .ARM.Collect$$libinit$$00000023  c_w.l(libinit2.o)
    0x080002be   0x080002be   0x00000000   Code   RO          412    .ARM.Collect$$libinit$$00000025  c_w.l(libinit2.o)
    0x080002be   0x080002be   0x00000000   Code   RO          414    .ARM.Collect$$libinit$$00000027  c_w.l(libinit2.o)
    0x080002be   0x080002be   0x00000000   Code   RO          418    .ARM.Collect$$libinit$$0000002E  c_w.l(libinit2.o)
    0x080002be   0x080002be   0x00000000   Code   RO          420    .ARM.Collect$$libinit$$00000030  c_w.l(libinit2.o)
    0x080002be   0x080002be   0x00000000   Code   RO          422    .ARM.Collect$$libinit$$00000032  c_w.l(libinit2.o)
    0x080002be   0x080002be   0x00000000   Code   RO          424    .ARM.Collect$$libinit$$00000034  c_w.l(libinit2.o)
    0x080002be   0x080002be   0x00000002   Code   RO          425    .ARM.Collect$$libinit$$00000035  c_w.l(libinit2.o)
    0x080002c0   0x080002c0   0x00000002   Code   RO          449    .ARM.Collect$$libshutdown$$00000000  c_w.l(libshutdown.o)
    0x080002c2   0x080002c2   0x00000000   Code   RO          464    .ARM.Collect$$libshutdown$$00000002  c_w.l(libshutdown2.o)
    0x080002c2   0x080002c2   0x00000000   Code   RO          466    .ARM.Collect$$libshutdown$$00000004  c_w.l(libshutdown2.o)
    0x080002c2   0x080002c2   0x00000000   Code   RO          469    .ARM.Collect$$libshutdown$$00000007  c_w.l(libshutdown2.o)
    0x080002c2   0x080002c2   0x00000000   Code   RO          472    .ARM.Collect$$libshutdown$$0000000A  c_w.l(libshutdown2.o)
    0x080002c2   0x080002c2   0x00000000   Code   RO          474    .ARM.Collect$$libshutdown$$0000000C  c_w.l(libshutdown2.o)
    0x080002c2   0x080002c2   0x00000000   Code   RO          477    .ARM.Collect$$libshutdown$$0000000F  c_w.l(libshutdown2.o)
    0x080002c2   0x080002c2   0x00000002   Code   RO          478    .ARM.Collect$$libshutdown$$00000010  c_w.l(libshutdown2.o)
    0x080002c4   0x080002c4   0x00000000   Code   RO          172    .ARM.Collect$$rtentry$$00000000  c_w.l(__rtentry.o)
    0x080002c4   0x080002c4   0x00000000   Code   RO          275    .ARM.Collect$$rtentry$$00000002  c_w.l(__rtentry2.o)
    0x080002c4   0x080002c4   0x00000006   Code   RO          287    .ARM.Collect$$rtentry$$00000004  c_w.l(__rtentry4.o)
    0x080002ca   0x080002ca   0x00000000   Code   RO          277    .ARM.Collect$$rtentry$$00000009  c_w.l(__rtentry2.o)
    0x080002ca   0x080002ca   0x00000004   Code   RO          278    .ARM.Collect$$rtentry$$0000000A  c_w.l(__rtentry2.o)
    0x080002ce   0x080002ce   0x00000000   Code   RO          280    .ARM.Collect$$rtentry$$0000000C  c_w.l(__rtentry2.o)
    0x080002ce   0x080002ce   0x00000008   Code   RO          281    .ARM.Collect$$rtentry$$0000000D  c_w.l(__rtentry2.o)
    0x080002d6   0x080002d6   0x00000002   Code   RO          370    .ARM.Collect$$rtexit$$00000000  c_w.l(rtexit.o)
    0x080002d8   0x080002d8   0x00000000   Code   RO          427    .ARM.Collect$$rtexit$$00000002  c_w.l(rtexit2.o)
    0x080002d8   0x080002d8   0x00000004   Code   RO          428    .ARM.Collect$$rtexit$$00000003  c_w.l(rtexit2.o)
    0x080002dc   0x080002dc   0x00000006   Code   RO          429    .ARM.Collect$$rtexit$$00000004  c_w.l(rtexit2.o)
    0x080002e2   0x080002e2   0x00000002   PAD
    0x080002e4   0x080002e4   0x0000008c   Code   RO           21    .text               startup_stm32l476xx.o
    0x08000370   0x08000370   0x00000018   Code   RO          160    .text               c_w.l(printf.o)
    0x08000388   0x08000388   0x00000004   Code   RO          164    .text               c_w.l(getc.o)
    0x0800038c   0x0800038c   0x00000004   Code   RO          166    .text               c_w.l(putc.o)
    0x08000390   0x08000390   0x00000006   Code   RO          168    .text               c_w.l(heapauxi.o)
    0x08000396   0x08000396   0x0000004e   Code   RO          175    .text               c_w.l(_printf_pad.o)
    0x080003e4   0x080003e4   0x00000024   Code   RO          177    .text               c_w.l(_printf_truncate.o)
    0x08000408   0x08000408   0x00000052   Code   RO          179    .text               c_w.l(_printf_str.o)
    0x0800045a   0x0800045a   0x00000002   PAD
    0x0800045c   0x0800045c   0x00000078   Code   RO          181    .text               c_w.l(_printf_dec.o)
    0x080004d4   0x080004d4   0x00000028   Code   RO          183    .text               c_w.l(_printf_charcount.o)
    0x080004fc   0x080004fc   0x00000030   Code   RO          185    .text               c_w.l(_printf_char_common.o)
    0x0800052c   0x0800052c   0x00000024   Code   RO          189    .text               c_w.l(_printf_char_file.o)
    0x08000550   0x08000550   0x000000c2   Code   RO          191    .text               c_w.l(_printf_wctomb.o)
    0x08000612   0x08000612   0x00000002   PAD
    0x08000614   0x08000614   0x0000007c   Code   RO          194    .text               c_w.l(_printf_longlong_dec.o)
    0x08000690   0x08000690   0x00000070   Code   RO          200    .text               c_w.l(_printf_oct_int_ll.o)
    0x08000700   0x08000700   0x00000094   Code   RO          220    .text               c_w.l(_printf_hex_int_ll_ptr.o)
    0x08000794   0x08000794   0x0000018e   Code   RO          240    .text               c_w.l(__printf_flags_ss_wp.o)
    0x08000922   0x08000922   0x0000008a   Code   RO          289    .text               c_w.l(lludiv10.o)
    0x080009ac   0x080009ac   0x000000b2   Code   RO          291    .text               c_w.l(_printf_intcommon.o)
    0x08000a5e   0x08000a5e   0x00000422   Code   RO          293    .text               c_w.l(_printf_fp_dec.o)
    0x08000e80   0x08000e80   0x00000302   Code   RO          297    .text               c_w.l(_printf_fp_hex.o)
    0x08001182   0x08001182   0x0000002c   Code   RO          302    .text               c_w.l(_printf_char.o)
    0x080011ae   0x080011ae   0x0000002c   Code   RO          304    .text               c_w.l(_printf_wchar.o)
    0x080011da   0x080011da   0x00000008   Code   RO          307    .text               c_w.l(ferror.o)
    0x080011e2   0x080011e2   0x00000048   Code   RO          311    .text               c_w.l(_c16rtomb.o)
    0x0800122a   0x0800122a   0x0000004a   Code   RO          313    .text               c_w.l(sys_stackheap_outer.o)
    0x08001274   0x08001274   0x00000010   Code   RO          315    .text               c_w.l(rt_ctype_table.o)
    0x08001284   0x08001284   0x00000008   Code   RO          320    .text               c_w.l(rt_locale_intlibspace.o)
    0x0800128c   0x0800128c   0x00000080   Code   RO          322    .text               c_w.l(_printf_fp_infnan.o)
    0x0800130c   0x0800130c   0x000000e4   Code   RO          324    .text               c_w.l(bigflt0.o)
    0x080013f0   0x080013f0   0x00000012   Code   RO          354    .text               c_w.l(exit.o)
    0x08001402   0x08001402   0x00000002   PAD
    0x08001404   0x08001404   0x00000008   Code   RO          367    .text               c_w.l(libspace.o)
    0x0800140c   0x0800140c   0x00000004   PAD
    0x08001410   0x08001410   0x0000007c   Code   RO          377    .text               c_w.l(strcmpv7em.o)
    0x0800148c   0x0800148c   0x0000000c   Code   RO          439    .text               c_w.l(sys_exit.o)
    0x08001498   0x08001498   0x00000002   Code   RO          454    .text               c_w.l(use_no_semi.o)
    0x0800149a   0x0800149a   0x00000000   Code   RO          456    .text               c_w.l(indicate_semi.o)
    0x0800149a   0x0800149a   0x00000002   PAD
    0x0800149c   0x0800149c   0x00000058   Code   RO           28    .text.LED_Init      led.o
    0x080014f4   0x080014f4   0x00000010   Code   RO           32    .text.LED_Off       led.o
    0x08001504   0x08001504   0x00000010   Code   RO           30    .text.LED_On        led.o
    0x08001514   0x08001514   0x00000010   Code   RO          103    .text.SysTick_Handler  systimer.o
    0x08001524   0x08001524   0x0000005a   Code   RO           97    .text.SysTick_Init  systimer.o
    0x0800157e   0x0800157e   0x00000002   PAD
    0x08001580   0x08001580   0x000001d2   Code   RO           43    .text.System_Clock_Init  sysclock.o
    0x08001752   0x08001752   0x00000002   PAD
    0x08001754   0x08001754   0x00000066   Code   RO           53    .text.UART2_GPIO_Init  uart.o
    0x080017ba   0x080017ba   0x00000002   PAD
    0x080017bc   0x080017bc   0x00000050   Code   RO           51    .text.UART2_Init    uart.o
    0x0800180c   0x0800180c   0x000000f0   Code   RO            2    .text.UART_input_handler  main.o
    0x080018fc   0x080018fc   0x00000152   Code   RO           69    .text.USART2_IRQHandler  uart.o
    0x08001a4e   0x08001a4e   0x00000002   PAD
    0x08001a50   0x08001a50   0x00000100   Code   RO           55    .text.USART_Init    uart.o
    0x08001b50   0x08001b50   0x0000004c   Code   RO           61    .text.USART_Read    uart.o
    0x08001b9c   0x08001b9c   0x00000076   Code   RO           63    .text.USART_Write   uart.o
    0x08001c12   0x08001c12   0x00000002   PAD
    0x08001c14   0x08001c14   0x00000030   Code   RO           59    .text.__NVIC_EnableIRQ  uart.o
    0x08001c44   0x08001c44   0x00000030   Code   RO          101    .text.__NVIC_EnableIRQ  systimer.o
    0x08001c74   0x08001c74   0x00000042   Code   RO           57    .text.__NVIC_SetPriority  uart.o
    0x08001cb6   0x08001cb6   0x00000002   PAD
    0x08001cb8   0x08001cb8   0x00000042   Code   RO           99    .text.__NVIC_SetPriority  systimer.o
    0x08001cfa   0x08001cfa   0x00000002   PAD
    0x08001cfc   0x08001cfc   0x0000003e   Code   RO          105    .text.delay         systimer.o
    0x08001d3a   0x08001d3a   0x00000002   PAD
    0x08001d3c   0x08001d3c   0x0000001e   Code   RO           86    .text.fgetc         uart_printf.o
    0x08001d5a   0x08001d5a   0x00000002   PAD
    0x08001d5c   0x08001d5c   0x00000026   Code   RO           84    .text.fputc         uart_printf.o
    0x08001d82   0x08001d82   0x00000002   PAD
    0x08001d84   0x08001d84   0x0000003a   Code   RO            6    .text.main          main.o
    0x08001dbe   0x08001dbe   0x00000002   PAD
    0x08001dc0   0x08001dc0   0x00000066   Code   RO          115    .text.morse_lookup  char_to_morse.o
    0x08001e26   0x08001e26   0x00000002   PAD
    0x08001e28   0x08001e28   0x0000005c   Code   RO          121    .text.send_morse_char  char_to_morse.o
    0x08001e84   0x08001e84   0x0000002e   Code   RO          119    .text.send_morse_string  char_to_morse.o
    0x08001eb2   0x08001eb2   0x00000002   PAD
    0x08001eb4   0x08001eb4   0x0000002a   Code   RO          123    .text.send_symbol   char_to_morse.o
    0x08001ede   0x08001ede   0x00000002   PAD
    0x08001ee0   0x08001ee0   0x00000014   Code   RO          117    .text.unit_delay    char_to_morse.o
    0x08001ef4   0x08001ef4   0x0000003e   Code   RO          327    CL$$btod_d2e        c_w.l(btod.o)
    0x08001f32   0x08001f32   0x00000046   Code   RO          329    CL$$btod_d2e_denorm_low  c_w.l(btod.o)
    0x08001f78   0x08001f78   0x00000060   Code   RO          328    CL$$btod_d2e_norm_op1  c_w.l(btod.o)
    0x08001fd8   0x08001fd8   0x00000338   Code   RO          337    CL$$btod_div_common  c_w.l(btod.o)
    0x08002310   0x08002310   0x000000dc   Code   RO          334    CL$$btod_e2e        c_w.l(btod.o)
    0x080023ec   0x080023ec   0x0000002a   Code   RO          331    CL$$btod_ediv       c_w.l(btod.o)
    0x08002416   0x08002416   0x0000002a   Code   RO          330    CL$$btod_emul       c_w.l(btod.o)
    0x08002440   0x08002440   0x00000244   Code   RO          336    CL$$btod_mult_common  c_w.l(btod.o)
    0x08002684   0x08002684   0x00000030   Code   RO          365    i.__ARM_fpclassify  m_wm.l(fpclassify.o)
    0x080026b4   0x080026b4   0x0000000e   Code   RO          233    i._is_digit         c_w.l(__printf_wp.o)
    0x080026c2   0x080026c2   0x00000002   PAD
    0x080026c4   0x080026c4   0x0000002c   Code   RO          352    locale$$code        c_w.l(lc_numeric_c.o)
    0x080026f0   0x080026f0   0x0000002c   Code   RO          375    locale$$code        c_w.l(lc_ctype_c.o)
    0x0800271c   0x0800271c   0x0000001a   Code   RO          437    x$fpl$fpinit        fz_wm.l(fpinit.o)
    0x08002736   0x08002736   0x00000004   Code   RO          266    x$fpl$printf1       fz_wm.l(printf1.o)
    0x0800273a   0x0800273a   0x00000004   Code   RO          268    x$fpl$printf2       fz_wm.l(printf2.o)
    0x0800273e   0x0800273e   0x00000000   Code   RO          364    x$fpl$usenofp       fz_wm.l(usenofp.o)
    0x0800273e   0x0800273e   0x00000002   PAD
    0x08002740   0x08002740   0x00000008   Data   RO          192    .constdata          c_w.l(_printf_wctomb.o)
    0x08002748   0x08002748   0x00000028   Data   RO          221    .constdata          c_w.l(_printf_hex_int_ll_ptr.o)
    0x08002770   0x08002770   0x00000011   Data   RO          241    .constdata          c_w.l(__printf_flags_ss_wp.o)
    0x08002781   0x08002781   0x00000026   Data   RO          298    .constdata          c_w.l(_printf_fp_hex.o)
    0x080027a7   0x080027a7   0x00000001   PAD
    0x080027a8   0x080027a8   0x00000094   Data   RO          325    .constdata          c_w.l(bigflt0.o)
    0x0800283c   0x0800283c   0x00000082   Data   RO            9    .rodata.str1.1      main.o
    0x080028be   0x080028be   0x00000062   Data   RO          126    .rodata.str1.1      char_to_morse.o
    0x08002920   0x08002920   0x00000128   Data   RO          125    .rodata.table       char_to_morse.o
    0x08002a48   0x08002a48   0x00000010   Data   RO          512    Region$$Table       anon$$obj.o
    0x08002a58   0x08002a58   0x0000001c   Data   RO          351    locale$$data        c_w.l(lc_numeric_c.o)
    0x08002a74   0x08002a74   0x00000110   Data   RO          374    locale$$data        c_w.l(lc_ctype_c.o)


    Execution Region RW_IRAM1 (Exec base: 0x20000000, Load base: 0x08002b84, Size: 0x00000820, Max: 0x00018000, ABSOLUTE)

    Exec Addr    Load Addr    Size         Type   Attr      Idx    E Section Name        Object

    0x20000000        -       0x00000060   Zero   RW          368    .bss                c_w.l(libspace.o)
    0x20000060        -       0x00000054   Zero   RW           89    .bss.__stdin        uart_printf.o
    0x200000b4        -       0x00000054   Zero   RW           88    .bss.__stdout       uart_printf.o
    0x20000108        -       0x00000004   Zero   RW          107    .bss.msTicks        systimer.o
    0x2000010c        -       0x00000080   Zero   RW           75    .bss.rx_buffer      uart.o
    0x2000018c        -       0x00000004   Zero   RW           73    .bss.rx_head        uart.o
    0x20000190        -       0x00000004   Zero   RW           74    .bss.rx_tail        uart.o
    0x20000194        -       0x00000080   Zero   RW           76    .bss.tx_buffer      uart.o
    0x20000214        -       0x00000004   Zero   RW           71    .bss.tx_head        uart.o
    0x20000218        -       0x00000004   Zero   RW           72    .bss.tx_tail        uart.o
    0x2000021c   0x08002b84   0x00000004   PAD
    0x20000220        -       0x00000200   Zero   RW           19    HEAP                startup_stm32l476xx.o
    0x20000420        -       0x00000400   Zero   RW           18    STACK               startup_stm32l476xx.o


==============================================================================

Image component sizes


      Code (inc. data)   RO Data    RW Data    ZI Data      Debug   Object Name

       302          0        394          0          0       2230   char_to_morse.o
       120          0          0          0          0       1998   led.o
       298          0        130          0          0       2109   main.o
       140         48        392          0       1536        968   startup_stm32l476xx.o
       466          0          0          0          0       2164   sysclock.o
       282          0          0          0          4       4375   systimer.o
      1084          0          0          0        272       7174   uart.o
        68          0          0          0        168       1667   uart_printf.o

    ----------------------------------------------------------------------
      2788         48        932          0       1984      22685   Object Totals
         0          0         16          0          0          0   (incl. Generated)
        28          0          0          0          4          0   (incl. Padding)

    ----------------------------------------------------------------------

      Code (inc. data)   RO Data    RW Data    ZI Data      Debug   Library Member Name

         8          0          0          0          0         68   __main.o
       398          4         17          0          0         92   __printf_flags_ss_wp.o
        14          0          0          0          0         68   __printf_wp.o
         0          0          0          0          0          0   __rtentry.o
        12          0          0          0          0          0   __rtentry2.o
         6          0          0          0          0          0   __rtentry4.o
        94          8          0          0          0          0   __scatter.o
        28          0          0          0          0          0   __scatter_zi.o
        72          0          0          0          0         96   _c16rtomb.o
         6          0          0          0          0          0   _printf_a.o
         6          0          0          0          0          0   _printf_c.o
        44          0          0          0          0        108   _printf_char.o
        48          6          0          0          0         96   _printf_char_common.o
        36          4          0          0          0         80   _printf_char_file.o
        40          0          0          0          0         68   _printf_charcount.o
         6          0          0          0          0          0   _printf_d.o
       120         16          0          0          0         92   _printf_dec.o
         6          0          0          0          0          0   _printf_e.o
         6          0          0          0          0          0   _printf_f.o
      1058          0          0          0          0        148   _printf_fp_dec.o
       770          8         38          0          0        100   _printf_fp_hex.o
       128         16          0          0          0         84   _printf_fp_infnan.o
         6          0          0          0          0          0   _printf_g.o
       148          4         40          0          0        160   _printf_hex_int_ll_ptr.o
         6          0          0          0          0          0   _printf_i.o
       178          0          0          0          0         88   _printf_intcommon.o
        10          0          0          0          0          0   _printf_l.o
         6          0          0          0          0          0   _printf_lc.o
        10          0          0          0          0          0   _printf_ll.o
         6          0          0          0          0          0   _printf_lld.o
         6          0          0          0          0          0   _printf_lli.o
         6          0          0          0          0          0   _printf_llo.o
         6          0          0          0          0          0   _printf_llu.o
         6          0          0          0          0          0   _printf_llx.o
       124         16          0          0          0         92   _printf_longlong_dec.o
         6          0          0          0          0          0   _printf_ls.o
         6          0          0          0          0          0   _printf_n.o
         6          0          0          0          0          0   _printf_o.o
       112          8          0          0          0        124   _printf_oct_int_ll.o
         6          0          0          0          0          0   _printf_p.o
        78          0          0          0          0        108   _printf_pad.o
         0          0          0          0          0          0   _printf_percent.o
         4          0          0          0          0          0   _printf_percent_end.o
         6          0          0          0          0          0   _printf_s.o
        82          0          0          0          0         80   _printf_str.o
        36          0          0          0          0         84   _printf_truncate.o
         6          0          0          0          0          0   _printf_u.o
        44          0          0          0          0        108   _printf_wchar.o
       194          6          8          0          0         92   _printf_wctomb.o
         6          0          0          0          0          0   _printf_x.o
       228          4        148          0          0         96   bigflt0.o
      1936        128          0          0          0        668   btod.o
        18          0          0          0          0         80   exit.o
         8          0          0          0          0         68   ferror.o
         4          0          0          0          0         68   getc.o
         6          0          0          0          0        152   heapauxi.o
         0          0          0          0          0          0   indicate_semi.o
        44         10        272          0          0         76   lc_ctype_c.o
        44         10         28          0          0         76   lc_numeric_c.o
         2          0          0          0          0          0   libinit.o
        34          0          0          0          0          0   libinit2.o
         2          0          0          0          0          0   libshutdown.o
         2          0          0          0          0          0   libshutdown2.o
         8          4          0          0         96         68   libspace.o
       138          0          0          0          0         80   lludiv10.o
        24          4          0          0          0         84   printf.o
         4          0          0          0          0         68   putc.o
        16          4          0          0          0         76   rt_ctype_table.o
         8          4          0          0          0         68   rt_locale_intlibspace.o
         2          0          0          0          0          0   rtexit.o
        10          0          0          0          0          0   rtexit2.o
       124          0          0          0          0         88   strcmpv7em.o
        12          4          0          0          0         68   sys_exit.o
        74          0          0          0          0         80   sys_stackheap_outer.o
         2          0          0          0          0         68   use_no_semi.o
        26          0          0          0          0        116   fpinit.o
         4          0          0          0          0        116   printf1.o
         4          0          0          0          0        116   printf2.o
         0          0          0          0          0          0   usenofp.o
        48          0          0          0          0        124   fpclassify.o

    ----------------------------------------------------------------------
      6868        272        552          0         96       4540   Library Totals
        20          4          1          0          0          0   (incl. Padding)

    ----------------------------------------------------------------------

      Code (inc. data)   RO Data    RW Data    ZI Data      Debug   Library Name

      6766        268        551          0         96       4068   c_w.l
        34          0          0          0          0        348   fz_wm.l
        48          0          0          0          0        124   m_wm.l

    ----------------------------------------------------------------------
      6868        272        552          0         96       4540   Library Totals

    ----------------------------------------------------------------------

==============================================================================


      Code (inc. data)   RO Data    RW Data    ZI Data      Debug   

      9656        320       1484          0       2080      24721   Grand Totals
      9656        320       1484          0       2080      24721   ELF Image Totals
      9656        320       1484          0          0          0   ROM Totals

==============================================================================

    Total RO  Size (Code + RO Data)                11140 (  10.88kB)
    Total RW  Size (RW Data + ZI Data)              2080 (   2.03kB)
    Total ROM Size (Code + RO Data + RW Data)      11140 (  10.88kB)

==============================================================================

